#! /c/iverilog/bin/vvp
:ivl_version "0.9.7 " "(v0_9_7)";
:vpi_time_precision + 0;
:vpi_module "system";
:vpi_module "v2005_math";
:vpi_module "va_math";
S_01267928 .scope module, "G_To_B_Tb" "G_To_B_Tb" 2 3;
 .timescale 0 0;
v01268418_0 .var "I", 2 0;
RS_010F3FCC .resolv tri, L_012684C8, L_012685B0, L_01115128, C4<zzz>;
v01268470_0 .net8 "O", 2 0, RS_010F3FCC; 3 drivers
S_012679B0 .scope module, "dut" "G_To_B" 2 8, 3 3, S_01267928;
 .timescale 0 0;
L_01268578 .functor XOR 1, L_01268608, L_01115338, C4<0>, C4<0>;
L_01267A38 .functor XOR 1, L_011150D0, L_011156A8, C4<0>, C4<0>;
v012696C8_0 .net "I", 2 0, v01268418_0; 1 drivers
v01263F10_0 .alias "O", 2 0, v01268470_0;
v01263F68_0 .net *"_s10", 0 0, L_01268578; 1 drivers
v01263FC0_0 .net *"_s15", 0 0, L_011150D0; 1 drivers
v012616B8_0 .net *"_s17", 0 0, L_011156A8; 1 drivers
v01261710_0 .net *"_s18", 0 0, L_01267A38; 1 drivers
v01261768_0 .net *"_s3", 0 0, L_01268520; 1 drivers
v012617C0_0 .net *"_s7", 0 0, L_01268608; 1 drivers
v012683C0_0 .net *"_s9", 0 0, L_01115338; 1 drivers
L_012684C8 .part/pv L_01268520, 2, 1, 3;
L_01268520 .part v01268418_0, 2, 1;
L_012685B0 .part/pv L_01268578, 1, 1, 3;
L_01268608 .part v01268418_0, 1, 1;
L_01115338 .part v01268418_0, 2, 1;
L_01115128 .part/pv L_01267A38, 0, 1, 3;
L_011150D0 .part RS_010F3FCC, 1, 1;
L_011156A8 .part v01268418_0, 0, 1;
    .scope S_01267928;
T_0 ;
    %vpi_call 2 11 "$dumpfile", "G_To_B.vcd";
    %vpi_call 2 12 "$dumpvars", 1'sb0, S_01267928;
    %end;
    .thread T_0;
    .scope S_01267928;
T_1 ;
    %vpi_call 2 17 "$display", "------------------------------";
    %vpi_call 2 18 "$display", " I2 | I1 | I0 || Y2 | Y1 | Y0";
    %vpi_call 2 19 "$display", "------------------------------";
    %vpi_call 2 21 "$monitor", "  %b |  %b |  %b ||  %b |  %b | %b ", &PV<v01268418_0, 2, 1>, &PV<v01268418_0, 1, 1>, &PV<v01268418_0, 0, 1>, &PV<v01268470_0, 2, 1>, &PV<v01268470_0, 1, 1>, &PV<v01268470_0, 0, 1>;
    %set/v v01268418_0, 0, 3;
    %delay 10, 0;
    %movi 8, 1, 3;
    %set/v v01268418_0, 8, 3;
    %delay 10, 0;
    %movi 8, 3, 3;
    %set/v v01268418_0, 8, 3;
    %delay 10, 0;
    %movi 8, 2, 3;
    %set/v v01268418_0, 8, 3;
    %delay 10, 0;
    %movi 8, 6, 3;
    %set/v v01268418_0, 8, 3;
    %delay 10, 0;
    %set/v v01268418_0, 1, 3;
    %delay 10, 0;
    %movi 8, 5, 3;
    %set/v v01268418_0, 8, 3;
    %delay 10, 0;
    %movi 8, 4, 3;
    %set/v v01268418_0, 8, 3;
    %delay 10, 0;
    %vpi_call 2 31 "$finish";
    %end;
    .thread T_1;
# The file index is used to find the file name in the following table.
:file_names 4;
    "N/A";
    "<interactive>";
    "G_To_B_Tb.v";
    "./G_To_B.v";
