#! /c/iverilog/bin/vvp
:ivl_version "0.9.7 " "(v0_9_7)";
:vpi_time_precision + 0;
:vpi_module "system";
:vpi_module "v2005_math";
:vpi_module "va_math";
S_011642E0 .scope module, "Mux_4X1_Tb" "Mux_4X1_Tb" 2 3;
 .timescale 0 0;
v0116DC50_0 .var "I0", 0 0;
v0116DCA8_0 .var "I1", 0 0;
v0116DD00_0 .var "I2", 0 0;
v0116B318_0 .var "I3", 0 0;
v0116B370_0 .var "S", 1 0;
v0116B3C8_0 .net "Y", 0 0, v0116DBF8_0; 1 drivers
S_01161680 .scope module, "dut" "Mux_4X1" 2 9, 3 1, S_011642E0;
 .timescale 0 0;
v01161708_0 .net "I0", 0 0, v0116DC50_0; 1 drivers
v01161760_0 .net "I1", 0 0, v0116DCA8_0; 1 drivers
v0116DAF0_0 .net "I2", 0 0, v0116DD00_0; 1 drivers
v0116DB48_0 .net "I3", 0 0, v0116B318_0; 1 drivers
v0116DBA0_0 .net "S", 1 0, v0116B370_0; 1 drivers
v0116DBF8_0 .var "Y", 0 0;
E_01168F90/0 .event edge, v0116DBA0_0, v01161708_0, v01161760_0, v0116DAF0_0;
E_01168F90/1 .event edge, v0116DB48_0;
E_01168F90 .event/or E_01168F90/0, E_01168F90/1;
    .scope S_01161680;
T_0 ;
    %wait E_01168F90;
    %load/v 8, v0116DBA0_0, 2;
    %cmpi/u 8, 0, 2;
    %jmp/1 T_0.0, 6;
    %cmpi/u 8, 1, 2;
    %jmp/1 T_0.1, 6;
    %cmpi/u 8, 2, 2;
    %jmp/1 T_0.2, 6;
    %cmpi/u 8, 3, 2;
    %jmp/1 T_0.3, 6;
    %jmp T_0.4;
T_0.0 ;
    %load/v 8, v01161708_0, 1;
    %set/v v0116DBF8_0, 8, 1;
    %jmp T_0.4;
T_0.1 ;
    %load/v 8, v01161760_0, 1;
    %set/v v0116DBF8_0, 8, 1;
    %jmp T_0.4;
T_0.2 ;
    %load/v 8, v0116DAF0_0, 1;
    %set/v v0116DBF8_0, 8, 1;
    %jmp T_0.4;
T_0.3 ;
    %load/v 8, v0116DB48_0, 1;
    %set/v v0116DBF8_0, 8, 1;
    %jmp T_0.4;
T_0.4 ;
    %jmp T_0;
    .thread T_0, $push;
    .scope S_011642E0;
T_1 ;
    %vpi_call 2 12 "$dumpfile", "Mux_4X1.vcd";
    %vpi_call 2 13 "$dumpvars", 1'sb0, S_011642E0;
    %end;
    .thread T_1;
    .scope S_011642E0;
T_2 ;
    %vpi_call 2 18 "$display", "-------------------";
    %vpi_call 2 19 "$display", "   I  | S1 | S0 | Y";
    %vpi_call 2 20 "$display", "-------------------";
    %vpi_call 2 21 "$monitor", " %b%b%b%b | %b  | %b  | %b", v0116DC50_0, v0116DCA8_0, v0116DD00_0, v0116B318_0, &PV<v0116B370_0, 1, 1>, &PV<v0116B370_0, 0, 1>, v0116B3C8_0;
    %set/v v0116DC50_0, 0, 1;
    %set/v v0116DCA8_0, 1, 1;
    %set/v v0116DD00_0, 0, 1;
    %set/v v0116B318_0, 1, 1;
    %ix/load 0, 1, 0;
    %set/x0 v0116B370_0, 0, 1;
    %ix/load 0, 0, 0;
    %set/x0 v0116B370_0, 0, 1;
    %delay 10, 0;
    %ix/load 0, 1, 0;
    %set/x0 v0116B370_0, 0, 1;
    %ix/load 0, 0, 0;
    %set/x0 v0116B370_0, 1, 1;
    %delay 10, 0;
    %ix/load 0, 1, 0;
    %set/x0 v0116B370_0, 1, 1;
    %ix/load 0, 0, 0;
    %set/x0 v0116B370_0, 0, 1;
    %delay 10, 0;
    %ix/load 0, 1, 0;
    %set/x0 v0116B370_0, 1, 1;
    %ix/load 0, 0, 0;
    %set/x0 v0116B370_0, 1, 1;
    %delay 10, 0;
    %vpi_call 2 27 "$display", "-------------------";
    %ix/load 0, 1, 0;
    %set/x0 v0116B370_0, 1, 1;
    %ix/load 0, 0, 0;
    %set/x0 v0116B370_0, 1, 1;
    %set/v v0116DD00_0, 2, 1;
    %delay 10, 0;
    %ix/load 0, 1, 0;
    %set/x0 v0116B370_0, 1, 1;
    %ix/load 0, 0, 0;
    %set/x0 v0116B370_0, 1, 1;
    %set/v v0116B318_0, 2, 1;
    %delay 10, 0;
    %ix/load 0, 1, 0;
    %set/x0 v0116B370_0, 2, 1;
    %ix/load 0, 0, 0;
    %set/x0 v0116B370_0, 1, 1;
    %delay 10, 0;
    %ix/load 0, 1, 0;
    %set/x0 v0116B370_0, 2, 1;
    %ix/load 0, 0, 0;
    %set/x0 v0116B370_0, 3, 1;
    %delay 10, 0;
    %ix/load 0, 1, 0;
    %set/x0 v0116B370_0, 1, 1;
    %ix/load 0, 0, 0;
    %set/x0 v0116B370_0, 3, 1;
    %delay 10, 0;
    %delay 10, 0;
    %vpi_call 2 33 "$display", "-------------------";
    %vpi_call 2 34 "$finish";
    %end;
    .thread T_2;
# The file index is used to find the file name in the following table.
:file_names 4;
    "N/A";
    "<interactive>";
    "Mux_4X1_Tb.v";
    "./Mux_4X1.v";
