#! /c/iverilog/bin/vvp
:ivl_version "0.9.7 " "(v0_9_7)";
:vpi_time_precision + 0;
:vpi_module "system";
:vpi_module "v2005_math";
:vpi_module "va_math";
S_00AF79E0 .scope module, "B_To_G_Tb" "B_To_G_Tb" 2 3;
 .timescale 0 0;
v00AF8470_0 .var "I", 2 0;
RS_00A03FE4 .resolv tri, L_00AF8520, L_00A24C00, L_00A24E38, C4<zzz>;
v00AF84C8_0 .net8 "O", 2 0, RS_00A03FE4; 3 drivers
S_00AF3F08 .scope module, "dut" "B_To_G" 2 8, 3 3, S_00AF79E0;
 .timescale 0 0;
L_00AF8698 .functor XOR 1, L_00AF85B0, L_00AF8640, C4<0>, C4<0>;
L_00AF8608 .functor XOR 1, L_00A25200, L_00A25150, C4<0>, C4<0>;
v00AF96C8_0 .net "I", 2 0, v00AF8470_0; 1 drivers
v00AF3F90_0 .alias "O", 2 0, v00AF84C8_0;
v00AF3FE8_0 .net *"_s11", 0 0, L_00A25200; 1 drivers
v00AF16B8_0 .net *"_s13", 0 0, L_00A25150; 1 drivers
v00AF1710_0 .net *"_s14", 0 0, L_00AF8608; 1 drivers
v00AF1768_0 .net *"_s19", 0 0, L_00A24EE8; 1 drivers
v00AF17C0_0 .net *"_s3", 0 0, L_00AF85B0; 1 drivers
v00AF83C0_0 .net *"_s5", 0 0, L_00AF8640; 1 drivers
v00AF8418_0 .net *"_s6", 0 0, L_00AF8698; 1 drivers
L_00AF8520 .part/pv L_00AF8698, 0, 1, 3;
L_00AF85B0 .part v00AF8470_0, 1, 1;
L_00AF8640 .part v00AF8470_0, 0, 1;
L_00A24C00 .part/pv L_00AF8608, 1, 1, 3;
L_00A25200 .part v00AF8470_0, 1, 1;
L_00A25150 .part v00AF8470_0, 2, 1;
L_00A24E38 .part/pv L_00A24EE8, 2, 1, 3;
L_00A24EE8 .part v00AF8470_0, 2, 1;
    .scope S_00AF79E0;
T_0 ;
    %vpi_call 2 11 "$dumpfile", "B_To_G.vcd";
    %vpi_call 2 12 "$dumpvars", 1'sb0, S_00AF79E0;
    %end;
    .thread T_0;
    .scope S_00AF79E0;
T_1 ;
    %vpi_call 2 18 "$display", "------------------------------";
    %vpi_call 2 19 "$display", " I2 | I1 | I0 || Y2 | Y1 | Y0";
    %vpi_call 2 20 "$display", "------------------------------";
    %vpi_call 2 22 "$monitor", "  %b |  %b |  %b ||  %b |  %b | %b ", &PV<v00AF8470_0, 2, 1>, &PV<v00AF8470_0, 1, 1>, &PV<v00AF8470_0, 0, 1>, &PV<v00AF84C8_0, 2, 1>, &PV<v00AF84C8_0, 1, 1>, &PV<v00AF84C8_0, 0, 1>;
    %set/v v00AF8470_0, 0, 3;
    %delay 10, 0;
    %movi 8, 1, 3;
    %set/v v00AF8470_0, 8, 3;
    %delay 10, 0;
    %movi 8, 2, 3;
    %set/v v00AF8470_0, 8, 3;
    %delay 10, 0;
    %movi 8, 3, 3;
    %set/v v00AF8470_0, 8, 3;
    %delay 10, 0;
    %movi 8, 4, 3;
    %set/v v00AF8470_0, 8, 3;
    %delay 10, 0;
    %movi 8, 5, 3;
    %set/v v00AF8470_0, 8, 3;
    %delay 10, 0;
    %movi 8, 6, 3;
    %set/v v00AF8470_0, 8, 3;
    %delay 10, 0;
    %set/v v00AF8470_0, 1, 3;
    %delay 10, 0;
    %vpi_call 2 32 "$finish";
    %end;
    .thread T_1;
# The file index is used to find the file name in the following table.
:file_names 4;
    "N/A";
    "<interactive>";
    "B-To_G_Tb.v";
    "./B_To_G.v";
