#! /c/iverilog/bin/vvp
:ivl_version "0.9.7 " "(v0_9_7)";
:vpi_time_precision + 0;
:vpi_module "system";
:vpi_module "v2005_math";
:vpi_module "va_math";
S_012B2C70 .scope module, "XOR_Gate" "XOR_Gate" 2 1;
 .timescale 0 0;
v012B36E8_0 .net "A", 0 0, C4<z>; 0 drivers
v012B3F50_0 .net "B", 0 0, C4<z>; 0 drivers
v012BE830_0 .var "F", 0 0;
E_012B4060 .event edge, v012B36E8_0, v012B3F50_0;
    .scope S_012B2C70;
T_0 ;
    %wait E_012B4060;
    %load/v 8, v012B36E8_0, 1;
    %load/v 9, v012B3F50_0, 1;
    %xor 8, 9, 1;
    %set/v v012BE830_0, 8, 1;
    %jmp T_0;
    .thread T_0, $push;
# The file index is used to find the file name in the following table.
:file_names 3;
    "N/A";
    "<interactive>";
    "XOR_Gate.v";
