#! /c/iverilog/bin/vvp
:ivl_version "0.9.7 " "(v0_9_7)";
:vpi_time_precision + 0;
:vpi_module "system";
:vpi_module "v2005_math";
:vpi_module "va_math";
S_01324CB0 .scope module, "Priority_Encoder_4X2_Tb" "Priority_Encoder_4X2_Tb" 2 3;
 .timescale 0 0;
v0132EF68_0 .net "A0", 0 0, v01323190_0; 1 drivers
v0132A060_0 .net "A1", 0 0, v013231E8_0; 1 drivers
v0132A0B8_0 .var "I", 3 0;
v0132A110_0 .net "V", 0 0, v0132EF10_0; 1 drivers
S_01323108 .scope module, "dut" "Priority_Encoder_4X2" 2 8, 3 1, S_01324CB0;
 .timescale 0 0;
v01323190_0 .var "A0", 0 0;
v013231E8_0 .var "A1", 0 0;
v0132EEB8_0 .net "I", 3 0, v0132A0B8_0; 1 drivers
v0132EF10_0 .var "V", 0 0;
E_013270C8 .event edge, v0132EEB8_0;
    .scope S_01323108;
T_0 ;
    %wait E_013270C8;
    %load/v 8, v0132EEB8_0, 4;
    %mov 12, 0, 1;
    %cmpi/u 8, 0, 5;
    %jmp/0xz  T_0.0, 4;
    %set/v v0132EF10_0, 0, 1;
    %set/v v013231E8_0, 2, 1;
    %set/v v01323190_0, 2, 1;
    %jmp T_0.1;
T_0.0 ;
    %set/v v0132EF10_0, 1, 1;
    %load/v 8, v0132EEB8_0, 4;
    %cmpi/u 8, 1, 4;
    %jmp/1 T_0.2, 6;
    %cmpi/u 8, 2, 4;
    %jmp/1 T_0.3, 6;
    %cmpi/u 8, 4, 4;
    %jmp/1 T_0.4, 6;
    %cmpi/u 8, 8, 4;
    %jmp/1 T_0.5, 6;
    %jmp T_0.6;
T_0.2 ;
    %set/v v01323190_0, 0, 1;
    %set/v v013231E8_0, 0, 1;
    %jmp T_0.6;
T_0.3 ;
    %set/v v01323190_0, 0, 1;
    %set/v v013231E8_0, 1, 1;
    %jmp T_0.6;
T_0.4 ;
    %set/v v01323190_0, 1, 1;
    %set/v v013231E8_0, 0, 1;
    %jmp T_0.6;
T_0.5 ;
    %set/v v01323190_0, 1, 1;
    %set/v v013231E8_0, 1, 1;
    %jmp T_0.6;
T_0.6 ;
T_0.1 ;
    %jmp T_0;
    .thread T_0, $push;
    .scope S_01324CB0;
T_1 ;
    %vpi_call 2 11 "$monitor", $time, " I=%b, A1=%b, A0=%b, V=%b", v0132A0B8_0, v0132A060_0, v0132EF68_0, v0132A110_0;
    %vpi_call 2 12 "$dumpfile", "Priority_Encoder_4X2.vcd";
    %vpi_call 2 13 "$dumpvars", 1'sb0, S_01324CB0;
    %end;
    .thread T_1;
    .scope S_01324CB0;
T_2 ;
    %set/v v0132A0B8_0, 0, 4;
    %delay 10, 0;
    %movi 8, 1, 4;
    %set/v v0132A0B8_0, 8, 4;
    %delay 10, 0;
    %movi 8, 2, 4;
    %set/v v0132A0B8_0, 8, 4;
    %delay 10, 0;
    %movi 8, 4, 4;
    %set/v v0132A0B8_0, 8, 4;
    %delay 10, 0;
    %movi 8, 12, 4;
    %set/v v0132A0B8_0, 8, 4;
    %delay 10, 0;
    %movi 8, 8, 4;
    %set/v v0132A0B8_0, 8, 4;
    %delay 10, 0;
    %movi 8, 9, 4;
    %set/v v0132A0B8_0, 8, 4;
    %delay 10, 0;
    %set/v v0132A0B8_0, 1, 4;
    %delay 10, 0;
    %set/v v0132A0B8_0, 1, 4;
    %delay 10, 0;
    %movi 8, 14, 4;
    %set/v v0132A0B8_0, 8, 4;
    %delay 10, 0;
    %movi 8, 12, 4;
    %set/v v0132A0B8_0, 8, 4;
    %delay 10, 0;
    %movi 8, 10, 4;
    %set/v v0132A0B8_0, 8, 4;
    %delay 10, 0;
    %vpi_call 2 29 "$finish";
    %end;
    .thread T_2;
# The file index is used to find the file name in the following table.
:file_names 4;
    "N/A";
    "<interactive>";
    "Priority_Encoder_4X2_Tb.v";
    "./Priority_Encoder_4x2.v";
