#! /c/iverilog/bin/vvp
:ivl_version "0.9.7 " "(v0_9_7)";
:vpi_time_precision + 0;
:vpi_module "system";
:vpi_module "v2005_math";
:vpi_module "va_math";
S_01222C70 .scope module, "NAND_Gate" "NAND_Gate" 2 1;
 .timescale 0 0;
v012236E8_0 .net "A", 0 0, C4<z>; 0 drivers
v01223F50_0 .net "B", 0 0, C4<z>; 0 drivers
v0122E830_0 .var "F", 0 0;
E_012240E0 .event edge, v012236E8_0, v01223F50_0;
    .scope S_01222C70;
T_0 ;
    %wait E_012240E0;
    %load/v 8, v012236E8_0, 1;
    %load/v 9, v01223F50_0, 1;
    %and 8, 9, 1;
    %inv 8, 1;
    %set/v v0122E830_0, 8, 1;
    %jmp T_0;
    .thread T_0, $push;
# The file index is used to find the file name in the following table.
:file_names 3;
    "N/A";
    "<interactive>";
    "NAND_Gate.v";
