#! /c/iverilog/bin/vvp
:ivl_version "0.9.7 " "(v0_9_7)";
:vpi_time_precision - 12;
:vpi_module "system";
:vpi_module "v2005_math";
:vpi_module "va_math";
S_010FB178 .scope module, "Decoder_2X4_Tb" "Decoder_2X4_Tb" 2 4;
 .timescale -9 -12;
v01154F60_0 .var "A", 0 0;
v01154D50_0 .var "B", 0 0;
v01154C48_0 .net "I0", 0 0, L_010F7F38; 1 drivers
v01154DA8_0 .net "I1", 0 0, L_010F8018; 1 drivers
v01154CA0_0 .net "I2", 0 0, L_010F8088; 1 drivers
v01154CF8_0 .net "I3", 0 0, L_01155568; 1 drivers
S_010FAE48 .scope module, "dut" "Decoder_2X4" 2 9, 3 1, S_010FB178;
 .timescale -9 -12;
L_010F40A8 .functor NOT 1, v01154F60_0, C4<0>, C4<0>, C4<0>;
L_010F4118 .functor NOT 1, v01154D50_0, C4<0>, C4<0>, C4<0>;
L_010F7F38 .functor AND 1, L_010F40A8, L_010F4118, C4<1>, C4<1>;
L_010F8018 .functor AND 1, L_010F40A8, v01154D50_0, C4<1>, C4<1>;
L_010F8088 .functor AND 1, v01154F60_0, L_010F4118, C4<1>, C4<1>;
L_01155568 .functor AND 1, v01154F60_0, v01154D50_0, C4<1>, C4<1>;
v010F1688_0 .net "A", 0 0, v01154F60_0; 1 drivers
v010FEF70_0 .net "A_n", 0 0, L_010F40A8; 1 drivers
v010F16E0_0 .net "B", 0 0, v01154D50_0; 1 drivers
v010F3FF8_0 .net "B_n", 0 0, L_010F4118; 1 drivers
v010F4050_0 .alias "I0", 0 0, v01154C48_0;
v01155068_0 .alias "I1", 0 0, v01154DA8_0;
v011551C8_0 .alias "I2", 0 0, v01154CA0_0;
v01155380_0 .alias "I3", 0 0, v01154CF8_0;
    .scope S_010FB178;
T_0 ;
    %vpi_call 2 13 "$dumpfile", "Decoder_2X4.vcd";
    %vpi_call 2 14 "$dumpvars", 1'sb0, S_010FB178;
    %end;
    .thread T_0;
    .scope S_010FB178;
T_1 ;
    %vpi_call 2 19 "$display", "---------------------------";
    %vpi_call 2 20 "$display", " A | B || I0 | I1 | I2 | I3";
    %vpi_call 2 21 "$display", "---------------------------";
    %vpi_call 2 23 "$monitor", " %b | %b || %b  | %b  | %b  | %b ", v01154F60_0, v01154D50_0, v01154C48_0, v01154DA8_0, v01154CA0_0, v01154CF8_0;
    %set/v v01154F60_0, 0, 1;
    %set/v v01154D50_0, 0, 1;
    %delay 5000, 0;
    %set/v v01154F60_0, 0, 1;
    %set/v v01154D50_0, 1, 1;
    %delay 5000, 0;
    %set/v v01154F60_0, 1, 1;
    %set/v v01154D50_0, 0, 1;
    %delay 5000, 0;
    %set/v v01154F60_0, 1, 1;
    %set/v v01154D50_0, 1, 1;
    %delay 5000, 0;
    %vpi_call 2 28 "$display", "---------------------------";
    %vpi_call 2 29 "$finish";
    %end;
    .thread T_1;
# The file index is used to find the file name in the following table.
:file_names 4;
    "N/A";
    "<interactive>";
    "Decoder_2X4_Tb.v";
    "./Decoder_2X4.v";
