#! /c/iverilog/bin/vvp
:ivl_version "0.9.7 " "(v0_9_7)";
:vpi_time_precision + 0;
:vpi_module "system";
:vpi_module "v2005_math";
:vpi_module "va_math";
S_01208038 .scope module, "Mux_8X1_Tb" "Mux_8X1_Tb" 2 3;
 .timescale 0 0;
v011205D0_0 .var "I", 7 0;
v011206D8_0 .var "S", 2 0;
v0111FF48_0 .net "Y", 0 0, L_0114B178; 1 drivers
S_012080C0 .scope module, "dut" "Mux_8X1" 2 9, 3 6, S_01208038;
 .timescale 0 0;
v011203C0_0 .net "I", 0 7, v011205D0_0; 1 drivers
v011202B8_0 .net "M0", 0 0, L_01120CE0; 1 drivers
v0111FE98_0 .net "M1", 0 0, L_0114B1B0; 1 drivers
v01120310_0 .net "S", 2 0, v011206D8_0; 1 drivers
v0111FEF0_0 .alias "Y", 0 0, v0111FF48_0;
L_0111FFF8 .part v011205D0_0, 7, 1;
L_011207E0 .part v011205D0_0, 6, 1;
L_01120890 .part v011205D0_0, 5, 1;
L_01120A48 .part v011205D0_0, 4, 1;
L_01120B50 .part v011206D8_0, 1, 1;
L_01120C00 .part v011206D8_0, 0, 1;
L_01120AA0 .part v011205D0_0, 3, 1;
L_011208E8 .part v011205D0_0, 2, 1;
L_01120940 .part v011205D0_0, 1, 1;
L_011209F0 .part v011205D0_0, 0, 1;
L_01120998 .part v011206D8_0, 1, 1;
L_01120C58 .part v011206D8_0, 0, 1;
L_01120AF8 .part v011206D8_0, 2, 1;
S_01112E68 .scope module, "Mux0" "Mux_4X1" 3 14, 4 1, S_012080C0;
 .timescale 0 0;
L_01123AE0 .functor NOT 1, L_01120C00, C4<0>, C4<0>, C4<0>;
L_01123B18 .functor NOT 1, L_01120B50, C4<0>, C4<0>, C4<0>;
L_012015F8 .functor AND 1, L_0111FFF8, L_01123B18, L_01123AE0, C4<1>;
L_01120ED8 .functor AND 1, L_011207E0, L_01123B18, L_01120C00, C4<1>;
L_01120E30 .functor AND 1, L_01120890, L_01120B50, L_01123AE0, C4<1>;
L_01120DF8 .functor AND 1, L_01120A48, L_01120B50, L_01120C00, C4<1>;
L_01120CE0 .functor OR 1, L_012015F8, L_01120ED8, L_01120E30, L_01120DF8;
v01120680_0 .net "I0", 0 0, L_0111FFF8; 1 drivers
v011200A8_0 .net "I1", 0 0, L_011207E0; 1 drivers
v01120788_0 .net "I2", 0 0, L_01120890; 1 drivers
v0111FD38_0 .net "I3", 0 0, L_01120A48; 1 drivers
v01120628_0 .net "S0", 0 0, L_01120C00; 1 drivers
v0111FDE8_0 .net "S0_n", 0 0, L_01123AE0; 1 drivers
v01120470_0 .net "S1", 0 0, L_01120B50; 1 drivers
v01120730_0 .net "S1_n", 0 0, L_01123B18; 1 drivers
v0111FE40_0 .alias "Y", 0 0, v011202B8_0;
v01120158_0 .net "w0", 0 0, L_012015F8; 1 drivers
v011204C8_0 .net "w1", 0 0, L_01120ED8; 1 drivers
v01120578_0 .net "w2", 0 0, L_01120E30; 1 drivers
v01120368_0 .net "w3", 0 0, L_01120DF8; 1 drivers
S_01113000 .scope module, "Mux1" "Mux_4X1" 3 15, 4 1, S_012080C0;
 .timescale 0 0;
L_01120D88 .functor NOT 1, L_01120C58, C4<0>, C4<0>, C4<0>;
L_01120E68 .functor NOT 1, L_01120998, C4<0>, C4<0>, C4<0>;
L_01120F80 .functor AND 1, L_01120AA0, L_01120E68, L_01120D88, C4<1>;
L_0114AFF0 .functor AND 1, L_011208E8, L_01120E68, L_01120C58, C4<1>;
L_0114AD88 .functor AND 1, L_01120940, L_01120998, L_01120D88, C4<1>;
L_0114B2C8 .functor AND 1, L_011209F0, L_01120998, L_01120C58, C4<1>;
L_0114B1B0 .functor OR 1, L_01120F80, L_0114AFF0, L_0114AD88, L_0114B2C8;
v01209038_0 .net "I0", 0 0, L_01120AA0; 1 drivers
v01208A60_0 .net "I1", 0 0, L_011208E8; 1 drivers
v01208AB8_0 .net "I2", 0 0, L_01120940; 1 drivers
v0111FFA0_0 .net "I3", 0 0, L_011209F0; 1 drivers
v01120050_0 .net "S0", 0 0, L_01120C58; 1 drivers
v01120520_0 .net "S0_n", 0 0, L_01120D88; 1 drivers
v011201B0_0 .net "S1", 0 0, L_01120998; 1 drivers
v01120208_0 .net "S1_n", 0 0, L_01120E68; 1 drivers
v0111FD90_0 .alias "Y", 0 0, v0111FE98_0;
v01120418_0 .net "w0", 0 0, L_01120F80; 1 drivers
v01120260_0 .net "w1", 0 0, L_0114AFF0; 1 drivers
v01120100_0 .net "w2", 0 0, L_0114AD88; 1 drivers
v0111FCE0_0 .net "w3", 0 0, L_0114B2C8; 1 drivers
S_01113770 .scope module, "Mux2" "Mux_2X1" 3 16, 5 1, S_012080C0;
 .timescale 0 0;
L_0114AC70 .functor NOT 1, L_01120AF8, C4<0>, C4<0>, C4<0>;
L_0114ACE0 .functor AND 1, L_01120CE0, L_0114AC70, C4<1>, C4<1>;
L_0114B108 .functor AND 1, L_0114B1B0, L_01120AF8, C4<1>, C4<1>;
L_0114B178 .functor OR 1, L_0114ACE0, L_0114B108, C4<0>, C4<0>;
v01208CC8_0 .alias "I0", 0 0, v011202B8_0;
v01208958_0 .alias "I1", 0 0, v0111FE98_0;
v012089B0_0 .net "S", 0 0, L_01120AF8; 1 drivers
v01208D20_0 .alias "Y", 0 0, v0111FF48_0;
v01208F88_0 .net "w0", 0 0, L_0114AC70; 1 drivers
v01208F30_0 .net "w1", 0 0, L_0114ACE0; 1 drivers
v01208FE0_0 .net "w2", 0 0, L_0114B108; 1 drivers
    .scope S_01208038;
T_0 ;
    %vpi_call 2 12 "$dumpfile", "Mux_8X1.vcd";
    %vpi_call 2 13 "$dumpvars", 1'sb0, S_01208038;
    %end;
    .thread T_0;
    .scope S_01208038;
T_1 ;
    %vpi_call 2 17 "$monitor", $time, " I=%b  S=%b  Y=%b", v011205D0_0, v011206D8_0, v0111FF48_0;
    %movi 8, 154, 8;
    %set/v v011205D0_0, 8, 8;
    %set/v v011206D8_0, 0, 3;
    %delay 10, 0;
    %movi 8, 1, 3;
    %set/v v011206D8_0, 8, 3;
    %delay 10, 0;
    %movi 8, 2, 3;
    %set/v v011206D8_0, 8, 3;
    %delay 10, 0;
    %movi 8, 3, 3;
    %set/v v011206D8_0, 8, 3;
    %delay 10, 0;
    %movi 8, 4, 3;
    %set/v v011206D8_0, 8, 3;
    %delay 10, 0;
    %movi 8, 5, 3;
    %set/v v011206D8_0, 8, 3;
    %delay 10, 0;
    %movi 8, 6, 3;
    %set/v v011206D8_0, 8, 3;
    %delay 10, 0;
    %set/v v011206D8_0, 1, 3;
    %delay 10, 0;
    %vpi_call 2 28 "$finish";
    %end;
    .thread T_1;
# The file index is used to find the file name in the following table.
:file_names 6;
    "N/A";
    "<interactive>";
    "Mux_8X1_Tb.v";
    "./Mux_8X1.v";
    "./Mux_4X1.v";
    "./Mux_2X1.v";
