#! /c/iverilog/bin/vvp
:ivl_version "0.9.7 " "(v0_9_7)";
:vpi_time_precision - 12;
:vpi_module "system";
:vpi_module "v2005_math";
:vpi_module "va_math";
S_010E2F48 .scope module, "Logical_Gates_Tb" "Logical_Gates_Tb" 2 4;
 .timescale -9 -12;
v01123738_0 .var "A", 0 0;
v01123210_0 .net "AndG", 0 0, L_010E7720; 1 drivers
v01123420_0 .var "B", 0 0;
v01123268_0 .net "NandG", 0 0, L_01123908; 1 drivers
v01123630_0 .net "NorG", 0 0, L_01123A58; 1 drivers
v01123058_0 .net "NotG", 0 0, L_01123978; 1 drivers
v01123688_0 .net "OrG", 0 0, L_011238D0; 1 drivers
v011230B0_0 .net "XnorG", 0 0, L_01123A20; 1 drivers
v01123108_0 .net "XorG", 0 0, L_011239B0; 1 drivers
v01123528_0 .var/i "i", 31 0;
v01123580_0 .var/i "j", 31 0;
v01123160_0 .var "val", 3 0;
S_010E3058 .scope module, "DUT" "Logical_Gates" 2 11, 3 1, S_010E2F48;
 .timescale -9 -12;
L_010E7720 .functor AND 1, v01123738_0, v01123420_0, C4<1>, C4<1>;
L_01123B00 .functor AND 1, v01123738_0, v01123420_0, C4<1>, C4<1>;
L_01123908 .functor NOT 1, L_01123B00, C4<0>, C4<0>, C4<0>;
L_011238D0 .functor OR 1, v01123738_0, v01123420_0, C4<0>, C4<0>;
L_01123B70 .functor OR 1, v01123738_0, v01123420_0, C4<0>, C4<0>;
L_01123A58 .functor NOT 1, L_01123B70, C4<0>, C4<0>, C4<0>;
L_01123978 .functor NOT 1, v01123738_0, C4<0>, C4<0>, C4<0>;
L_011239B0 .functor XOR 1, v01123738_0, v01123420_0, C4<0>, C4<0>;
L_011239E8 .functor XOR 1, v01123738_0, v01123420_0, C4<0>, C4<0>;
L_01123A20 .functor NOT 1, L_011239E8, C4<0>, C4<0>, C4<0>;
v012BB688_0 .net "A", 0 0, v01123738_0; 1 drivers
v012BB6E0_0 .alias "AndG", 0 0, v01123210_0;
v010E7670_0 .net "B", 0 0, v01123420_0; 1 drivers
v010E76C8_0 .alias "NandG", 0 0, v01123268_0;
v010E91D0_0 .alias "NorG", 0 0, v01123630_0;
v010E9228_0 .alias "NotG", 0 0, v01123058_0;
v010E9280_0 .alias "OrG", 0 0, v01123688_0;
v011231B8_0 .alias "XnorG", 0 0, v011230B0_0;
v011236E0_0 .alias "XorG", 0 0, v01123108_0;
v01123318_0 .net *"_s16", 0 0, L_011239E8; 1 drivers
v01123370_0 .net *"_s2", 0 0, L_01123B00; 1 drivers
v01123790_0 .net *"_s8", 0 0, L_01123B70; 1 drivers
    .scope S_010E2F48;
T_0 ;
    %ix/load 0, 0, 0;
    %set/x0 v01123160_0, 0, 1;
    %ix/load 0, 1, 0;
    %set/x0 v01123160_0, 1, 1;
    %ix/load 0, 2, 0;
    %set/x0 v01123160_0, 2, 1;
    %ix/load 0, 3, 0;
    %set/x0 v01123160_0, 3, 1;
    %vpi_call 2 21 "$display", " And|  0   1   x   z";
    %vpi_call 2 22 "$display", "--------------------";
    %set/v v01123528_0, 0, 32;
T_0.0 ;
    %load/v 8, v01123528_0, 32;
   %cmpi/s 8, 4, 32;
    %jmp/0xz T_0.1, 5;
    %ix/getv/s 1, v01123528_0;
    %jmp/1 T_0.2, 4;
    %load/x1p 8, v01123160_0, 1;
    %jmp T_0.3;
T_0.2 ;
    %mov 8, 2, 1;
T_0.3 ;
; Save base=8 wid=1 in lookaside.
    %set/v v01123738_0, 8, 1;
    %vpi_call 2 26 "$write", " %b  | ", v01123738_0;
    %set/v v01123580_0, 0, 32;
T_0.4 ;
    %load/v 8, v01123580_0, 32;
   %cmpi/s 8, 4, 32;
    %jmp/0xz T_0.5, 5;
    %ix/getv/s 1, v01123580_0;
    %jmp/1 T_0.6, 4;
    %load/x1p 8, v01123160_0, 1;
    %jmp T_0.7;
T_0.6 ;
    %mov 8, 2, 1;
T_0.7 ;
; Save base=8 wid=1 in lookaside.
    %set/v v01123420_0, 8, 1;
    %delay 1000, 0;
    %vpi_call 2 29 "$write", " %b  ", v01123210_0;
    %ix/load 0, 1, 0;
    %load/vp0/s 8, v01123580_0, 32;
    %set/v v01123580_0, 8, 32;
    %jmp T_0.4;
T_0.5 ;
    %vpi_call 2 31 "$write", "\012";
    %ix/load 0, 1, 0;
    %load/vp0/s 8, v01123528_0, 32;
    %set/v v01123528_0, 8, 32;
    %jmp T_0.0;
T_0.1 ;
    %vpi_call 2 34 "$display", "\012\012";
    %vpi_call 2 36 "$display", "NAnd|  0   1   x   z";
    %vpi_call 2 37 "$display", "--------------------";
    %set/v v01123528_0, 0, 32;
T_0.8 ;
    %load/v 8, v01123528_0, 32;
   %cmpi/s 8, 4, 32;
    %jmp/0xz T_0.9, 5;
    %ix/getv/s 1, v01123528_0;
    %jmp/1 T_0.10, 4;
    %load/x1p 8, v01123160_0, 1;
    %jmp T_0.11;
T_0.10 ;
    %mov 8, 2, 1;
T_0.11 ;
; Save base=8 wid=1 in lookaside.
    %set/v v01123738_0, 8, 1;
    %vpi_call 2 41 "$write", " %b  | ", v01123738_0;
    %set/v v01123580_0, 0, 32;
T_0.12 ;
    %load/v 8, v01123580_0, 32;
   %cmpi/s 8, 4, 32;
    %jmp/0xz T_0.13, 5;
    %ix/getv/s 1, v01123580_0;
    %jmp/1 T_0.14, 4;
    %load/x1p 8, v01123160_0, 1;
    %jmp T_0.15;
T_0.14 ;
    %mov 8, 2, 1;
T_0.15 ;
; Save base=8 wid=1 in lookaside.
    %set/v v01123420_0, 8, 1;
    %delay 1000, 0;
    %vpi_call 2 44 "$write", " %b  ", v01123268_0;
    %ix/load 0, 1, 0;
    %load/vp0/s 8, v01123580_0, 32;
    %set/v v01123580_0, 8, 32;
    %jmp T_0.12;
T_0.13 ;
    %vpi_call 2 46 "$write", "\012";
    %ix/load 0, 1, 0;
    %load/vp0/s 8, v01123528_0, 32;
    %set/v v01123528_0, 8, 32;
    %jmp T_0.8;
T_0.9 ;
    %vpi_call 2 49 "$display", "\012\012";
    %vpi_call 2 51 "$display", " Or |  0   1   x   z";
    %vpi_call 2 52 "$display", "--------------------";
    %set/v v01123528_0, 0, 32;
T_0.16 ;
    %load/v 8, v01123528_0, 32;
   %cmpi/s 8, 4, 32;
    %jmp/0xz T_0.17, 5;
    %ix/getv/s 1, v01123528_0;
    %jmp/1 T_0.18, 4;
    %load/x1p 8, v01123160_0, 1;
    %jmp T_0.19;
T_0.18 ;
    %mov 8, 2, 1;
T_0.19 ;
; Save base=8 wid=1 in lookaside.
    %set/v v01123738_0, 8, 1;
    %vpi_call 2 56 "$write", " %b  | ", v01123738_0;
    %set/v v01123580_0, 0, 32;
T_0.20 ;
    %load/v 8, v01123580_0, 32;
   %cmpi/s 8, 4, 32;
    %jmp/0xz T_0.21, 5;
    %ix/getv/s 1, v01123580_0;
    %jmp/1 T_0.22, 4;
    %load/x1p 8, v01123160_0, 1;
    %jmp T_0.23;
T_0.22 ;
    %mov 8, 2, 1;
T_0.23 ;
; Save base=8 wid=1 in lookaside.
    %set/v v01123420_0, 8, 1;
    %delay 1000, 0;
    %vpi_call 2 59 "$write", " %b  ", v01123688_0;
    %ix/load 0, 1, 0;
    %load/vp0/s 8, v01123580_0, 32;
    %set/v v01123580_0, 8, 32;
    %jmp T_0.20;
T_0.21 ;
    %vpi_call 2 61 "$write", "\012";
    %ix/load 0, 1, 0;
    %load/vp0/s 8, v01123528_0, 32;
    %set/v v01123528_0, 8, 32;
    %jmp T_0.16;
T_0.17 ;
    %vpi_call 2 64 "$display", "\012\012";
    %vpi_call 2 66 "$display", " Nor|  0   1   x   z";
    %vpi_call 2 67 "$display", "--------------------";
    %set/v v01123528_0, 0, 32;
T_0.24 ;
    %load/v 8, v01123528_0, 32;
   %cmpi/s 8, 4, 32;
    %jmp/0xz T_0.25, 5;
    %ix/getv/s 1, v01123528_0;
    %jmp/1 T_0.26, 4;
    %load/x1p 8, v01123160_0, 1;
    %jmp T_0.27;
T_0.26 ;
    %mov 8, 2, 1;
T_0.27 ;
; Save base=8 wid=1 in lookaside.
    %set/v v01123738_0, 8, 1;
    %vpi_call 2 71 "$write", " %b  | ", v01123738_0;
    %set/v v01123580_0, 0, 32;
T_0.28 ;
    %load/v 8, v01123580_0, 32;
   %cmpi/s 8, 4, 32;
    %jmp/0xz T_0.29, 5;
    %ix/getv/s 1, v01123580_0;
    %jmp/1 T_0.30, 4;
    %load/x1p 8, v01123160_0, 1;
    %jmp T_0.31;
T_0.30 ;
    %mov 8, 2, 1;
T_0.31 ;
; Save base=8 wid=1 in lookaside.
    %set/v v01123420_0, 8, 1;
    %delay 1000, 0;
    %vpi_call 2 74 "$write", " %b  ", v01123630_0;
    %ix/load 0, 1, 0;
    %load/vp0/s 8, v01123580_0, 32;
    %set/v v01123580_0, 8, 32;
    %jmp T_0.28;
T_0.29 ;
    %vpi_call 2 76 "$write", "\012";
    %ix/load 0, 1, 0;
    %load/vp0/s 8, v01123528_0, 32;
    %set/v v01123528_0, 8, 32;
    %jmp T_0.24;
T_0.25 ;
    %vpi_call 2 79 "$display", "\012\012";
    %vpi_call 2 81 "$display", " Xor|  0   1   x   z";
    %vpi_call 2 82 "$display", "--------------------";
    %set/v v01123528_0, 0, 32;
T_0.32 ;
    %load/v 8, v01123528_0, 32;
   %cmpi/s 8, 4, 32;
    %jmp/0xz T_0.33, 5;
    %ix/getv/s 1, v01123528_0;
    %jmp/1 T_0.34, 4;
    %load/x1p 8, v01123160_0, 1;
    %jmp T_0.35;
T_0.34 ;
    %mov 8, 2, 1;
T_0.35 ;
; Save base=8 wid=1 in lookaside.
    %set/v v01123738_0, 8, 1;
    %vpi_call 2 86 "$write", " %b  | ", v01123738_0;
    %set/v v01123580_0, 0, 32;
T_0.36 ;
    %load/v 8, v01123580_0, 32;
   %cmpi/s 8, 4, 32;
    %jmp/0xz T_0.37, 5;
    %ix/getv/s 1, v01123580_0;
    %jmp/1 T_0.38, 4;
    %load/x1p 8, v01123160_0, 1;
    %jmp T_0.39;
T_0.38 ;
    %mov 8, 2, 1;
T_0.39 ;
; Save base=8 wid=1 in lookaside.
    %set/v v01123420_0, 8, 1;
    %delay 1000, 0;
    %vpi_call 2 89 "$write", " %b  ", v01123108_0;
    %ix/load 0, 1, 0;
    %load/vp0/s 8, v01123580_0, 32;
    %set/v v01123580_0, 8, 32;
    %jmp T_0.36;
T_0.37 ;
    %vpi_call 2 91 "$write", "\012";
    %ix/load 0, 1, 0;
    %load/vp0/s 8, v01123528_0, 32;
    %set/v v01123528_0, 8, 32;
    %jmp T_0.32;
T_0.33 ;
    %vpi_call 2 94 "$display", "\012\012";
    %vpi_call 2 96 "$display", " Xnor|  0   1   x   z";
    %vpi_call 2 97 "$display", "--------------------";
    %set/v v01123528_0, 0, 32;
T_0.40 ;
    %load/v 8, v01123528_0, 32;
   %cmpi/s 8, 4, 32;
    %jmp/0xz T_0.41, 5;
    %ix/getv/s 1, v01123528_0;
    %jmp/1 T_0.42, 4;
    %load/x1p 8, v01123160_0, 1;
    %jmp T_0.43;
T_0.42 ;
    %mov 8, 2, 1;
T_0.43 ;
; Save base=8 wid=1 in lookaside.
    %set/v v01123738_0, 8, 1;
    %vpi_call 2 101 "$write", " %b  | ", v01123738_0;
    %set/v v01123580_0, 0, 32;
T_0.44 ;
    %load/v 8, v01123580_0, 32;
   %cmpi/s 8, 4, 32;
    %jmp/0xz T_0.45, 5;
    %ix/getv/s 1, v01123580_0;
    %jmp/1 T_0.46, 4;
    %load/x1p 8, v01123160_0, 1;
    %jmp T_0.47;
T_0.46 ;
    %mov 8, 2, 1;
T_0.47 ;
; Save base=8 wid=1 in lookaside.
    %set/v v01123420_0, 8, 1;
    %delay 10000, 0;
    %vpi_call 2 104 "$write", " %b  ", v011230B0_0;
    %ix/load 0, 1, 0;
    %load/vp0/s 8, v01123580_0, 32;
    %set/v v01123580_0, 8, 32;
    %jmp T_0.44;
T_0.45 ;
    %vpi_call 2 106 "$write", "\012";
    %ix/load 0, 1, 0;
    %load/vp0/s 8, v01123528_0, 32;
    %set/v v01123528_0, 8, 32;
    %jmp T_0.40;
T_0.41 ;
    %vpi_call 2 109 "$display", "\012\012";
    %vpi_call 2 111 "$monitor", " %b |  %b", v01123738_0, v01123058_0;
    %vpi_call 2 112 "$display", " A | Not";
    %vpi_call 2 113 "$display", "--------";
    %set/v v01123738_0, 0, 1;
    %delay 5000, 0;
    %set/v v01123738_0, 1, 1;
    %delay 5000, 0;
    %set/v v01123738_0, 2, 1;
    %delay 5000, 0;
    %set/v v01123738_0, 3, 1;
    %delay 5000, 0;
    %vpi_call 2 118 "$finish";
    %end;
    .thread T_0;
# The file index is used to find the file name in the following table.
:file_names 4;
    "N/A";
    "<interactive>";
    "Logical_Gates_Tb.v";
    "./Logical_Gates.v";
