#! /c/iverilog/bin/vvp
:ivl_version "0.9.7 " "(v0_9_7)";
:vpi_time_precision + 0;
:vpi_module "system";
:vpi_module "v2005_math";
:vpi_module "va_math";
S_01131710 .scope module, "Encoder_4X2_Tb" "Encoder_4X2_Tb" 2 3;
 .timescale 0 0;
v0113EDB8_0 .net "A0", 0 0, L_01173278; 1 drivers
v0113EE10_0 .net "A1", 0 0, L_01133EE8; 1 drivers
v0113EE68_0 .var "D0", 0 0;
v0113EEC0_0 .var "D1", 0 0;
v0113EF18_0 .var "D2", 0 0;
v0113EF70_0 .var "D3", 0 0;
S_01133DB0 .scope module, "dut" "Encoder_4X2" 2 8, 3 1, S_01131710;
 .timescale 0 0;
L_01133EE8 .functor OR 1, v0113EF18_0, v0113EF70_0, C4<0>, C4<0>;
L_01173278 .functor OR 1, v0113EF70_0, v0113EEC0_0, C4<0>, C4<0>;
v01131798_0 .alias "A0", 0 0, v0113EDB8_0;
v01133E38_0 .alias "A1", 0 0, v0113EE10_0;
v01133E90_0 .net "D0", 0 0, v0113EE68_0; 1 drivers
v0113ECB0_0 .net "D1", 0 0, v0113EEC0_0; 1 drivers
v0113ED08_0 .net "D2", 0 0, v0113EF18_0; 1 drivers
v0113ED60_0 .net "D3", 0 0, v0113EF70_0; 1 drivers
    .scope S_01131710;
T_0 ;
    %vpi_call 2 11 "$dumpfile", "Encoder_4X2.vcd";
    %vpi_call 2 12 "$dumpvars", 1'sb0, S_01131710;
    %end;
    .thread T_0;
    .scope S_01131710;
T_1 ;
    %vpi_call 2 17 "$display", "--------------------------";
    %vpi_call 2 18 "$display", " D3| D2| D1| D0|| A1| A0";
    %vpi_call 2 19 "$display", "--------------------------";
    %vpi_call 2 21 "$monitor", " %b | %b | %b | %b || %b | %b", v0113EF70_0, v0113EF18_0, v0113EEC0_0, v0113EE68_0, v0113EE10_0, v0113EDB8_0;
    %movi 8, 1, 4;
    %set/v v0113EE68_0, 8, 1;
    %set/v v0113EEC0_0, 9, 1;
    %set/v v0113EF18_0, 10, 1;
    %set/v v0113EF70_0, 11, 1;
    %delay 10, 0;
    %movi 8, 2, 4;
    %set/v v0113EE68_0, 8, 1;
    %set/v v0113EEC0_0, 9, 1;
    %set/v v0113EF18_0, 10, 1;
    %set/v v0113EF70_0, 11, 1;
    %delay 10, 0;
    %movi 8, 4, 4;
    %set/v v0113EE68_0, 8, 1;
    %set/v v0113EEC0_0, 9, 1;
    %set/v v0113EF18_0, 10, 1;
    %set/v v0113EF70_0, 11, 1;
    %delay 10, 0;
    %movi 8, 8, 4;
    %set/v v0113EE68_0, 8, 1;
    %set/v v0113EEC0_0, 9, 1;
    %set/v v0113EF18_0, 10, 1;
    %set/v v0113EF70_0, 11, 1;
    %delay 10, 0;
    %vpi_call 2 27 "$finish";
    %end;
    .thread T_1;
# The file index is used to find the file name in the following table.
:file_names 4;
    "N/A";
    "<interactive>";
    "Encoder_4X2_Tb.v";
    "./Encoder_4x2.v";
