#! /c/iverilog/bin/vvp
:ivl_version "0.9.7 " "(v0_9_7)";
:vpi_time_precision + 0;
:vpi_module "system";
:vpi_module "v2005_math";
:vpi_module "va_math";
S_00AA1540 .scope module, "B_To_G" "B_To_G" 2 1;
 .timescale 0 0;
L_00AAE658 .functor BUF 1, L_00AAEBC0, C4<0>, C4<0>, C4<0>;
L_00AAEF40 .functor XOR 1, L_00AAEC18, L_00AAECC8, C4<0>, C4<0>;
L_0122B930 .functor XOR 1, L_00AAE900, L_00AAE6F0, C4<0>, C4<0>;
v00AA15C8_0 .net "B", 2 0, C4<zzz>; 0 drivers
RS_0120188C .resolv tri, L_00AAE600, L_00AAE850, L_00AAE7A0, C4<zzz>;
v00AA4E00_0 .net8 "G", 2 0, RS_0120188C; 3 drivers
v00AA4F90_0 .net *"_s0", 0 0, L_00AAE658; 1 drivers
v00AA4FE8_0 .net *"_s10", 0 0, L_0122B930; 1 drivers
v00AA5040_0 .net *"_s13", 0 0, L_00AAE900; 1 drivers
v00AA5098_0 .net *"_s15", 0 0, L_00AAE6F0; 1 drivers
v00AA50F0_0 .net *"_s3", 0 0, L_00AAEBC0; 1 drivers
v00AA5148_0 .net *"_s4", 0 0, L_00AAEF40; 1 drivers
v00AA51A0_0 .net *"_s7", 0 0, L_00AAEC18; 1 drivers
v00AAE5A8_0 .net *"_s9", 0 0, L_00AAECC8; 1 drivers
L_00AAE600 .part/pv L_00AAE658, 2, 1, 3;
L_00AAEBC0 .part C4<zzz>, 2, 1;
L_00AAE850 .part/pv L_00AAEF40, 1, 1, 3;
L_00AAEC18 .part C4<zzz>, 2, 1;
L_00AAECC8 .part C4<zzz>, 1, 1;
L_00AAE7A0 .part/pv L_0122B930, 0, 1, 3;
L_00AAE900 .part C4<zzz>, 1, 1;
L_00AAE6F0 .part C4<zzz>, 0, 1;
# The file index is used to find the file name in the following table.
:file_names 3;
    "N/A";
    "<interactive>";
    "B_To_G.v";
