#! /c/iverilog/bin/vvp
:ivl_version "0.9.7 " "(v0_9_7)";
:vpi_time_precision + 0;
:vpi_module "system";
:vpi_module "v2005_math";
:vpi_module "va_math";
S_011732A8 .scope module, "cla_tb" "cla_tb" 2 5;
 .timescale 0 0;
v011AD7C0_0 .var "A", 3 0;
v011ACFD8_0 .var "B", 3 0;
v011AD6B8_0 .var "C", 0 0;
v011ACED0_0 .net "carry", 0 0, L_01181080; 1 drivers
RS_01184334 .resolv tri, L_011ACE78, L_011ACF80, L_011AD030, L_011AD088;
v011AD660_0 .net8 "sum", 3 0, RS_01184334; 4 drivers
S_01173220 .scope module, "dut" "cla" 2 12, 3 2, S_011732A8;
 .timescale 0 0;
L_008FAC38 .functor XOR 1, L_011AD500, L_011ACC68, C4<0>, C4<0>;
L_01183D58 .functor XOR 1, L_011AD4A8, L_011ACCC0, C4<0>, C4<0>;
L_008F16D0 .functor XOR 1, L_011AD348, L_011AD1E8, C4<0>, C4<0>;
L_01183D20 .functor XOR 1, L_011ACE20, L_011AD558, C4<0>, C4<0>;
L_008F17B0 .functor AND 1, L_011ACD18, L_011AD710, C4<1>, C4<1>;
L_01180C90 .functor AND 1, L_011AD5B0, L_011ACDC8, C4<1>, C4<1>;
L_01180C20 .functor AND 1, L_011AD2F0, L_011ACD70, C4<1>, C4<1>;
L_01180DA8 .functor AND 1, L_011ACF28, L_011AD608, C4<1>, C4<1>;
L_01180C58 .functor AND 1, L_008FAC38, v011AD6B8_0, C4<1>, C4<1>;
L_01180CC8 .functor OR 1, L_008F17B0, L_01180C58, C4<0>, C4<0>;
L_01181240 .functor AND 1, L_01183D58, L_008FAC38, v011AD6B8_0, C4<1>;
L_011810F0 .functor AND 1, L_01183D58, L_008F17B0, C4<1>, C4<1>;
L_01181470 .functor OR 1, L_01180C90, L_01181240, L_011810F0, C4<0>;
L_01181160 .functor AND 1, L_008F16D0, L_01183D58, L_008FAC38, v011AD6B8_0;
L_011816D8 .functor AND 1, L_008F16D0, L_01183D58, L_008F17B0, C4<1>;
L_011813C8 .functor AND 1, L_008F16D0, L_01180C90, C4<1>, C4<1>;
L_01181320 .functor OR 1, L_01180C20, L_01181160, L_011816D8, L_011813C8;
L_011815F8/0/0 .functor AND 1, L_01183D20, L_008F16D0, L_01183D58, L_008FAC38;
L_011815F8/0/4 .functor AND 1, v011AD6B8_0, C4<1>, C4<1>, C4<1>;
L_011815F8 .functor AND 1, L_011815F8/0/0, L_011815F8/0/4, C4<1>, C4<1>;
L_01181010 .functor AND 1, L_01183D20, L_008F16D0, L_01183D58, L_008F17B0;
L_01181518 .functor AND 1, L_01183D20, L_008F16D0, L_01180C90, C4<1>;
L_011814A8 .functor AND 1, L_01183D20, L_01180C20, C4<1>, C4<1>;
L_01181080/0/0 .functor OR 1, L_01180DA8, L_011815F8, L_01181010, L_01181518;
L_01181080/0/4 .functor OR 1, L_011814A8, C4<0>, C4<0>, C4<0>;
L_01181080 .functor OR 1, L_01181080/0/0, L_01181080/0/4, C4<0>, C4<0>;
L_01181208 .functor XOR 1, L_008FAC38, v011AD6B8_0, C4<0>, C4<0>;
L_011812B0 .functor XOR 1, L_01183D58, L_01180CC8, C4<0>, C4<0>;
L_01181128 .functor XOR 1, L_008F16D0, L_01181470, C4<0>, C4<0>;
L_01181780 .functor XOR 1, L_01183D20, L_01181320, C4<0>, C4<0>;
v01173DD0_0 .net "A", 3 0, v011AD7C0_0; 1 drivers
v01173958_0 .net "B", 3 0, v011ACFD8_0; 1 drivers
v01173E28_0 .net "C", 0 0, v011AD6B8_0; 1 drivers
v01173F30_0 .net *"_s1", 0 0, L_011AD500; 1 drivers
v01173F88_0 .net *"_s11", 0 0, L_011AD1E8; 1 drivers
v01174140_0 .net *"_s13", 0 0, L_011ACE20; 1 drivers
v01173FE0_0 .net *"_s15", 0 0, L_011AD558; 1 drivers
v011740E8_0 .net *"_s17", 0 0, L_011ACD18; 1 drivers
v01174198_0 .net *"_s19", 0 0, L_011AD710; 1 drivers
v011741F0_0 .net *"_s21", 0 0, L_011AD5B0; 1 drivers
v01173AB8_0 .net *"_s23", 0 0, L_011ACDC8; 1 drivers
v01173BC0_0 .net *"_s25", 0 0, L_011AD2F0; 1 drivers
v011742F8_0 .net *"_s27", 0 0, L_011ACD70; 1 drivers
v01174350_0 .net *"_s29", 0 0, L_011ACF28; 1 drivers
v01173900_0 .net *"_s3", 0 0, L_011ACC68; 1 drivers
v011739B0_0 .net *"_s31", 0 0, L_011AD608; 1 drivers
v01173A08_0 .net *"_s32", 0 0, L_01181208; 1 drivers
v01173B10_0 .net *"_s34", 0 0, L_011812B0; 1 drivers
v01173B68_0 .net *"_s36", 0 0, L_01181128; 1 drivers
v011743A8_0 .net *"_s38", 0 0, L_01181780; 1 drivers
v01174718_0 .net *"_s5", 0 0, L_011AD4A8; 1 drivers
v011746C0_0 .net *"_s7", 0 0, L_011ACCC0; 1 drivers
v01174400_0 .net *"_s9", 0 0, L_011AD348; 1 drivers
v01174770_0 .net "c1", 0 0, L_01180CC8; 1 drivers
v011744B0_0 .net "c2", 0 0, L_01181470; 1 drivers
v01174668_0 .net "c3", 0 0, L_01181320; 1 drivers
v011747C8_0 .alias "carry", 0 0, v011ACED0_0;
v01174820_0 .net "g0", 0 0, L_008F17B0; 1 drivers
v01174610_0 .net "g1", 0 0, L_01180C90; 1 drivers
v01174458_0 .net "g2", 0 0, L_01180C20; 1 drivers
v01174508_0 .net "g3", 0 0, L_01180DA8; 1 drivers
v01174560_0 .net "p0", 0 0, L_008FAC38; 1 drivers
v011745B8_0 .net "p1", 0 0, L_01183D58; 1 drivers
v011AD870_0 .net "p2", 0 0, L_008F16D0; 1 drivers
v011AD818_0 .net "p3", 0 0, L_01183D20; 1 drivers
v011ADB30_0 .alias "sum", 3 0, v011AD660_0;
v011ADA80_0 .net "w0", 0 0, L_01180C58; 1 drivers
v011AD768_0 .net "w1", 0 0, L_01181240; 1 drivers
v011AD9D0_0 .net "w2", 0 0, L_011810F0; 1 drivers
v011AD920_0 .net "w3", 0 0, L_01181160; 1 drivers
v011AD8C8_0 .net "w4", 0 0, L_011816D8; 1 drivers
v011ADA28_0 .net "w5", 0 0, L_011813C8; 1 drivers
v011ADBE0_0 .net "w6", 0 0, L_011815F8; 1 drivers
v011AD978_0 .net "w7", 0 0, L_01181010; 1 drivers
v011ADAD8_0 .net "w8", 0 0, L_01181518; 1 drivers
v011ADB88_0 .net "w9", 0 0, L_011814A8; 1 drivers
L_011AD500 .part v011AD7C0_0, 0, 1;
L_011ACC68 .part v011ACFD8_0, 0, 1;
L_011AD4A8 .part v011AD7C0_0, 1, 1;
L_011ACCC0 .part v011ACFD8_0, 1, 1;
L_011AD348 .part v011AD7C0_0, 2, 1;
L_011AD1E8 .part v011ACFD8_0, 2, 1;
L_011ACE20 .part v011AD7C0_0, 3, 1;
L_011AD558 .part v011ACFD8_0, 3, 1;
L_011ACD18 .part v011AD7C0_0, 0, 1;
L_011AD710 .part v011ACFD8_0, 0, 1;
L_011AD5B0 .part v011AD7C0_0, 1, 1;
L_011ACDC8 .part v011ACFD8_0, 1, 1;
L_011AD2F0 .part v011AD7C0_0, 2, 1;
L_011ACD70 .part v011ACFD8_0, 2, 1;
L_011ACF28 .part v011AD7C0_0, 3, 1;
L_011AD608 .part v011ACFD8_0, 3, 1;
L_011ACE78 .part/pv L_01181208, 0, 1, 4;
L_011ACF80 .part/pv L_011812B0, 1, 1, 4;
L_011AD030 .part/pv L_01181128, 2, 1, 4;
L_011AD088 .part/pv L_01181780, 3, 1, 4;
    .scope S_011732A8;
T_0 ;
    %vpi_call 2 15 "$dumpfile", "cla.vcd";
    %vpi_call 2 16 "$dumpvars", 1'sb0, S_011732A8;
    %end;
    .thread T_0;
    .scope S_011732A8;
T_1 ;
    %vpi_call 2 21 "$display", "---------------------------------";
    %vpi_call 2 22 "$display", "  A   |  B   | C || Sum  | Carry";
    %vpi_call 2 23 "$display", "---------------------------------";
    %vpi_call 2 25 "$monitor", " %b | %b | %b || %b | %b ", v011AD7C0_0, v011ACFD8_0, v011AD6B8_0, v011AD660_0, v011ACED0_0;
    %movi 8, 13, 4;
    %set/v v011AD7C0_0, 8, 4;
    %movi 8, 9, 4;
    %set/v v011ACFD8_0, 8, 4;
    %set/v v011AD6B8_0, 1, 1;
    %delay 10, 0;
    %movi 8, 4, 4;
    %set/v v011AD7C0_0, 8, 4;
    %movi 8, 10, 4;
    %set/v v011ACFD8_0, 8, 4;
    %set/v v011AD6B8_0, 0, 1;
    %delay 10, 0;
    %set/v v011AD7C0_0, 1, 4;
    %movi 8, 6, 4;
    %set/v v011ACFD8_0, 8, 4;
    %set/v v011AD6B8_0, 0, 1;
    %delay 10, 0;
    %vpi_call 2 37 "$display", "---------------------------------";
    %vpi_call 2 38 "$finish";
    %end;
    .thread T_1;
# The file index is used to find the file name in the following table.
:file_names 4;
    "N/A";
    "<interactive>";
    "cla_tb.v";
    "./cla.v";
