#! /c/iverilog/bin/vvp
:ivl_version "0.9.7 " "(v0_9_7)";
:vpi_time_precision + 0;
:vpi_module "system";
:vpi_module "v2005_math";
:vpi_module "va_math";
S_012C3E90 .scope module, "G_To_B_Tb" "G_To_B_Tb" 2 3;
 .timescale 0 0;
v012C1798_0 .var "I", 2 0;
v012CED38_0 .net "O", 2 0, v012C1740_0; 1 drivers
S_012C16B8 .scope module, "dut" "G_To_B" 2 8, 3 1, S_012C3E90;
 .timescale 0 0;
v012C1740_0 .var "B", 2 0;
v012C9840_0 .net "G", 2 0, v012C1798_0; 1 drivers
E_011035D0 .event edge, v012C9840_0;
    .scope S_012C16B8;
T_0 ;
    %wait E_011035D0;
    %ix/load 1, 2, 0;
    %mov 4, 0, 1;
    %jmp/1 T_0.0, 4;
    %load/x1p 8, v012C9840_0, 1;
    %jmp T_0.1;
T_0.0 ;
    %mov 8, 2, 1;
T_0.1 ;
; Save base=8 wid=1 in lookaside.
    %ix/load 0, 2, 0;
    %set/x0 v012C1740_0, 8, 1;
    %ix/load 1, 2, 0;
    %mov 4, 0, 1;
    %jmp/1 T_0.2, 4;
    %load/x1p 8, v012C9840_0, 1;
    %jmp T_0.3;
T_0.2 ;
    %mov 8, 2, 1;
T_0.3 ;
; Save base=8 wid=1 in lookaside.
    %ix/load 1, 1, 0;
    %mov 4, 0, 1;
    %jmp/1 T_0.4, 4;
    %load/x1p 9, v012C9840_0, 1;
    %jmp T_0.5;
T_0.4 ;
    %mov 9, 2, 1;
T_0.5 ;
; Save base=9 wid=1 in lookaside.
    %xor 8, 9, 1;
    %ix/load 0, 1, 0;
    %set/x0 v012C1740_0, 8, 1;
    %ix/load 1, 2, 0;
    %mov 4, 0, 1;
    %jmp/1 T_0.6, 4;
    %load/x1p 8, v012C9840_0, 1;
    %jmp T_0.7;
T_0.6 ;
    %mov 8, 2, 1;
T_0.7 ;
; Save base=8 wid=1 in lookaside.
    %ix/load 1, 1, 0;
    %mov 4, 0, 1;
    %jmp/1 T_0.8, 4;
    %load/x1p 9, v012C9840_0, 1;
    %jmp T_0.9;
T_0.8 ;
    %mov 9, 2, 1;
T_0.9 ;
; Save base=9 wid=1 in lookaside.
    %xor 8, 9, 1;
    %load/v 9, v012C9840_0, 1; Only need 1 of 3 bits
; Save base=9 wid=1 in lookaside.
    %xor 8, 9, 1;
    %ix/load 0, 0, 0;
    %set/x0 v012C1740_0, 8, 1;
    %jmp T_0;
    .thread T_0, $push;
    .scope S_012C3E90;
T_1 ;
    %vpi_call 2 11 "$dumpfile", "G_To_B.vcd";
    %vpi_call 2 12 "$dumpvars", 1'sb0, S_012C3E90;
    %end;
    .thread T_1;
    .scope S_012C3E90;
T_2 ;
    %vpi_call 2 17 "$display", "------------------------------";
    %vpi_call 2 18 "$display", " I2 | I1 | I0 || Y2 | Y1 | Y0";
    %vpi_call 2 19 "$display", "------------------------------";
    %vpi_call 2 21 "$monitor", "  %b |  %b |  %b ||  %b |  %b | %b ", &PV<v012C1798_0, 2, 1>, &PV<v012C1798_0, 1, 1>, &PV<v012C1798_0, 0, 1>, &PV<v012CED38_0, 2, 1>, &PV<v012CED38_0, 1, 1>, &PV<v012CED38_0, 0, 1>;
    %set/v v012C1798_0, 0, 3;
    %delay 10, 0;
    %movi 8, 1, 3;
    %set/v v012C1798_0, 8, 3;
    %delay 10, 0;
    %movi 8, 3, 3;
    %set/v v012C1798_0, 8, 3;
    %delay 10, 0;
    %movi 8, 2, 3;
    %set/v v012C1798_0, 8, 3;
    %delay 10, 0;
    %movi 8, 6, 3;
    %set/v v012C1798_0, 8, 3;
    %delay 10, 0;
    %set/v v012C1798_0, 1, 3;
    %delay 10, 0;
    %movi 8, 5, 3;
    %set/v v012C1798_0, 8, 3;
    %delay 10, 0;
    %movi 8, 4, 3;
    %set/v v012C1798_0, 8, 3;
    %delay 10, 0;
    %vpi_call 2 31 "$finish";
    %end;
    .thread T_2;
# The file index is used to find the file name in the following table.
:file_names 4;
    "N/A";
    "<interactive>";
    "G_To_B_Tb.v";
    "./G_To_B.v";
