#! /c/iverilog/bin/vvp
:ivl_version "0.9.7 " "(v0_9_7)";
:vpi_time_precision - 12;
:vpi_module "system";
:vpi_module "v2005_math";
:vpi_module "va_math";
S_01104FE0 .scope module, "Logical_Gates_Tb" "Logical_Gates_Tb" 2 4;
 .timescale -9 -12;
v01111E98_0 .var "A", 0 0;
v01111EF0_0 .net "AndG", 0 0, v01116D50_0; 1 drivers
v012915A0_0 .var "B", 0 0;
v012915F8_0 .net "NandG", 0 0, v011030A0_0; 1 drivers
v01291650_0 .net "NorG", 0 0, v011030F8_0; 1 drivers
v012916A8_0 .net "NotG", 0 0, v01107F70_0; 1 drivers
v01144C30_0 .net "OrG", 0 0, v01107FC8_0; 1 drivers
v01144C88_0 .net "XnorG", 0 0, v01108020_0; 1 drivers
v01110EC8_0 .net "XorG", 0 0, v01111E40_0; 1 drivers
v011112E8_0 .var/i "i", 31 0;
v01111188_0 .var/i "j", 31 0;
v01110E70_0 .var "val", 3 0;
S_01105420 .scope module, "DUT" "Logical_Gates" 2 11, 3 1, S_01104FE0;
 .timescale -9 -12;
v011081C0_0 .net "A", 0 0, v01111E98_0; 1 drivers
v01116D50_0 .var "AndG", 0 0;
v01116DA8_0 .net "B", 0 0, v012915A0_0; 1 drivers
v011030A0_0 .var "NandG", 0 0;
v011030F8_0 .var "NorG", 0 0;
v01107F70_0 .var "NotG", 0 0;
v01107FC8_0 .var "OrG", 0 0;
v01108020_0 .var "XnorG", 0 0;
v01111E40_0 .var "XorG", 0 0;
E_01102610 .event edge, v011081C0_0, v01116DA8_0;
    .scope S_01105420;
T_0 ;
    %wait E_01102610;
    %load/v 8, v011081C0_0, 1;
    %jmp/0  T_0.0, 8;
    %load/v 9, v01116DA8_0, 1;
    %jmp/0  T_0.3, 9;
    %mov 10, 1, 1;
    %jmp/1  T_0.5, 9;
T_0.3 ; End of true expr.
    %jmp/0  T_0.4, 9;
 ; End of false expr.
    %blend  10, 0, 1; Condition unknown.
    %jmp  T_0.5;
T_0.4 ;
    %mov 10, 0, 1; Return false value
T_0.5 ;
    %jmp/1  T_0.2, 8;
T_0.0 ; End of true expr.
    %jmp/0  T_0.1, 8;
 ; End of false expr.
    %blend  10, 0, 1; Condition unknown.
    %jmp  T_0.2;
T_0.1 ;
    %mov 10, 0, 1; Return false value
T_0.2 ;
    %set/v v01116D50_0, 10, 1;
    %load/v 8, v011081C0_0, 1;
    %jmp/0  T_0.6, 8;
    %load/v 9, v01116DA8_0, 1;
    %jmp/0  T_0.9, 9;
    %mov 10, 0, 1;
    %jmp/1  T_0.11, 9;
T_0.9 ; End of true expr.
    %jmp/0  T_0.10, 9;
 ; End of false expr.
    %blend  10, 1, 1; Condition unknown.
    %jmp  T_0.11;
T_0.10 ;
    %mov 10, 1, 1; Return false value
T_0.11 ;
    %jmp/1  T_0.8, 8;
T_0.6 ; End of true expr.
    %jmp/0  T_0.7, 8;
 ; End of false expr.
    %blend  10, 1, 1; Condition unknown.
    %jmp  T_0.8;
T_0.7 ;
    %mov 10, 1, 1; Return false value
T_0.8 ;
    %set/v v011030A0_0, 10, 1;
    %load/v 8, v011081C0_0, 1;
    %jmp/0  T_0.12, 8;
    %mov 9, 1, 1;
    %jmp/1  T_0.14, 8;
T_0.12 ; End of true expr.
    %load/v 10, v01116DA8_0, 1;
    %jmp/0  T_0.15, 10;
    %mov 11, 1, 1;
    %jmp/1  T_0.17, 10;
T_0.15 ; End of true expr.
    %jmp/0  T_0.16, 10;
 ; End of false expr.
    %blend  11, 0, 1; Condition unknown.
    %jmp  T_0.17;
T_0.16 ;
    %mov 11, 0, 1; Return false value
T_0.17 ;
    %jmp/0  T_0.13, 8;
 ; End of false expr.
    %blend  9, 11, 1; Condition unknown.
    %jmp  T_0.14;
T_0.13 ;
    %mov 9, 11, 1; Return false value
T_0.14 ;
    %set/v v01107FC8_0, 9, 1;
    %load/v 8, v011081C0_0, 1;
    %jmp/0  T_0.18, 8;
    %mov 9, 0, 1;
    %jmp/1  T_0.20, 8;
T_0.18 ; End of true expr.
    %load/v 10, v01116DA8_0, 1;
    %jmp/0  T_0.21, 10;
    %mov 11, 0, 1;
    %jmp/1  T_0.23, 10;
T_0.21 ; End of true expr.
    %jmp/0  T_0.22, 10;
 ; End of false expr.
    %blend  11, 1, 1; Condition unknown.
    %jmp  T_0.23;
T_0.22 ;
    %mov 11, 1, 1; Return false value
T_0.23 ;
    %jmp/0  T_0.19, 8;
 ; End of false expr.
    %blend  9, 11, 1; Condition unknown.
    %jmp  T_0.20;
T_0.19 ;
    %mov 9, 11, 1; Return false value
T_0.20 ;
    %set/v v011030F8_0, 9, 1;
    %load/v 8, v011081C0_0, 1;
    %jmp/0  T_0.24, 8;
    %load/v 9, v01116DA8_0, 1;
    %jmp/0  T_0.27, 9;
    %mov 10, 0, 1;
    %jmp/1  T_0.29, 9;
T_0.27 ; End of true expr.
    %jmp/0  T_0.28, 9;
 ; End of false expr.
    %blend  10, 1, 1; Condition unknown.
    %jmp  T_0.29;
T_0.28 ;
    %mov 10, 1, 1; Return false value
T_0.29 ;
    %jmp/1  T_0.26, 8;
T_0.24 ; End of true expr.
    %load/v 9, v01116DA8_0, 1;
    %jmp/0  T_0.30, 9;
    %mov 11, 1, 1;
    %jmp/1  T_0.32, 9;
T_0.30 ; End of true expr.
    %jmp/0  T_0.31, 9;
 ; End of false expr.
    %blend  11, 0, 1; Condition unknown.
    %jmp  T_0.32;
T_0.31 ;
    %mov 11, 0, 1; Return false value
T_0.32 ;
    %jmp/0  T_0.25, 8;
 ; End of false expr.
    %blend  10, 11, 1; Condition unknown.
    %jmp  T_0.26;
T_0.25 ;
    %mov 10, 11, 1; Return false value
T_0.26 ;
    %set/v v01111E40_0, 10, 1;
    %load/v 8, v011081C0_0, 1;
    %jmp/0  T_0.33, 8;
    %load/v 9, v01116DA8_0, 1;
    %jmp/0  T_0.36, 9;
    %mov 10, 1, 1;
    %jmp/1  T_0.38, 9;
T_0.36 ; End of true expr.
    %jmp/0  T_0.37, 9;
 ; End of false expr.
    %blend  10, 0, 1; Condition unknown.
    %jmp  T_0.38;
T_0.37 ;
    %mov 10, 0, 1; Return false value
T_0.38 ;
    %jmp/1  T_0.35, 8;
T_0.33 ; End of true expr.
    %load/v 9, v01116DA8_0, 1;
    %jmp/0  T_0.39, 9;
    %mov 11, 0, 1;
    %jmp/1  T_0.41, 9;
T_0.39 ; End of true expr.
    %jmp/0  T_0.40, 9;
 ; End of false expr.
    %blend  11, 1, 1; Condition unknown.
    %jmp  T_0.41;
T_0.40 ;
    %mov 11, 1, 1; Return false value
T_0.41 ;
    %jmp/0  T_0.34, 8;
 ; End of false expr.
    %blend  10, 11, 1; Condition unknown.
    %jmp  T_0.35;
T_0.34 ;
    %mov 10, 11, 1; Return false value
T_0.35 ;
    %set/v v01108020_0, 10, 1;
    %load/v 8, v011081C0_0, 1;
    %jmp/0  T_0.42, 8;
    %mov 9, 0, 1;
    %jmp/1  T_0.44, 8;
T_0.42 ; End of true expr.
    %jmp/0  T_0.43, 8;
 ; End of false expr.
    %blend  9, 1, 1; Condition unknown.
    %jmp  T_0.44;
T_0.43 ;
    %mov 9, 1, 1; Return false value
T_0.44 ;
    %set/v v01107F70_0, 9, 1;
    %jmp T_0;
    .thread T_0, $push;
    .scope S_01104FE0;
T_1 ;
    %ix/load 0, 0, 0;
    %set/x0 v01110E70_0, 0, 1;
    %ix/load 0, 1, 0;
    %set/x0 v01110E70_0, 1, 1;
    %ix/load 0, 2, 0;
    %set/x0 v01110E70_0, 2, 1;
    %ix/load 0, 3, 0;
    %set/x0 v01110E70_0, 3, 1;
    %vpi_call 2 21 "$display", " And|  0   1   x   z";
    %vpi_call 2 22 "$display", "--------------------";
    %set/v v011112E8_0, 0, 32;
T_1.0 ;
    %load/v 8, v011112E8_0, 32;
   %cmpi/s 8, 4, 32;
    %jmp/0xz T_1.1, 5;
    %ix/getv/s 1, v011112E8_0;
    %jmp/1 T_1.2, 4;
    %load/x1p 8, v01110E70_0, 1;
    %jmp T_1.3;
T_1.2 ;
    %mov 8, 2, 1;
T_1.3 ;
; Save base=8 wid=1 in lookaside.
    %set/v v01111E98_0, 8, 1;
    %vpi_call 2 26 "$write", " %b  | ", v01111E98_0;
    %set/v v01111188_0, 0, 32;
T_1.4 ;
    %load/v 8, v01111188_0, 32;
   %cmpi/s 8, 4, 32;
    %jmp/0xz T_1.5, 5;
    %ix/getv/s 1, v01111188_0;
    %jmp/1 T_1.6, 4;
    %load/x1p 8, v01110E70_0, 1;
    %jmp T_1.7;
T_1.6 ;
    %mov 8, 2, 1;
T_1.7 ;
; Save base=8 wid=1 in lookaside.
    %set/v v012915A0_0, 8, 1;
    %delay 1000, 0;
    %vpi_call 2 29 "$write", " %b  ", v01111EF0_0;
    %ix/load 0, 1, 0;
    %load/vp0/s 8, v01111188_0, 32;
    %set/v v01111188_0, 8, 32;
    %jmp T_1.4;
T_1.5 ;
    %vpi_call 2 31 "$write", "\012";
    %ix/load 0, 1, 0;
    %load/vp0/s 8, v011112E8_0, 32;
    %set/v v011112E8_0, 8, 32;
    %jmp T_1.0;
T_1.1 ;
    %vpi_call 2 34 "$display", "\012\012";
    %vpi_call 2 36 "$display", "NAnd|  0   1   x   z";
    %vpi_call 2 37 "$display", "--------------------";
    %set/v v011112E8_0, 0, 32;
T_1.8 ;
    %load/v 8, v011112E8_0, 32;
   %cmpi/s 8, 4, 32;
    %jmp/0xz T_1.9, 5;
    %ix/getv/s 1, v011112E8_0;
    %jmp/1 T_1.10, 4;
    %load/x1p 8, v01110E70_0, 1;
    %jmp T_1.11;
T_1.10 ;
    %mov 8, 2, 1;
T_1.11 ;
; Save base=8 wid=1 in lookaside.
    %set/v v01111E98_0, 8, 1;
    %vpi_call 2 41 "$write", " %b  | ", v01111E98_0;
    %set/v v01111188_0, 0, 32;
T_1.12 ;
    %load/v 8, v01111188_0, 32;
   %cmpi/s 8, 4, 32;
    %jmp/0xz T_1.13, 5;
    %ix/getv/s 1, v01111188_0;
    %jmp/1 T_1.14, 4;
    %load/x1p 8, v01110E70_0, 1;
    %jmp T_1.15;
T_1.14 ;
    %mov 8, 2, 1;
T_1.15 ;
; Save base=8 wid=1 in lookaside.
    %set/v v012915A0_0, 8, 1;
    %delay 1000, 0;
    %vpi_call 2 44 "$write", " %b  ", v012915F8_0;
    %ix/load 0, 1, 0;
    %load/vp0/s 8, v01111188_0, 32;
    %set/v v01111188_0, 8, 32;
    %jmp T_1.12;
T_1.13 ;
    %vpi_call 2 46 "$write", "\012";
    %ix/load 0, 1, 0;
    %load/vp0/s 8, v011112E8_0, 32;
    %set/v v011112E8_0, 8, 32;
    %jmp T_1.8;
T_1.9 ;
    %vpi_call 2 49 "$display", "\012\012";
    %vpi_call 2 51 "$display", " Or |  0   1   x   z";
    %vpi_call 2 52 "$display", "--------------------";
    %set/v v011112E8_0, 0, 32;
T_1.16 ;
    %load/v 8, v011112E8_0, 32;
   %cmpi/s 8, 4, 32;
    %jmp/0xz T_1.17, 5;
    %ix/getv/s 1, v011112E8_0;
    %jmp/1 T_1.18, 4;
    %load/x1p 8, v01110E70_0, 1;
    %jmp T_1.19;
T_1.18 ;
    %mov 8, 2, 1;
T_1.19 ;
; Save base=8 wid=1 in lookaside.
    %set/v v01111E98_0, 8, 1;
    %vpi_call 2 56 "$write", " %b  | ", v01111E98_0;
    %set/v v01111188_0, 0, 32;
T_1.20 ;
    %load/v 8, v01111188_0, 32;
   %cmpi/s 8, 4, 32;
    %jmp/0xz T_1.21, 5;
    %ix/getv/s 1, v01111188_0;
    %jmp/1 T_1.22, 4;
    %load/x1p 8, v01110E70_0, 1;
    %jmp T_1.23;
T_1.22 ;
    %mov 8, 2, 1;
T_1.23 ;
; Save base=8 wid=1 in lookaside.
    %set/v v012915A0_0, 8, 1;
    %delay 1000, 0;
    %vpi_call 2 59 "$write", " %b  ", v01144C30_0;
    %ix/load 0, 1, 0;
    %load/vp0/s 8, v01111188_0, 32;
    %set/v v01111188_0, 8, 32;
    %jmp T_1.20;
T_1.21 ;
    %vpi_call 2 61 "$write", "\012";
    %ix/load 0, 1, 0;
    %load/vp0/s 8, v011112E8_0, 32;
    %set/v v011112E8_0, 8, 32;
    %jmp T_1.16;
T_1.17 ;
    %vpi_call 2 64 "$display", "\012\012";
    %vpi_call 2 66 "$display", " Nor|  0   1   x   z";
    %vpi_call 2 67 "$display", "--------------------";
    %set/v v011112E8_0, 0, 32;
T_1.24 ;
    %load/v 8, v011112E8_0, 32;
   %cmpi/s 8, 4, 32;
    %jmp/0xz T_1.25, 5;
    %ix/getv/s 1, v011112E8_0;
    %jmp/1 T_1.26, 4;
    %load/x1p 8, v01110E70_0, 1;
    %jmp T_1.27;
T_1.26 ;
    %mov 8, 2, 1;
T_1.27 ;
; Save base=8 wid=1 in lookaside.
    %set/v v01111E98_0, 8, 1;
    %vpi_call 2 71 "$write", " %b  | ", v01111E98_0;
    %set/v v01111188_0, 0, 32;
T_1.28 ;
    %load/v 8, v01111188_0, 32;
   %cmpi/s 8, 4, 32;
    %jmp/0xz T_1.29, 5;
    %ix/getv/s 1, v01111188_0;
    %jmp/1 T_1.30, 4;
    %load/x1p 8, v01110E70_0, 1;
    %jmp T_1.31;
T_1.30 ;
    %mov 8, 2, 1;
T_1.31 ;
; Save base=8 wid=1 in lookaside.
    %set/v v012915A0_0, 8, 1;
    %delay 1000, 0;
    %vpi_call 2 74 "$write", " %b  ", v01291650_0;
    %ix/load 0, 1, 0;
    %load/vp0/s 8, v01111188_0, 32;
    %set/v v01111188_0, 8, 32;
    %jmp T_1.28;
T_1.29 ;
    %vpi_call 2 76 "$write", "\012";
    %ix/load 0, 1, 0;
    %load/vp0/s 8, v011112E8_0, 32;
    %set/v v011112E8_0, 8, 32;
    %jmp T_1.24;
T_1.25 ;
    %vpi_call 2 79 "$display", "\012\012";
    %vpi_call 2 81 "$display", " Xor|  0   1   x   z";
    %vpi_call 2 82 "$display", "--------------------";
    %set/v v011112E8_0, 0, 32;
T_1.32 ;
    %load/v 8, v011112E8_0, 32;
   %cmpi/s 8, 4, 32;
    %jmp/0xz T_1.33, 5;
    %ix/getv/s 1, v011112E8_0;
    %jmp/1 T_1.34, 4;
    %load/x1p 8, v01110E70_0, 1;
    %jmp T_1.35;
T_1.34 ;
    %mov 8, 2, 1;
T_1.35 ;
; Save base=8 wid=1 in lookaside.
    %set/v v01111E98_0, 8, 1;
    %vpi_call 2 86 "$write", " %b  | ", v01111E98_0;
    %set/v v01111188_0, 0, 32;
T_1.36 ;
    %load/v 8, v01111188_0, 32;
   %cmpi/s 8, 4, 32;
    %jmp/0xz T_1.37, 5;
    %ix/getv/s 1, v01111188_0;
    %jmp/1 T_1.38, 4;
    %load/x1p 8, v01110E70_0, 1;
    %jmp T_1.39;
T_1.38 ;
    %mov 8, 2, 1;
T_1.39 ;
; Save base=8 wid=1 in lookaside.
    %set/v v012915A0_0, 8, 1;
    %delay 1000, 0;
    %vpi_call 2 89 "$write", " %b  ", v01110EC8_0;
    %ix/load 0, 1, 0;
    %load/vp0/s 8, v01111188_0, 32;
    %set/v v01111188_0, 8, 32;
    %jmp T_1.36;
T_1.37 ;
    %vpi_call 2 91 "$write", "\012";
    %ix/load 0, 1, 0;
    %load/vp0/s 8, v011112E8_0, 32;
    %set/v v011112E8_0, 8, 32;
    %jmp T_1.32;
T_1.33 ;
    %vpi_call 2 94 "$display", "\012\012";
    %vpi_call 2 96 "$display", " Xnor|  0   1   x   z";
    %vpi_call 2 97 "$display", "--------------------";
    %set/v v011112E8_0, 0, 32;
T_1.40 ;
    %load/v 8, v011112E8_0, 32;
   %cmpi/s 8, 4, 32;
    %jmp/0xz T_1.41, 5;
    %ix/getv/s 1, v011112E8_0;
    %jmp/1 T_1.42, 4;
    %load/x1p 8, v01110E70_0, 1;
    %jmp T_1.43;
T_1.42 ;
    %mov 8, 2, 1;
T_1.43 ;
; Save base=8 wid=1 in lookaside.
    %set/v v01111E98_0, 8, 1;
    %vpi_call 2 101 "$write", " %b  | ", v01111E98_0;
    %set/v v01111188_0, 0, 32;
T_1.44 ;
    %load/v 8, v01111188_0, 32;
   %cmpi/s 8, 4, 32;
    %jmp/0xz T_1.45, 5;
    %ix/getv/s 1, v01111188_0;
    %jmp/1 T_1.46, 4;
    %load/x1p 8, v01110E70_0, 1;
    %jmp T_1.47;
T_1.46 ;
    %mov 8, 2, 1;
T_1.47 ;
; Save base=8 wid=1 in lookaside.
    %set/v v012915A0_0, 8, 1;
    %delay 10000, 0;
    %vpi_call 2 104 "$write", " %b  ", v01144C88_0;
    %ix/load 0, 1, 0;
    %load/vp0/s 8, v01111188_0, 32;
    %set/v v01111188_0, 8, 32;
    %jmp T_1.44;
T_1.45 ;
    %vpi_call 2 106 "$write", "\012";
    %ix/load 0, 1, 0;
    %load/vp0/s 8, v011112E8_0, 32;
    %set/v v011112E8_0, 8, 32;
    %jmp T_1.40;
T_1.41 ;
    %vpi_call 2 109 "$display", "\012\012";
    %vpi_call 2 111 "$monitor", " %b |  %b", v01111E98_0, v012916A8_0;
    %vpi_call 2 112 "$display", " A | Not";
    %vpi_call 2 113 "$display", "--------";
    %set/v v01111E98_0, 0, 1;
    %delay 5000, 0;
    %set/v v01111E98_0, 1, 1;
    %delay 5000, 0;
    %set/v v01111E98_0, 2, 1;
    %delay 5000, 0;
    %set/v v01111E98_0, 3, 1;
    %delay 5000, 0;
    %vpi_call 2 118 "$finish";
    %end;
    .thread T_1;
# The file index is used to find the file name in the following table.
:file_names 4;
    "N/A";
    "<interactive>";
    "Logical_Gates_Tb.v";
    "./Logical_Gates.v";
