#! /c/iverilog/bin/vvp
:ivl_version "0.9.7 " "(v0_9_7)";
:vpi_time_precision - 12;
:vpi_module "system";
:vpi_module "v2005_math";
:vpi_module "va_math";
S_01221698 .scope module, "Mux_2X1_Tb" "Mux_2X1_Tb" 2 4;
 .timescale -9 -12;
v0122D308_0 .var "I0", 0 0;
v0122D360_0 .var "I1", 0 0;
v0122B290_0 .var "S", 0 0;
v0122B810_0 .net "Y", 0 0, L_01110B00; 1 drivers
S_01223EA8 .scope module, "uut" "Mux_2X1" 2 9, 3 1, S_01221698;
 .timescale -9 -12;
L_01223FE0 .functor NOT 1, v0122B290_0, C4<0>, C4<0>, C4<0>;
L_0122B968 .functor AND 1, v0122D308_0, L_01223FE0, C4<1>, C4<1>;
L_01110BE0 .functor AND 1, v0122D360_0, v0122B290_0, C4<1>, C4<1>;
L_01110B00 .functor OR 1, L_0122B968, L_01110BE0, C4<0>, C4<0>;
v01221720_0 .net "I0", 0 0, v0122D308_0; 1 drivers
v01223F30_0 .net "I1", 0 0, v0122D360_0; 1 drivers
v01223F88_0 .net "S", 0 0, v0122B290_0; 1 drivers
v0122D1A8_0 .alias "Y", 0 0, v0122B810_0;
v0122D200_0 .net "w0", 0 0, L_01223FE0; 1 drivers
v0122D258_0 .net "w1", 0 0, L_0122B968; 1 drivers
v0122D2B0_0 .net "w2", 0 0, L_01110BE0; 1 drivers
    .scope S_01221698;
T_0 ;
    %vpi_call 2 12 "$dumpfile", "Mux_2X1.vcd";
    %vpi_call 2 13 "$dumpvars", 1'sb0, S_01221698;
    %end;
    .thread T_0;
    .scope S_01221698;
T_1 ;
    %vpi_call 2 18 "$display", "-------------";
    %vpi_call 2 19 "$display", "I0| I1| S | Y";
    %vpi_call 2 20 "$display", "-------------";
    %vpi_call 2 21 "$monitor", "%b | %b | %b | %b", v0122D308_0, v0122D360_0, v0122B290_0, v0122B810_0;
    %set/v v0122D308_0, 0, 1;
    %set/v v0122D360_0, 0, 1;
    %set/v v0122B290_0, 0, 1;
    %delay 10000, 0;
    %set/v v0122D308_0, 0, 1;
    %set/v v0122D360_0, 1, 1;
    %set/v v0122B290_0, 0, 1;
    %delay 10000, 0;
    %set/v v0122D308_0, 1, 1;
    %set/v v0122D360_0, 0, 1;
    %set/v v0122B290_0, 0, 1;
    %delay 10000, 0;
    %set/v v0122D308_0, 1, 1;
    %set/v v0122D360_0, 1, 1;
    %set/v v0122B290_0, 0, 1;
    %delay 10000, 0;
    %set/v v0122D308_0, 0, 1;
    %set/v v0122D360_0, 0, 1;
    %set/v v0122B290_0, 1, 1;
    %delay 10000, 0;
    %set/v v0122D308_0, 0, 1;
    %set/v v0122D360_0, 1, 1;
    %set/v v0122B290_0, 1, 1;
    %delay 10000, 0;
    %set/v v0122D308_0, 1, 1;
    %set/v v0122D360_0, 0, 1;
    %set/v v0122B290_0, 1, 1;
    %delay 10000, 0;
    %set/v v0122D308_0, 1, 1;
    %set/v v0122D360_0, 1, 1;
    %set/v v0122B290_0, 1, 1;
    %delay 10000, 0;
    %vpi_call 2 31 "$display", "-------------";
    %set/v v0122D308_0, 2, 1;
    %set/v v0122D360_0, 3, 1;
    %set/v v0122B290_0, 1, 1;
    %delay 10000, 0;
    %set/v v0122D308_0, 2, 1;
    %set/v v0122D360_0, 3, 1;
    %set/v v0122B290_0, 0, 1;
    %delay 10000, 0;
    %set/v v0122D308_0, 1, 1;
    %set/v v0122D360_0, 0, 1;
    %set/v v0122B290_0, 3, 1;
    %delay 10000, 0;
    %set/v v0122D308_0, 1, 1;
    %set/v v0122D360_0, 0, 1;
    %set/v v0122B290_0, 2, 1;
    %delay 10000, 0;
    %vpi_call 2 36 "$display", "-------------";
    %vpi_call 2 37 "$finish";
    %end;
    .thread T_1;
# The file index is used to find the file name in the following table.
:file_names 4;
    "N/A";
    "<interactive>";
    "Mux_2X1_Tb.v";
    "./Mux_2X1.v";
