#! /c/iverilog/bin/vvp
:ivl_version "0.9.7 " "(v0_9_7)";
:vpi_time_precision + 0;
:vpi_module "system";
:vpi_module "v2005_math";
:vpi_module "va_math";
S_01108188 .scope module, "Decoder_2X4_Tb" "Decoder_2X4_Tb" 2 3;
 .timescale 0 0;
v011031B0_0 .var "A", 0 0;
v01108410_0 .var "B", 0 0;
v01108468_0 .var "En", 0 0;
v011084C0_0 .net "I", 0 3, v01103158_0; 1 drivers
S_01104358 .scope module, "dut" "Decoder_2X4" 2 8, 3 1, S_01108188;
 .timescale 0 0;
v011043E0_0 .net "A", 0 0, v011031B0_0; 1 drivers
v01104438_0 .net "B", 0 0, v01108410_0; 1 drivers
v01103100_0 .net "En", 0 0, v01108468_0; 1 drivers
v01103158_0 .var "I", 0 3;
E_01107D08 .event edge, v01103100_0, v011043E0_0, v01104438_0;
    .scope S_01104358;
T_0 ;
    %wait E_01107D08;
    %load/v 8, v01103100_0, 1;
    %mov 9, 0, 2;
    %cmpi/u 8, 1, 3;
    %jmp/0xz  T_0.0, 4;
    %set/v v01103158_0, 0, 4;
    %jmp T_0.1;
T_0.0 ;
    %load/v 8, v01104438_0, 1;
    %load/v 9, v011043E0_0, 1;
    %cmpi/u 8, 0, 2;
    %jmp/1 T_0.2, 6;
    %cmpi/u 8, 1, 2;
    %jmp/1 T_0.3, 6;
    %cmpi/u 8, 2, 2;
    %jmp/1 T_0.4, 6;
    %cmpi/u 8, 3, 2;
    %jmp/1 T_0.5, 6;
    %jmp T_0.6;
T_0.2 ;
    %movi 8, 8, 4;
    %set/v v01103158_0, 8, 4;
    %jmp T_0.6;
T_0.3 ;
    %movi 8, 4, 4;
    %set/v v01103158_0, 8, 4;
    %jmp T_0.6;
T_0.4 ;
    %movi 8, 2, 4;
    %set/v v01103158_0, 8, 4;
    %jmp T_0.6;
T_0.5 ;
    %movi 8, 1, 4;
    %set/v v01103158_0, 8, 4;
    %jmp T_0.6;
T_0.6 ;
T_0.1 ;
    %jmp T_0;
    .thread T_0, $push;
    .scope S_01108188;
T_1 ;
    %vpi_call 2 12 "$dumpfile", "Decoder_2X4.vcd";
    %vpi_call 2 13 "$dumpvars", 1'sb0, S_01108188;
    %end;
    .thread T_1;
    .scope S_01108188;
T_2 ;
    %vpi_call 2 19 "$display", "-------------------";
    %vpi_call 2 20 "$display", " EN| A | B ||   I";
    %vpi_call 2 21 "$display", "-------------------";
    %vpi_call 2 23 "$monitor", " %b | %b | %b || %b  ", v01108468_0, v011031B0_0, v01108410_0, v011084C0_0;
    %set/v v01108468_0, 1, 1;
    %set/v v011031B0_0, 0, 1;
    %set/v v01108410_0, 0, 1;
    %delay 10, 0;
    %set/v v011031B0_0, 0, 1;
    %set/v v01108410_0, 1, 1;
    %delay 10, 0;
    %set/v v01108468_0, 0, 1;
    %set/v v011031B0_0, 0, 1;
    %set/v v01108410_0, 0, 1;
    %delay 10, 0;
    %set/v v011031B0_0, 0, 1;
    %set/v v01108410_0, 1, 1;
    %delay 10, 0;
    %set/v v011031B0_0, 1, 1;
    %set/v v01108410_0, 0, 1;
    %delay 10, 0;
    %set/v v011031B0_0, 1, 1;
    %set/v v01108410_0, 1, 1;
    %delay 10, 0;
    %vpi_call 2 33 "$finish";
    %end;
    .thread T_2;
# The file index is used to find the file name in the following table.
:file_names 4;
    "N/A";
    "<interactive>";
    "Decoder_2X4_Tb.v";
    "./Decoder_2X4.v";
