#! /c/iverilog/bin/vvp
:ivl_version "0.9.7 " "(v0_9_7)";
:vpi_time_precision + 0;
:vpi_module "system";
:vpi_module "v2005_math";
:vpi_module "va_math";
S_01103F20 .scope module, "Demux_1X2_Tb" "Demux_1X2_Tb" 2 3;
 .timescale 0 0;
v011E16A8_0 .var "I", 0 0;
v011E1700_0 .var "S", 0 0;
v01103318_0 .net "Y0", 0 0, v011E15F8_0; 1 drivers
v01103370_0 .net "Y1", 0 0, v011E1650_0; 1 drivers
S_011E3FD8 .scope module, "dut" "Demux_1X2" 2 8, 3 1, S_01103F20;
 .timescale 0 0;
v011E4060_0 .net "I", 0 0, v011E16A8_0; 1 drivers
v011E40B8_0 .net "S", 0 0, v011E1700_0; 1 drivers
v011E15F8_0 .var "Y0", 0 0;
v011E1650_0 .var "Y1", 0 0;
E_010E1450 .event edge, v011E40B8_0, v011E4060_0;
    .scope S_011E3FD8;
T_0 ;
    %wait E_010E1450;
    %load/v 8, v011E40B8_0, 1;
    %mov 9, 0, 1;
    %cmpi/u 8, 0, 2;
    %jmp/0xz  T_0.0, 4;
    %load/v 8, v011E4060_0, 1;
    %set/v v011E15F8_0, 8, 1;
    %set/v v011E1650_0, 0, 1;
    %jmp T_0.1;
T_0.0 ;
    %load/v 8, v011E4060_0, 1;
    %set/v v011E1650_0, 8, 1;
    %set/v v011E15F8_0, 0, 1;
T_0.1 ;
    %jmp T_0;
    .thread T_0, $push;
    .scope S_01103F20;
T_1 ;
    %vpi_call 2 11 "$dumpfile", "Demux_1X2.vcd";
    %vpi_call 2 12 "$dumpvars", 1'sb0, S_01103F20;
    %end;
    .thread T_1;
    .scope S_01103F20;
T_2 ;
    %vpi_call 2 16 "$display", "\011\011\011\011", " time| I | S | Y1  Y0";
    %vpi_call 2 17 "$display", "\011\011\011\011", "-----------------------";
    %vpi_call 2 19 "$monitor", $time, " | %b | %b | %b   %b", v011E16A8_0, v011E1700_0, v01103370_0, v01103318_0;
    %set/v v011E16A8_0, 0, 1;
    %set/v v011E1700_0, 0, 1;
    %delay 10, 0;
    %set/v v011E16A8_0, 1, 1;
    %set/v v011E1700_0, 0, 1;
    %delay 10, 0;
    %set/v v011E16A8_0, 0, 1;
    %set/v v011E1700_0, 1, 1;
    %delay 10, 0;
    %set/v v011E16A8_0, 1, 1;
    %set/v v011E1700_0, 1, 1;
    %delay 10, 0;
    %vpi_call 2 24 "$finish";
    %end;
    .thread T_2;
# The file index is used to find the file name in the following table.
:file_names 4;
    "N/A";
    "<interactive>";
    "Demux_1X2_Tb.v";
    "./Demux_1X2.v";
