#! /c/iverilog/bin/vvp
:ivl_version "0.9.7 " "(v0_9_7)";
:vpi_time_precision + 0;
:vpi_module "system";
:vpi_module "v2005_math";
:vpi_module "va_math";
S_00AD4470 .scope module, "Encoder_4X2_Tb" "Encoder_4X2_Tb" 2 3;
 .timescale 0 0;
v00AD7CF8_0 .net "A0", 0 0, v00AD1708_0; 1 drivers
v00AD7D50_0 .net "A1", 0 0, v00AD1760_0; 1 drivers
v00AD7DA8_0 .var "D0", 0 0;
v00AD7E00_0 .var "D1", 0 0;
v00AD7E58_0 .var "D2", 0 0;
v00AD7EB0_0 .var "D3", 0 0;
S_00AD1680 .scope module, "dut" "Encoder_4X2" 2 8, 3 1, S_00AD4470;
 .timescale 0 0;
v00AD1708_0 .var "A0", 0 0;
v00AD1760_0 .var "A1", 0 0;
v00AD7988_0 .net "D0", 0 0, v00AD7DA8_0; 1 drivers
v00AD79E0_0 .net "D1", 0 0, v00AD7E00_0; 1 drivers
v00AD7A38_0 .net "D2", 0 0, v00AD7E58_0; 1 drivers
v00AD7A90_0 .net "D3", 0 0, v00AD7EB0_0; 1 drivers
E_009F3B00 .event edge, v00AD7988_0, v00AD79E0_0, v00AD7A38_0, v00AD7A90_0;
    .scope S_00AD1680;
T_0 ;
    %wait E_009F3B00;
    %load/v 8, v00AD7988_0, 1;
    %jmp/0xz  T_0.0, 8;
    %set/v v00AD1708_0, 0, 1;
    %set/v v00AD1760_0, 0, 1;
    %jmp T_0.1;
T_0.0 ;
    %load/v 8, v00AD79E0_0, 1;
    %jmp/0xz  T_0.2, 8;
    %movi 8, 1, 2;
    %set/v v00AD1708_0, 8, 1;
    %set/v v00AD1760_0, 9, 1;
    %jmp T_0.3;
T_0.2 ;
    %load/v 8, v00AD7A38_0, 1;
    %jmp/0xz  T_0.4, 8;
    %movi 8, 2, 2;
    %set/v v00AD1708_0, 8, 1;
    %set/v v00AD1760_0, 9, 1;
    %jmp T_0.5;
T_0.4 ;
    %load/v 8, v00AD7A90_0, 1;
    %jmp/0xz  T_0.6, 8;
    %set/v v00AD1708_0, 1, 1;
    %set/v v00AD1760_0, 1, 1;
    %jmp T_0.7;
T_0.6 ;
    %set/v v00AD1708_0, 0, 1;
    %set/v v00AD1760_0, 0, 1;
T_0.7 ;
T_0.5 ;
T_0.3 ;
T_0.1 ;
    %jmp T_0;
    .thread T_0, $push;
    .scope S_00AD4470;
T_1 ;
    %vpi_call 2 11 "$dumpfile", "Encoder_4X2.vcd";
    %vpi_call 2 12 "$dumpvars", 1'sb0, S_00AD4470;
    %end;
    .thread T_1;
    .scope S_00AD4470;
T_2 ;
    %vpi_call 2 18 "$display", "--------------------------";
    %vpi_call 2 19 "$display", " D3| D2| D1| D0|| A1| A0";
    %vpi_call 2 20 "$display", "--------------------------";
    %vpi_call 2 22 "$monitor", " %b | %b | %b | %b || %b | %b", v00AD7EB0_0, v00AD7E58_0, v00AD7E00_0, v00AD7DA8_0, v00AD7D50_0, v00AD7CF8_0;
    %movi 8, 1, 4;
    %set/v v00AD7DA8_0, 8, 1;
    %set/v v00AD7E00_0, 9, 1;
    %set/v v00AD7E58_0, 10, 1;
    %set/v v00AD7EB0_0, 11, 1;
    %delay 10, 0;
    %movi 8, 2, 4;
    %set/v v00AD7DA8_0, 8, 1;
    %set/v v00AD7E00_0, 9, 1;
    %set/v v00AD7E58_0, 10, 1;
    %set/v v00AD7EB0_0, 11, 1;
    %delay 10, 0;
    %movi 8, 4, 4;
    %set/v v00AD7DA8_0, 8, 1;
    %set/v v00AD7E00_0, 9, 1;
    %set/v v00AD7E58_0, 10, 1;
    %set/v v00AD7EB0_0, 11, 1;
    %delay 10, 0;
    %movi 8, 8, 4;
    %set/v v00AD7DA8_0, 8, 1;
    %set/v v00AD7E00_0, 9, 1;
    %set/v v00AD7E58_0, 10, 1;
    %set/v v00AD7EB0_0, 11, 1;
    %delay 10, 0;
    %vpi_call 2 28 "$finish";
    %end;
    .thread T_2;
# The file index is used to find the file name in the following table.
:file_names 4;
    "N/A";
    "<interactive>";
    "Encoder_4X2_Tb.v";
    "./Encoder_4x2.v";
