#! /c/iverilog/bin/vvp
:ivl_version "0.9.7 " "(v0_9_7)";
:vpi_time_precision + 0;
:vpi_module "system";
:vpi_module "v2005_math";
:vpi_module "va_math";
S_01189870 .scope module, "Decoder_2X4_Tb" "Decoder_2X4_Tb" 2 3;
 .timescale 0 0;
v0118DAF8_0 .var "A", 0 0;
v0118DB50_0 .var "B", 0 0;
RS_011C3FF4 .resolv tri, L_0118DA48, L_0118DC58, L_0118DD60, L_0118DC00;
v0118DCB0_0 .net8 "I", 0 3, RS_011C3FF4; 4 drivers
S_01189B18 .scope module, "dut" "Decoder_2X4" 2 8, 3 1, S_01189870;
 .timescale 0 0;
L_011C3A30 .functor NOT 1, v0118DAF8_0, C4<0>, C4<0>, C4<0>;
L_011C3AA0 .functor NOT 1, v0118DB50_0, C4<0>, C4<0>, C4<0>;
L_011884C0 .functor AND 1, L_011C3A30, L_011C3AA0, C4<1>, C4<1>;
L_011885A0 .functor NOT 1, v0118DAF8_0, C4<0>, C4<0>, C4<0>;
L_011885D8 .functor AND 1, L_011885A0, v0118DB50_0, C4<1>, C4<1>;
L_0118E308 .functor NOT 1, v0118DB50_0, C4<0>, C4<0>, C4<0>;
L_0118E1F0 .functor AND 1, v0118DAF8_0, L_0118E308, C4<1>, C4<1>;
L_0118E2D0 .functor AND 1, v0118DAF8_0, v0118DB50_0, C4<1>, C4<1>;
v01183F78_0 .net "A", 0 0, v0118DAF8_0; 1 drivers
v01183FD0_0 .net "B", 0 0, v0118DB50_0; 1 drivers
v01184028_0 .alias "I", 0 3, v0118DCB0_0;
v01181600_0 .net *"_s10", 0 0, L_011885A0; 1 drivers
v01181658_0 .net *"_s12", 0 0, L_011885D8; 1 drivers
v011816B0_0 .net *"_s16", 0 0, L_0118E308; 1 drivers
v01181708_0 .net *"_s18", 0 0, L_0118E1F0; 1 drivers
v011C3948_0 .net *"_s2", 0 0, L_011C3A30; 1 drivers
v011C39A0_0 .net *"_s22", 0 0, L_0118E2D0; 1 drivers
v0118DE10_0 .net *"_s4", 0 0, L_011C3AA0; 1 drivers
v0118DDB8_0 .net *"_s6", 0 0, L_011884C0; 1 drivers
L_0118DA48 .part/pv L_011884C0, 3, 1, 4;
L_0118DC58 .part/pv L_011885D8, 2, 1, 4;
L_0118DD60 .part/pv L_0118E1F0, 1, 1, 4;
L_0118DC00 .part/pv L_0118E2D0, 0, 1, 4;
    .scope S_01189870;
T_0 ;
    %vpi_call 2 11 "$dumpfile", "Decoder_2X4.vcd";
    %vpi_call 2 12 "$dumpvars", 1'sb0, S_01189870;
    %end;
    .thread T_0;
    .scope S_01189870;
T_1 ;
    %vpi_call 2 17 "$display", "---------------";
    %vpi_call 2 18 "$display", " A | B ||   I";
    %vpi_call 2 19 "$display", "---------------";
    %vpi_call 2 21 "$monitor", " %b | %b || %b  ", v0118DAF8_0, v0118DB50_0, v0118DCB0_0;
    %set/v v0118DAF8_0, 0, 1;
    %set/v v0118DB50_0, 0, 1;
    %delay 10, 0;
    %set/v v0118DAF8_0, 0, 1;
    %set/v v0118DB50_0, 1, 1;
    %delay 10, 0;
    %set/v v0118DAF8_0, 1, 1;
    %set/v v0118DB50_0, 0, 1;
    %delay 10, 0;
    %set/v v0118DAF8_0, 1, 1;
    %set/v v0118DB50_0, 1, 1;
    %delay 10, 0;
    %vpi_call 2 26 "$finish";
    %end;
    .thread T_1;
# The file index is used to find the file name in the following table.
:file_names 4;
    "N/A";
    "<interactive>";
    "Decoder_2X4_Tb.v";
    "./Decoder_2X4.v";
