#! /c/iverilog/bin/vvp
:ivl_version "0.9.7 " "(v0_9_7)";
:vpi_time_precision + 0;
:vpi_module "system";
:vpi_module "v2005_math";
:vpi_module "va_math";
S_012484D0 .scope module, "Priority_Encoder_4X2" "Priority_Encoder_4X2" 2 1;
 .timescale 0 0;
L_0124E338 .functor NOT 1, L_0124DEC8, C4<0>, C4<0>, C4<0>;
L_0124E590 .functor AND 1, L_0124DFD0, L_0124E338, C4<1>, C4<1>;
L_0124E4E8 .functor OR 1, L_0124E0D8, L_0124E188, C4<0>, C4<0>;
L_0124E5C8 .functor OR 1, L_0124DC08, L_0124E590, C4<0>, C4<0>;
L_0124E600 .functor OR 1, L_0124DCB8, L_0124E028, L_0124E130, L_0124DF20;
v01241500_0 .net "A0", 0 0, L_0124E4E8; 1 drivers
v01241558_0 .net "A1", 0 0, L_0124E5C8; 1 drivers
v012415B0_0 .net "I", 3 0, C4<zzzz>; 0 drivers
v0124D9D0_0 .net "V", 0 0, L_0124E600; 1 drivers
v0124DA28_0 .net *"_s1", 0 0, L_0124DEC8; 1 drivers
v0124DA80_0 .net *"_s11", 0 0, L_0124DCB8; 1 drivers
v0124DAD8_0 .net *"_s13", 0 0, L_0124E028; 1 drivers
v0124E238_0 .net *"_s15", 0 0, L_0124E130; 1 drivers
v0124DDC0_0 .net *"_s17", 0 0, L_0124DF20; 1 drivers
v0124E080_0 .net *"_s3", 0 0, L_0124DFD0; 1 drivers
v0124DE18_0 .net *"_s5", 0 0, L_0124E0D8; 1 drivers
v0124DD10_0 .net *"_s7", 0 0, L_0124E188; 1 drivers
v0124DBB0_0 .net *"_s9", 0 0, L_0124DC08; 1 drivers
v0124E290_0 .net "w0", 0 0, L_0124E338; 1 drivers
v0124DE70_0 .net "w1", 0 0, L_0124E590; 1 drivers
L_0124DEC8 .part C4<zzzz>, 2, 1;
L_0124DFD0 .part C4<zzzz>, 1, 1;
L_0124E0D8 .part C4<zzzz>, 2, 1;
L_0124E188 .part C4<zzzz>, 3, 1;
L_0124DC08 .part C4<zzzz>, 3, 1;
L_0124DCB8 .part C4<zzzz>, 0, 1;
L_0124E028 .part C4<zzzz>, 1, 1;
L_0124E130 .part C4<zzzz>, 2, 1;
L_0124DF20 .part C4<zzzz>, 3, 1;
# The file index is used to find the file name in the following table.
:file_names 3;
    "N/A";
    "<interactive>";
    "Priority_Encoder_4X2.v";
