#! /c/iverilog/bin/vvp
:ivl_version "0.9.7 " "(v0_9_7)";
:vpi_time_precision + 0;
:vpi_module "system";
:vpi_module "v2005_math";
:vpi_module "va_math";
S_01118478 .scope module, "Priority_Encoder_4X2_Tb" "Priority_Encoder_4X2_Tb" 2 3;
 .timescale 0 0;
v011751D8_0 .net "A0", 0 0, L_01118EB8; 1 drivers
v01175338_0 .net "A1", 0 0, L_01118DA8; 1 drivers
v011755F8_0 .var "I", 3 0;
v01175128_0 .net "V", 0 0, L_01175A58; 1 drivers
S_011183F0 .scope module, "dut" "Priority_Encoder_4X2" 2 8, 3 1, S_01118478;
 .timescale 0 0;
L_01111558 .functor NOT 1, L_01175230, C4<0>, C4<0>, C4<0>;
L_01111600 .functor AND 1, L_01175288, L_01111558, C4<1>, C4<1>;
L_01118DA8 .functor OR 1, L_01175548, L_011752E0, C4<0>, C4<0>;
L_01118EB8 .functor OR 1, L_011753E8, L_01111600, C4<0>, C4<0>;
L_01175A58 .functor OR 1, L_011755A0, L_01175650, L_011756A8, L_01175700;
v01114090_0 .alias "A0", 0 0, v011751D8_0;
v011140E8_0 .alias "A1", 0 0, v01175338_0;
v01114140_0 .net "I", 3 0, v011755F8_0; 1 drivers
v0111EED0_0 .alias "V", 0 0, v01175128_0;
v0111EF28_0 .net *"_s1", 0 0, L_01175230; 1 drivers
v0111EF80_0 .net *"_s11", 0 0, L_011755A0; 1 drivers
v01111500_0 .net *"_s13", 0 0, L_01175650; 1 drivers
v011750D0_0 .net *"_s15", 0 0, L_011756A8; 1 drivers
v01175390_0 .net *"_s17", 0 0, L_01175700; 1 drivers
v01175078_0 .net *"_s3", 0 0, L_01175288; 1 drivers
v01175440_0 .net *"_s5", 0 0, L_01175548; 1 drivers
v01175498_0 .net *"_s7", 0 0, L_011752E0; 1 drivers
v011754F0_0 .net *"_s9", 0 0, L_011753E8; 1 drivers
v01175020_0 .net "w0", 0 0, L_01111558; 1 drivers
v01175180_0 .net "w1", 0 0, L_01111600; 1 drivers
L_01175230 .part v011755F8_0, 2, 1;
L_01175288 .part v011755F8_0, 1, 1;
L_01175548 .part v011755F8_0, 2, 1;
L_011752E0 .part v011755F8_0, 3, 1;
L_011753E8 .part v011755F8_0, 3, 1;
L_011755A0 .part v011755F8_0, 0, 1;
L_01175650 .part v011755F8_0, 1, 1;
L_011756A8 .part v011755F8_0, 2, 1;
L_01175700 .part v011755F8_0, 3, 1;
    .scope S_01118478;
T_0 ;
    %vpi_call 2 11 "$monitor", $time, " I=%b, A1=%b, A0=%b, V=%b", v011755F8_0, v01175338_0, v011751D8_0, v01175128_0;
    %vpi_call 2 12 "$dumpfile", "Priority_Encoder_4X2.vcd";
    %vpi_call 2 13 "$dumpvars", 1'sb0, S_01118478;
    %end;
    .thread T_0;
    .scope S_01118478;
T_1 ;
    %set/v v011755F8_0, 0, 4;
    %delay 10, 0;
    %movi 8, 1, 4;
    %set/v v011755F8_0, 8, 4;
    %delay 10, 0;
    %movi 8, 2, 4;
    %set/v v011755F8_0, 8, 4;
    %delay 10, 0;
    %movi 8, 4, 4;
    %set/v v011755F8_0, 8, 4;
    %delay 10, 0;
    %movi 8, 8, 4;
    %set/v v011755F8_0, 8, 4;
    %delay 10, 0;
    %vpi_call 2 22 "$finish";
    %end;
    .thread T_1;
# The file index is used to find the file name in the following table.
:file_names 4;
    "N/A";
    "<interactive>";
    "Priority_Encoder_4X2_Tb.v";
    "./Priority_Encoder_4x2.v";
