#! /c/iverilog/bin/vvp
:ivl_version "0.9.7 " "(v0_9_7)";
:vpi_time_precision + 0;
:vpi_module "system";
:vpi_module "v2005_math";
:vpi_module "va_math";
S_01273F88 .scope module, "G_To_B_Tb" "G_To_B_Tb" 2 3;
 .timescale 0 0;
v01277D18_0 .var "I", 2 0;
RS_010F3FCC .resolv tri, L_01277DC8, L_01114E38, L_01115048, C4<zzz>;
v01277D70_0 .net8 "O", 2 0, RS_010F3FCC; 3 drivers
S_01274010 .scope module, "dut" "G_To_B" 2 8, 3 3, S_01273F88;
 .timescale 0 0;
L_01277EE8 .functor XOR 1, L_01114EE8, L_01115360, C4<0>, C4<0>;
L_011158F0 .functor XOR 1, L_01114F98, L_01114D30, C4<0>, C4<0>;
v01278EC0_0 .alias "B", 2 0, v01277D70_0;
v012716B8_0 .net "G", 2 0, v01277D18_0; 1 drivers
v01271710_0 .net *"_s10", 0 0, L_011158F0; 1 drivers
v01271768_0 .net *"_s13", 0 0, L_01114F98; 1 drivers
v012717C0_0 .net *"_s15", 0 0, L_01114D30; 1 drivers
v01277BB8_0 .net *"_s3", 0 0, L_01277E20; 1 drivers
v01277C10_0 .net *"_s4", 0 0, L_01277EE8; 1 drivers
v01277C68_0 .net *"_s7", 0 0, L_01114EE8; 1 drivers
v01277CC0_0 .net *"_s9", 0 0, L_01115360; 1 drivers
L_01277DC8 .part/pv L_01277E20, 2, 1, 3;
L_01277E20 .part v01277D18_0, 2, 1;
L_01114E38 .part/pv L_01277EE8, 1, 1, 3;
L_01114EE8 .part v01277D18_0, 2, 1;
L_01115360 .part v01277D18_0, 1, 1;
L_01115048 .part/pv L_011158F0, 0, 1, 3;
L_01114F98 .part RS_010F3FCC, 1, 1;
L_01114D30 .part v01277D18_0, 0, 1;
    .scope S_01273F88;
T_0 ;
    %vpi_call 2 11 "$dumpfile", "G_To_B.vcd";
    %vpi_call 2 12 "$dumpvars", 1'sb0, S_01273F88;
    %end;
    .thread T_0;
    .scope S_01273F88;
T_1 ;
    %vpi_call 2 18 "$display", "------------------------------";
    %vpi_call 2 19 "$display", " I2 | I1 | I0 || Y2 | Y1 | Y0";
    %vpi_call 2 20 "$display", "------------------------------";
    %vpi_call 2 22 "$monitor", "  %b |  %b |  %b ||  %b |  %b | %b ", &PV<v01277D18_0, 2, 1>, &PV<v01277D18_0, 1, 1>, &PV<v01277D18_0, 0, 1>, &PV<v01277D70_0, 2, 1>, &PV<v01277D70_0, 1, 1>, &PV<v01277D70_0, 0, 1>;
    %set/v v01277D18_0, 0, 3;
    %delay 10, 0;
    %movi 8, 1, 3;
    %set/v v01277D18_0, 8, 3;
    %delay 10, 0;
    %movi 8, 3, 3;
    %set/v v01277D18_0, 8, 3;
    %delay 10, 0;
    %movi 8, 2, 3;
    %set/v v01277D18_0, 8, 3;
    %delay 10, 0;
    %movi 8, 6, 3;
    %set/v v01277D18_0, 8, 3;
    %delay 10, 0;
    %set/v v01277D18_0, 1, 3;
    %delay 10, 0;
    %movi 8, 5, 3;
    %set/v v01277D18_0, 8, 3;
    %delay 10, 0;
    %movi 8, 4, 3;
    %set/v v01277D18_0, 8, 3;
    %delay 10, 0;
    %vpi_call 2 32 "$finish";
    %end;
    .thread T_1;
# The file index is used to find the file name in the following table.
:file_names 4;
    "N/A";
    "<interactive>";
    "G_To_B_Tb.v";
    "./G_To_B.v";
