#! /c/iverilog/bin/vvp
:ivl_version "0.9.7 " "(v0_9_7)";
:vpi_time_precision + 0;
:vpi_module "system";
:vpi_module "v2005_math";
:vpi_module "va_math";
S_011625D0 .scope module, "Decoder_3X8_Tb" "Decoder_3X8_Tb" 2 3;
 .timescale 0 0;
v00A1B7E0_0 .var "A", 0 0;
v00A1B838_0 .var "B", 0 0;
v00A1B890_0 .var "C", 0 0;
v00A18DF0_0 .net "I", 0 7, v00A1B788_0; 1 drivers
S_00A11600 .scope module, "dut" "Decoder_3X8" 2 8, 3 1, S_011625D0;
 .timescale 0 0;
v00A11688_0 .net "A", 0 0, v00A1B7E0_0; 1 drivers
v00A116E0_0 .net "B", 0 0, v00A1B838_0; 1 drivers
v00A1B730_0 .net "C", 0 0, v00A1B890_0; 1 drivers
v00A1B788_0 .var "I", 0 7;
E_00A1D738 .event edge, v00A11688_0, v00A116E0_0, v00A1B730_0;
    .scope S_00A11600;
T_0 ;
    %wait E_00A1D738;
    %load/v 8, v00A11688_0, 1;
    %mov 9, 0, 1;
    %cmpi/u 8, 0, 2;
    %mov 8, 4, 1;
    %load/v 9, v00A116E0_0, 1;
    %mov 10, 0, 1;
    %cmpi/u 9, 0, 2;
    %mov 9, 4, 1;
    %and 8, 9, 1;
    %load/v 9, v00A1B730_0, 1;
    %mov 10, 0, 1;
    %cmpi/u 9, 0, 2;
    %mov 9, 4, 1;
    %and 8, 9, 1;
    %jmp/0xz  T_0.0, 8;
    %movi 8, 128, 8;
    %set/v v00A1B788_0, 8, 8;
    %jmp T_0.1;
T_0.0 ;
    %load/v 8, v00A11688_0, 1;
    %mov 9, 0, 1;
    %cmpi/u 8, 0, 2;
    %mov 8, 4, 1;
    %load/v 9, v00A116E0_0, 1;
    %mov 10, 0, 1;
    %cmpi/u 9, 0, 2;
    %mov 9, 4, 1;
    %and 8, 9, 1;
    %load/v 9, v00A1B730_0, 1;
    %mov 10, 0, 2;
    %cmpi/u 9, 1, 3;
    %mov 9, 4, 1;
    %and 8, 9, 1;
    %jmp/0xz  T_0.2, 8;
    %movi 8, 64, 8;
    %set/v v00A1B788_0, 8, 8;
    %jmp T_0.3;
T_0.2 ;
    %load/v 8, v00A11688_0, 1;
    %mov 9, 0, 1;
    %cmpi/u 8, 0, 2;
    %mov 8, 4, 1;
    %load/v 9, v00A116E0_0, 1;
    %mov 10, 0, 2;
    %cmpi/u 9, 1, 3;
    %mov 9, 4, 1;
    %and 8, 9, 1;
    %load/v 9, v00A1B730_0, 1;
    %mov 10, 0, 1;
    %cmpi/u 9, 0, 2;
    %mov 9, 4, 1;
    %and 8, 9, 1;
    %jmp/0xz  T_0.4, 8;
    %movi 8, 32, 8;
    %set/v v00A1B788_0, 8, 8;
    %jmp T_0.5;
T_0.4 ;
    %load/v 8, v00A11688_0, 1;
    %mov 9, 0, 1;
    %cmpi/u 8, 0, 2;
    %mov 8, 4, 1;
    %load/v 9, v00A116E0_0, 1;
    %mov 10, 0, 2;
    %cmpi/u 9, 1, 3;
    %mov 9, 4, 1;
    %and 8, 9, 1;
    %load/v 9, v00A1B730_0, 1;
    %mov 10, 0, 2;
    %cmpi/u 9, 1, 3;
    %mov 9, 4, 1;
    %and 8, 9, 1;
    %jmp/0xz  T_0.6, 8;
    %movi 8, 16, 8;
    %set/v v00A1B788_0, 8, 8;
    %jmp T_0.7;
T_0.6 ;
    %load/v 8, v00A11688_0, 1;
    %mov 9, 0, 2;
    %cmpi/u 8, 1, 3;
    %mov 8, 4, 1;
    %load/v 9, v00A116E0_0, 1;
    %mov 10, 0, 1;
    %cmpi/u 9, 0, 2;
    %mov 9, 4, 1;
    %and 8, 9, 1;
    %load/v 9, v00A1B730_0, 1;
    %mov 10, 0, 1;
    %cmpi/u 9, 0, 2;
    %mov 9, 4, 1;
    %and 8, 9, 1;
    %jmp/0xz  T_0.8, 8;
    %movi 8, 8, 8;
    %set/v v00A1B788_0, 8, 8;
    %jmp T_0.9;
T_0.8 ;
    %load/v 8, v00A11688_0, 1;
    %mov 9, 0, 2;
    %cmpi/u 8, 1, 3;
    %mov 8, 4, 1;
    %load/v 9, v00A116E0_0, 1;
    %mov 10, 0, 1;
    %cmpi/u 9, 0, 2;
    %mov 9, 4, 1;
    %and 8, 9, 1;
    %load/v 9, v00A1B730_0, 1;
    %mov 10, 0, 2;
    %cmpi/u 9, 1, 3;
    %mov 9, 4, 1;
    %and 8, 9, 1;
    %jmp/0xz  T_0.10, 8;
    %movi 8, 4, 8;
    %set/v v00A1B788_0, 8, 8;
    %jmp T_0.11;
T_0.10 ;
    %load/v 8, v00A11688_0, 1;
    %mov 9, 0, 2;
    %cmpi/u 8, 1, 3;
    %mov 8, 4, 1;
    %load/v 9, v00A116E0_0, 1;
    %mov 10, 0, 2;
    %cmpi/u 9, 1, 3;
    %mov 9, 4, 1;
    %and 8, 9, 1;
    %load/v 9, v00A1B730_0, 1;
    %mov 10, 0, 1;
    %cmpi/u 9, 0, 2;
    %mov 9, 4, 1;
    %and 8, 9, 1;
    %jmp/0xz  T_0.12, 8;
    %movi 8, 2, 8;
    %set/v v00A1B788_0, 8, 8;
    %jmp T_0.13;
T_0.12 ;
    %movi 8, 1, 8;
    %set/v v00A1B788_0, 8, 8;
T_0.13 ;
T_0.11 ;
T_0.9 ;
T_0.7 ;
T_0.5 ;
T_0.3 ;
T_0.1 ;
    %jmp T_0;
    .thread T_0, $push;
    .scope S_011625D0;
T_1 ;
    %vpi_call 2 12 "$dumpfile", "Decoder_3X8.vcd";
    %vpi_call 2 13 "$dumpvars", 1'sb0, S_011625D0;
    %end;
    .thread T_1;
    .scope S_011625D0;
T_2 ;
    %vpi_call 2 19 "$display", "---------------------------";
    %vpi_call 2 20 "$display", " C | A | B ||  I[0:7]";
    %vpi_call 2 21 "$display", "---------------------------";
    %vpi_call 2 23 "$monitor", " %b | %b | %b || %b ", v00A1B890_0, v00A1B7E0_0, v00A1B838_0, v00A18DF0_0;
    %set/v v00A1B7E0_0, 0, 1;
    %set/v v00A1B838_0, 0, 1;
    %set/v v00A1B890_0, 0, 1;
    %delay 10, 0;
    %set/v v00A1B7E0_0, 0, 1;
    %set/v v00A1B838_0, 0, 1;
    %set/v v00A1B890_0, 1, 1;
    %delay 10, 0;
    %set/v v00A1B7E0_0, 0, 1;
    %set/v v00A1B838_0, 1, 1;
    %set/v v00A1B890_0, 0, 1;
    %delay 10, 0;
    %set/v v00A1B7E0_0, 0, 1;
    %set/v v00A1B838_0, 1, 1;
    %set/v v00A1B890_0, 1, 1;
    %delay 10, 0;
    %set/v v00A1B7E0_0, 1, 1;
    %set/v v00A1B838_0, 0, 1;
    %set/v v00A1B890_0, 0, 1;
    %delay 10, 0;
    %set/v v00A1B7E0_0, 1, 1;
    %set/v v00A1B838_0, 0, 1;
    %set/v v00A1B890_0, 1, 1;
    %delay 10, 0;
    %set/v v00A1B7E0_0, 1, 1;
    %set/v v00A1B838_0, 1, 1;
    %set/v v00A1B890_0, 0, 1;
    %delay 10, 0;
    %set/v v00A1B7E0_0, 1, 1;
    %set/v v00A1B838_0, 1, 1;
    %set/v v00A1B890_0, 1, 1;
    %delay 10, 0;
    %vpi_call 2 33 "$finish";
    %end;
    .thread T_2;
# The file index is used to find the file name in the following table.
:file_names 4;
    "N/A";
    "<interactive>";
    "Decoder_3X8_Tb.v";
    "./Decoder_3X8.v";
