#! /c/iverilog/bin/vvp
:ivl_version "0.9.7 " "(v0_9_7)";
:vpi_time_precision + 0;
:vpi_module "system";
:vpi_module "v2005_math";
:vpi_module "va_math";
S_012E8128 .scope module, "Encoder_8X3_Tb" "Encoder_8X3_Tb" 2 3;
 .timescale 0 0;
v0115FC38_0 .net "A0", 0 0, L_012EEAF8; 1 drivers
v0115FEF8_0 .net "A1", 0 0, L_012E9B98; 1 drivers
v0115FFA8_0 .net "A2", 0 0, L_012E44D0; 1 drivers
v0115FCE8_0 .var "I", 7 0;
S_012E8AB8 .scope module, "dut" "Encoder_8X3" 2 8, 3 2, S_012E8128;
 .timescale 0 0;
L_012E44D0 .functor OR 1, L_01160000, L_0115FA80, L_0115FF50, L_0115FB30;
L_012E9B98 .functor OR 1, L_0115FD98, L_0115FC90, L_0115F978, L_0115F8C8;
L_012EEAF8 .functor OR 1, L_0115FD40, L_0115F9D0, L_0115FDF0, L_0115FA28;
v011636C8_0 .alias "A0", 0 0, v0115FC38_0;
v012E43C8_0 .alias "A1", 0 0, v0115FEF8_0;
v012E4420_0 .alias "A2", 0 0, v0115FFA8_0;
v012E4478_0 .net "I", 7 0, v0115FCE8_0; 1 drivers
v012E3110_0 .net *"_s1", 0 0, L_01160000; 1 drivers
v012E3168_0 .net *"_s11", 0 0, L_0115FC90; 1 drivers
v012E31C0_0 .net *"_s13", 0 0, L_0115F978; 1 drivers
v012E92A8_0 .net *"_s15", 0 0, L_0115F8C8; 1 drivers
v012E9300_0 .net *"_s17", 0 0, L_0115FD40; 1 drivers
v012E9358_0 .net *"_s19", 0 0, L_0115F9D0; 1 drivers
v012E93B0_0 .net *"_s21", 0 0, L_0115FDF0; 1 drivers
v0115FEA0_0 .net *"_s23", 0 0, L_0115FA28; 1 drivers
v0115FE48_0 .net *"_s3", 0 0, L_0115FA80; 1 drivers
v0115FBE0_0 .net *"_s5", 0 0, L_0115FF50; 1 drivers
v0115FAD8_0 .net *"_s7", 0 0, L_0115FB30; 1 drivers
v0115F920_0 .net *"_s9", 0 0, L_0115FD98; 1 drivers
L_01160000 .part v0115FCE8_0, 4, 1;
L_0115FA80 .part v0115FCE8_0, 5, 1;
L_0115FF50 .part v0115FCE8_0, 6, 1;
L_0115FB30 .part v0115FCE8_0, 7, 1;
L_0115FD98 .part v0115FCE8_0, 2, 1;
L_0115FC90 .part v0115FCE8_0, 3, 1;
L_0115F978 .part v0115FCE8_0, 6, 1;
L_0115F8C8 .part v0115FCE8_0, 7, 1;
L_0115FD40 .part v0115FCE8_0, 1, 1;
L_0115F9D0 .part v0115FCE8_0, 3, 1;
L_0115FDF0 .part v0115FCE8_0, 5, 1;
L_0115FA28 .part v0115FCE8_0, 7, 1;
    .scope S_012E8128;
T_0 ;
    %vpi_call 2 11 "$dumpfile", "Encoder_8X3.vcd";
    %vpi_call 2 12 "$dumpvars", 1'sb0, S_012E8128;
    %end;
    .thread T_0;
    .scope S_012E8128;
T_1 ;
    %vpi_call 2 18 "$display", "--------------------------";
    %vpi_call 2 19 "$display", "    I     || A2| A1| A0";
    %vpi_call 2 20 "$display", "--------------------------";
    %vpi_call 2 22 "$monitor", " %b || %b | %b | %b", v0115FCE8_0, v0115FFA8_0, v0115FEF8_0, v0115FC38_0;
    %movi 8, 1, 8;
    %set/v v0115FCE8_0, 8, 8;
    %delay 10, 0;
    %movi 8, 2, 8;
    %set/v v0115FCE8_0, 8, 8;
    %delay 10, 0;
    %movi 8, 4, 8;
    %set/v v0115FCE8_0, 8, 8;
    %delay 10, 0;
    %movi 8, 8, 8;
    %set/v v0115FCE8_0, 8, 8;
    %delay 10, 0;
    %movi 8, 16, 8;
    %set/v v0115FCE8_0, 8, 8;
    %delay 10, 0;
    %movi 8, 32, 8;
    %set/v v0115FCE8_0, 8, 8;
    %delay 10, 0;
    %movi 8, 64, 8;
    %set/v v0115FCE8_0, 8, 8;
    %delay 10, 0;
    %movi 8, 128, 8;
    %set/v v0115FCE8_0, 8, 8;
    %delay 10, 0;
    %vpi_call 2 32 "$finish";
    %end;
    .thread T_1;
# The file index is used to find the file name in the following table.
:file_names 4;
    "N/A";
    "<interactive>";
    "Encoder_8X3_Tb.v";
    "./Encoder_8x3.v";
