#! /c/iverilog/bin/vvp
:ivl_version "0.9.7 " "(v0_9_7)";
:vpi_time_precision + 0;
:vpi_module "system";
:vpi_module "v2005_math";
:vpi_module "va_math";
S_0118D4F0 .scope module, "Mux_4X1_Tb" "Mux_4X1_Tb" 2 3;
 .timescale 0 0;
v011C0C20_0 .var "I0", 0 0;
v011C0858_0 .var "I1", 0 0;
v011C04E8_0 .var "I2", 0 0;
v011E6DA8_0 .var "I3", 0 0;
v011E7328_0 .var "S0", 0 0;
v011E6E00_0 .var "S1", 0 0;
v011E7698_0 .net "Y", 0 0, L_011E7D68; 1 drivers
S_0118D710 .scope module, "dut" "Mux_4X1" 2 8, 3 1, S_0118D4F0;
 .timescale 0 0;
L_011848B0 .functor NOT 1, v011E6E00_0, C4<0>, C4<0>, C4<0>;
L_01181630 .functor AND 1, v011C0C20_0, L_011848B0, C4<1>, C4<1>;
L_011816D8 .functor NOT 1, v011E7328_0, C4<0>, C4<0>, C4<0>;
L_011C1168 .functor AND 1, L_01181630, L_011816D8, C4<1>, C4<1>;
L_011C1440 .functor NOT 1, v011E6E00_0, C4<0>, C4<0>, C4<0>;
L_011C1210 .functor AND 1, v011C0858_0, L_011C1440, C4<1>, C4<1>;
L_011C12F0 .functor AND 1, L_011C1210, v011E7328_0, C4<1>, C4<1>;
L_011C13D0 .functor OR 1, L_011C1168, L_011C12F0, C4<0>, C4<0>;
L_011C1328 .functor AND 1, v011C04E8_0, v011E6E00_0, C4<1>, C4<1>;
L_011C1130 .functor NOT 1, v011E7328_0, C4<0>, C4<0>, C4<0>;
L_011C12B8 .functor AND 1, L_011C1328, L_011C1130, C4<1>, C4<1>;
L_011E7D30 .functor OR 1, L_011C13D0, L_011C12B8, C4<0>, C4<0>;
L_011E7EF0 .functor AND 1, v011E6DA8_0, v011E6E00_0, C4<1>, C4<1>;
L_011E8318 .functor AND 1, L_011E7EF0, v011E7328_0, C4<1>, C4<1>;
L_011E7D68 .functor OR 1, L_011E7D30, L_011E8318, C4<0>, C4<0>;
v011847A0_0 .net "I0", 0 0, v011C0C20_0; 1 drivers
v011847F8_0 .net "I1", 0 0, v011C0858_0; 1 drivers
v011C0AC0_0 .net "I2", 0 0, v011C04E8_0; 1 drivers
v011C0B18_0 .net "I3", 0 0, v011E6DA8_0; 1 drivers
v011C0598_0 .net "S0", 0 0, v011E7328_0; 1 drivers
v011C0908_0 .net "S1", 0 0, v011E6E00_0; 1 drivers
v011C08B0_0 .alias "Y", 0 0, v011E7698_0;
v011C0960_0 .net *"_s0", 0 0, L_011848B0; 1 drivers
v011C0B70_0 .net *"_s10", 0 0, L_011C1210; 1 drivers
v011C0A68_0 .net *"_s12", 0 0, L_011C12F0; 1 drivers
v011C0540_0 .net *"_s14", 0 0, L_011C13D0; 1 drivers
v011C09B8_0 .net *"_s16", 0 0, L_011C1328; 1 drivers
v011C05F0_0 .net *"_s18", 0 0, L_011C1130; 1 drivers
v011C0648_0 .net *"_s2", 0 0, L_01181630; 1 drivers
v011C0750_0 .net *"_s20", 0 0, L_011C12B8; 1 drivers
v011C06A0_0 .net *"_s22", 0 0, L_011E7D30; 1 drivers
v011C06F8_0 .net *"_s24", 0 0, L_011E7EF0; 1 drivers
v011C07A8_0 .net *"_s26", 0 0, L_011E8318; 1 drivers
v011C0800_0 .net *"_s4", 0 0, L_011816D8; 1 drivers
v011C0A10_0 .net *"_s6", 0 0, L_011C1168; 1 drivers
v011C0BC8_0 .net *"_s8", 0 0, L_011C1440; 1 drivers
    .scope S_0118D4F0;
T_0 ;
    %vpi_call 2 11 "$dumpfile", "Mux_4X1.vcd";
    %vpi_call 2 12 "$dumpvars", 1'sb0, S_0118D4F0;
    %end;
    .thread T_0;
    .scope S_0118D4F0;
T_1 ;
    %vpi_call 2 17 "$display", "-------------------";
    %vpi_call 2 18 "$display", "   I  | S1 | S0 | Y";
    %vpi_call 2 19 "$display", "-------------------";
    %vpi_call 2 20 "$monitor", " %b%b%b%b | %b  | %b  | %b", v011C0C20_0, v011C0858_0, v011C04E8_0, v011E6DA8_0, v011E6E00_0, v011E7328_0, v011E7698_0;
    %set/v v011C0C20_0, 0, 1;
    %set/v v011C0858_0, 1, 1;
    %set/v v011C04E8_0, 0, 1;
    %set/v v011E6DA8_0, 1, 1;
    %set/v v011E6E00_0, 0, 1;
    %set/v v011E7328_0, 0, 1;
    %delay 10, 0;
    %set/v v011E6E00_0, 0, 1;
    %set/v v011E7328_0, 1, 1;
    %delay 10, 0;
    %set/v v011E6E00_0, 1, 1;
    %set/v v011E7328_0, 0, 1;
    %delay 10, 0;
    %set/v v011E6E00_0, 1, 1;
    %set/v v011E7328_0, 1, 1;
    %delay 10, 0;
    %vpi_call 2 27 "$display", "-------------------";
    %set/v v011E6E00_0, 1, 1;
    %set/v v011E7328_0, 1, 1;
    %set/v v011C04E8_0, 2, 1;
    %delay 10, 0;
    %set/v v011E6E00_0, 1, 1;
    %set/v v011E7328_0, 1, 1;
    %set/v v011E6DA8_0, 2, 1;
    %delay 10, 0;
    %set/v v011E6E00_0, 2, 1;
    %set/v v011E7328_0, 1, 1;
    %delay 10, 0;
    %set/v v011E6E00_0, 2, 1;
    %set/v v011E7328_0, 3, 1;
    %delay 10, 0;
    %set/v v011E6E00_0, 1, 1;
    %set/v v011E7328_0, 3, 1;
    %delay 10, 0;
    %delay 10, 0;
    %vpi_call 2 34 "$display", "-------------------";
    %vpi_call 2 35 "$finish";
    %end;
    .thread T_1;
# The file index is used to find the file name in the following table.
:file_names 4;
    "N/A";
    "<interactive>";
    "Mux_4X1_Tb.v";
    "./Mux_4X1.v";
