#! /c/iverilog/bin/vvp
:ivl_version "0.9.7 " "(v0_9_7)";
:vpi_time_precision + 0;
:vpi_module "system";
:vpi_module "v2005_math";
:vpi_module "va_math";
S_009D2C38 .scope module, "XNOR_Gate" "XNOR_Gate" 2 1;
 .timescale 0 0;
v009D2CC0_0 .net "A", 0 0, C4<z>; 0 drivers
v009D3D98_0 .net "B", 0 0, C4<z>; 0 drivers
v009D3DF0_0 .var "F", 0 0;
E_009D4740 .event edge, v009D2CC0_0, v009D3D98_0;
    .scope S_009D2C38;
T_0 ;
    %wait E_009D4740;
    %load/v 8, v009D2CC0_0, 1;
    %jmp/0  T_0.0, 8;
    %load/v 9, v009D3D98_0, 1;
    %jmp/0  T_0.3, 9;
    %mov 10, 1, 1;
    %jmp/1  T_0.5, 9;
T_0.3 ; End of true expr.
    %jmp/0  T_0.4, 9;
 ; End of false expr.
    %blend  10, 0, 1; Condition unknown.
    %jmp  T_0.5;
T_0.4 ;
    %mov 10, 0, 1; Return false value
T_0.5 ;
    %jmp/1  T_0.2, 8;
T_0.0 ; End of true expr.
    %load/v 9, v009D3D98_0, 1;
    %jmp/0  T_0.6, 9;
    %mov 11, 0, 1;
    %jmp/1  T_0.8, 9;
T_0.6 ; End of true expr.
    %jmp/0  T_0.7, 9;
 ; End of false expr.
    %blend  11, 1, 1; Condition unknown.
    %jmp  T_0.8;
T_0.7 ;
    %mov 11, 1, 1; Return false value
T_0.8 ;
    %jmp/0  T_0.1, 8;
 ; End of false expr.
    %blend  10, 11, 1; Condition unknown.
    %jmp  T_0.2;
T_0.1 ;
    %mov 10, 11, 1; Return false value
T_0.2 ;
    %set/v v009D3DF0_0, 10, 1;
    %jmp T_0;
    .thread T_0, $push;
# The file index is used to find the file name in the following table.
:file_names 3;
    "N/A";
    "<interactive>";
    "XNOR_Gate.v";
