#! /c/iverilog/bin/vvp
:ivl_version "0.9.7 " "(v0_9_7)";
:vpi_time_precision + 0;
:vpi_module "system";
:vpi_module "v2005_math";
:vpi_module "va_math";
S_00EA7F10 .scope module, "XNOR_Tb" "XNOR_Tb" 2 2;
 .timescale 0 0;
v00EA3950_0 .var "A", 0 0;
v00EA39A8_0 .var "B", 0 0;
v00EA1608_0 .net "F", 0 0, v00EA38F8_0; 1 drivers
v00EA1660_0 .var/i "i", 31 0;
v00EA16B8_0 .var/i "j", 31 0;
v00EAED48_0 .var "val", 3 0;
S_00EA7938 .scope module, "DUT" "XNOR_Gate" 2 9, 3 1, S_00EA7F10;
 .timescale 0 0;
v00EE3350_0 .net "A", 0 0, v00EA3950_0; 1 drivers
v00EE33A8_0 .net "B", 0 0, v00EA39A8_0; 1 drivers
v00EA38F8_0 .var "F", 0 0;
E_00EA95B0 .event edge, v00EE3350_0, v00EE33A8_0;
    .scope S_00EA7938;
T_0 ;
    %wait E_00EA95B0;
    %load/v 8, v00EE3350_0, 1;
    %jmp/0  T_0.0, 8;
    %load/v 9, v00EE33A8_0, 1;
    %jmp/0  T_0.3, 9;
    %mov 10, 1, 1;
    %jmp/1  T_0.5, 9;
T_0.3 ; End of true expr.
    %jmp/0  T_0.4, 9;
 ; End of false expr.
    %blend  10, 0, 1; Condition unknown.
    %jmp  T_0.5;
T_0.4 ;
    %mov 10, 0, 1; Return false value
T_0.5 ;
    %jmp/1  T_0.2, 8;
T_0.0 ; End of true expr.
    %load/v 9, v00EE33A8_0, 1;
    %jmp/0  T_0.6, 9;
    %mov 11, 0, 1;
    %jmp/1  T_0.8, 9;
T_0.6 ; End of true expr.
    %jmp/0  T_0.7, 9;
 ; End of false expr.
    %blend  11, 1, 1; Condition unknown.
    %jmp  T_0.8;
T_0.7 ;
    %mov 11, 1, 1; Return false value
T_0.8 ;
    %jmp/0  T_0.1, 8;
 ; End of false expr.
    %blend  10, 11, 1; Condition unknown.
    %jmp  T_0.2;
T_0.1 ;
    %mov 10, 11, 1; Return false value
T_0.2 ;
    %set/v v00EA38F8_0, 10, 1;
    %jmp T_0;
    .thread T_0, $push;
    .scope S_00EA7F10;
T_1 ;
    %ix/load 0, 0, 0;
    %set/x0 v00EAED48_0, 0, 1;
    %ix/load 0, 1, 0;
    %set/x0 v00EAED48_0, 1, 1;
    %ix/load 0, 2, 0;
    %set/x0 v00EAED48_0, 2, 1;
    %ix/load 0, 3, 0;
    %set/x0 v00EAED48_0, 3, 1;
    %vpi_call 2 18 "$display", "XNOR|  0   1   x   z";
    %vpi_call 2 19 "$display", "--------------------";
    %set/v v00EA1660_0, 0, 32;
T_1.0 ;
    %load/v 8, v00EA1660_0, 32;
   %cmpi/s 8, 4, 32;
    %jmp/0xz T_1.1, 5;
    %ix/getv/s 1, v00EA1660_0;
    %jmp/1 T_1.2, 4;
    %load/x1p 8, v00EAED48_0, 1;
    %jmp T_1.3;
T_1.2 ;
    %mov 8, 2, 1;
T_1.3 ;
; Save base=8 wid=1 in lookaside.
    %set/v v00EA3950_0, 8, 1;
    %vpi_call 2 23 "$write", " %b  | ", v00EA3950_0;
    %set/v v00EA16B8_0, 0, 32;
T_1.4 ;
    %load/v 8, v00EA16B8_0, 32;
   %cmpi/s 8, 4, 32;
    %jmp/0xz T_1.5, 5;
    %ix/getv/s 1, v00EA16B8_0;
    %jmp/1 T_1.6, 4;
    %load/x1p 8, v00EAED48_0, 1;
    %jmp T_1.7;
T_1.6 ;
    %mov 8, 2, 1;
T_1.7 ;
; Save base=8 wid=1 in lookaside.
    %set/v v00EA39A8_0, 8, 1;
    %delay 1, 0;
    %vpi_call 2 26 "$write", " %b  ", v00EA1608_0;
    %ix/load 0, 1, 0;
    %load/vp0/s 8, v00EA16B8_0, 32;
    %set/v v00EA16B8_0, 8, 32;
    %jmp T_1.4;
T_1.5 ;
    %vpi_call 2 28 "$write", "\012";
    %ix/load 0, 1, 0;
    %load/vp0/s 8, v00EA1660_0, 32;
    %set/v v00EA1660_0, 8, 32;
    %jmp T_1.0;
T_1.1 ;
    %end;
    .thread T_1;
# The file index is used to find the file name in the following table.
:file_names 4;
    "N/A";
    "<interactive>";
    "XNOR_Tb.v";
    "./XNOR_Gate.v";
