#! /c/iverilog/bin/vvp
:ivl_version "0.9.7 " "(v0_9_7)";
:vpi_time_precision + 0;
:vpi_module "system";
:vpi_module "v2005_math";
:vpi_module "va_math";
S_011C9878 .scope module, "Priority_Encoder_4X2" "Priority_Encoder_4X2" 2 1;
 .timescale 0 0;
L_011CEF30 .functor OR 1, L_011CE9D8, L_011CE928, C4<0>, C4<0>;
L_011CEEF8 .functor NOT 1, L_011CED48, C4<0>, C4<0>, C4<0>;
L_01101960 .functor AND 1, L_011CE980, L_011CEEF8, C4<1>, C4<1>;
L_01101A08 .functor OR 1, L_011CEA88, L_01101960, C4<0>, C4<0>;
L_01101AB0 .functor OR 1, L_011CEA30, L_011CEC40, C4<0>, C4<0>;
L_011018C0 .functor OR 1, L_01101AB0, L_011CEDA0, C4<0>, C4<0>;
L_01101C90 .functor OR 1, L_011018C0, L_011CE7C8, C4<0>, C4<0>;
v011C4928_0 .net "A0", 0 0, L_01101A08; 1 drivers
v011C86A8_0 .net "A1", 0 0, L_011CEF30; 1 drivers
v011C1500_0 .net "I", 3 0, C4<zzzz>; 0 drivers
v011C1558_0 .net "V", 0 0, L_01101C90; 1 drivers
v011C15B0_0 .net *"_s1", 0 0, L_011CE9D8; 1 drivers
v011CE538_0 .net *"_s11", 0 0, L_011CED48; 1 drivers
v011CE590_0 .net *"_s12", 0 0, L_011CEEF8; 1 drivers
v011CE5E8_0 .net *"_s14", 0 0, L_01101960; 1 drivers
v011CE640_0 .net *"_s19", 0 0, L_011CEA30; 1 drivers
v011CE698_0 .net *"_s21", 0 0, L_011CEC40; 1 drivers
v011CE878_0 .net *"_s22", 0 0, L_01101AB0; 1 drivers
v011CEC98_0 .net *"_s25", 0 0, L_011CEDA0; 1 drivers
v011CEB38_0 .net *"_s26", 0 0, L_011018C0; 1 drivers
v011CEB90_0 .net *"_s29", 0 0, L_011CE7C8; 1 drivers
v011CEAE0_0 .net *"_s3", 0 0, L_011CE928; 1 drivers
v011CECF0_0 .net *"_s7", 0 0, L_011CEA88; 1 drivers
v011CEBE8_0 .net *"_s9", 0 0, L_011CE980; 1 drivers
L_011CE9D8 .part C4<zzzz>, 2, 1;
L_011CE928 .part C4<zzzz>, 3, 1;
L_011CEA88 .part C4<zzzz>, 3, 1;
L_011CE980 .part C4<zzzz>, 1, 1;
L_011CED48 .part C4<zzzz>, 2, 1;
L_011CEA30 .part C4<zzzz>, 0, 1;
L_011CEC40 .part C4<zzzz>, 1, 1;
L_011CEDA0 .part C4<zzzz>, 2, 1;
L_011CE7C8 .part C4<zzzz>, 3, 1;
# The file index is used to find the file name in the following table.
:file_names 3;
    "N/A";
    "<interactive>";
    "Priority_Encoder_4X2.v";
