#! /c/iverilog/bin/vvp
:ivl_version "0.9.7 " "(v0_9_7)";
:vpi_time_precision + 0;
:vpi_module "system";
:vpi_module "v2005_math";
:vpi_module "va_math";
S_011AD778 .scope module, "Decoder_3X8_Tb" "Decoder_3X8_Tb" 2 3;
 .timescale 0 0;
v011AB5F8_0 .var "A", 0 0;
v011AB650_0 .var "B", 0 0;
v01205150_0 .var "C", 0 0;
RS_011E405C .resolv tri, L_01204E38, L_01204D88, C4<zzzzzzzz>, C4<zzzzzzzz>;
v01204DE0_0 .net8 "I", 0 7, RS_011E405C; 2 drivers
S_011AD448 .scope module, "dut" "Decoder_3X8" 2 8, 3 3, S_011AD778;
 .timescale 0 0;
L_011A7E58 .functor NOT 1, v01205150_0, C4<0>, C4<0>, C4<0>;
v011A4358_0 .net "A", 0 0, v011AB5F8_0; 1 drivers
v011A15F8_0 .net "B", 0 0, v011AB650_0; 1 drivers
v011A1650_0 .net "C", 0 0, v01205150_0; 1 drivers
v011A16A8_0 .net "C_n", 0 0, L_011A7E58; 1 drivers
v011A1700_0 .alias "I", 0 7, v01204DE0_0;
L_01204E38 .part/pv v011A4300_0, 4, 4, 8;
L_01204D88 .part/pv v011A4B48_0, 0, 4, 8;
S_011AD1A0 .scope module, "D1" "Decoder_2X4" 3 11, 4 1, S_011AD448;
 .timescale 0 0;
v011A4BA0_0 .alias "A", 0 0, v011A4358_0;
v011A4BF8_0 .alias "B", 0 0, v011A15F8_0;
v011A42A8_0 .alias "En", 0 0, v011A1650_0;
v011A4300_0 .var "I", 0 3;
E_011AE620 .event edge, v011A42A8_0, v011A7B18_0, v011A7B70_0;
S_011ADB30 .scope module, "D2" "Decoder_2X4" 3 12, 4 1, S_011AD448;
 .timescale 0 0;
v011A7B18_0 .alias "A", 0 0, v011A4358_0;
v011A7B70_0 .alias "B", 0 0, v011A15F8_0;
v011A7BC8_0 .alias "En", 0 0, v011A16A8_0;
v011A4B48_0 .var "I", 0 3;
E_011AE5C0 .event edge, v011A7BC8_0, v011A7B18_0, v011A7B70_0;
    .scope S_011AD1A0;
T_0 ;
    %wait E_011AE620;
    %load/v 8, v011A42A8_0, 1;
    %mov 9, 0, 2;
    %cmpi/u 8, 1, 3;
    %jmp/0xz  T_0.0, 4;
    %set/v v011A4300_0, 0, 4;
    %jmp T_0.1;
T_0.0 ;
    %load/v 8, v011A4BF8_0, 1;
    %load/v 9, v011A4BA0_0, 1;
    %cmpi/u 8, 0, 2;
    %jmp/1 T_0.2, 6;
    %cmpi/u 8, 1, 2;
    %jmp/1 T_0.3, 6;
    %cmpi/u 8, 2, 2;
    %jmp/1 T_0.4, 6;
    %cmpi/u 8, 3, 2;
    %jmp/1 T_0.5, 6;
    %jmp T_0.6;
T_0.2 ;
    %movi 8, 8, 4;
    %set/v v011A4300_0, 8, 4;
    %jmp T_0.6;
T_0.3 ;
    %movi 8, 4, 4;
    %set/v v011A4300_0, 8, 4;
    %jmp T_0.6;
T_0.4 ;
    %movi 8, 2, 4;
    %set/v v011A4300_0, 8, 4;
    %jmp T_0.6;
T_0.5 ;
    %movi 8, 1, 4;
    %set/v v011A4300_0, 8, 4;
    %jmp T_0.6;
T_0.6 ;
T_0.1 ;
    %jmp T_0;
    .thread T_0, $push;
    .scope S_011ADB30;
T_1 ;
    %wait E_011AE5C0;
    %load/v 8, v011A7BC8_0, 1;
    %mov 9, 0, 2;
    %cmpi/u 8, 1, 3;
    %jmp/0xz  T_1.0, 4;
    %set/v v011A4B48_0, 0, 4;
    %jmp T_1.1;
T_1.0 ;
    %load/v 8, v011A7B70_0, 1;
    %load/v 9, v011A7B18_0, 1;
    %cmpi/u 8, 0, 2;
    %jmp/1 T_1.2, 6;
    %cmpi/u 8, 1, 2;
    %jmp/1 T_1.3, 6;
    %cmpi/u 8, 2, 2;
    %jmp/1 T_1.4, 6;
    %cmpi/u 8, 3, 2;
    %jmp/1 T_1.5, 6;
    %jmp T_1.6;
T_1.2 ;
    %movi 8, 8, 4;
    %set/v v011A4B48_0, 8, 4;
    %jmp T_1.6;
T_1.3 ;
    %movi 8, 4, 4;
    %set/v v011A4B48_0, 8, 4;
    %jmp T_1.6;
T_1.4 ;
    %movi 8, 2, 4;
    %set/v v011A4B48_0, 8, 4;
    %jmp T_1.6;
T_1.5 ;
    %movi 8, 1, 4;
    %set/v v011A4B48_0, 8, 4;
    %jmp T_1.6;
T_1.6 ;
T_1.1 ;
    %jmp T_1;
    .thread T_1, $push;
    .scope S_011AD778;
T_2 ;
    %vpi_call 2 11 "$dumpfile", "Decoder_3X8.vcd";
    %vpi_call 2 12 "$dumpvars", 1'sb0, S_011AD778;
    %end;
    .thread T_2;
    .scope S_011AD778;
T_3 ;
    %vpi_call 2 17 "$display", "---------------------------";
    %vpi_call 2 18 "$display", " C | A | B ||   I[0:7]";
    %vpi_call 2 19 "$display", "---------------------------";
    %vpi_call 2 21 "$monitor", " %b | %b | %b || %b ", v01205150_0, v011AB5F8_0, v011AB650_0, v01204DE0_0;
    %set/v v01205150_0, 0, 1;
    %set/v v011AB5F8_0, 0, 1;
    %set/v v011AB650_0, 0, 1;
    %delay 10, 0;
    %set/v v011AB5F8_0, 0, 1;
    %set/v v011AB650_0, 1, 1;
    %delay 10, 0;
    %set/v v011AB5F8_0, 1, 1;
    %set/v v011AB650_0, 0, 1;
    %delay 10, 0;
    %set/v v011AB5F8_0, 1, 1;
    %set/v v011AB650_0, 1, 1;
    %delay 10, 0;
    %set/v v01205150_0, 1, 1;
    %set/v v011AB5F8_0, 0, 1;
    %set/v v011AB650_0, 0, 1;
    %delay 10, 0;
    %set/v v011AB5F8_0, 0, 1;
    %set/v v011AB650_0, 1, 1;
    %delay 10, 0;
    %set/v v011AB5F8_0, 1, 1;
    %set/v v011AB650_0, 0, 1;
    %delay 10, 0;
    %set/v v011AB5F8_0, 1, 1;
    %set/v v011AB650_0, 1, 1;
    %delay 10, 0;
    %vpi_call 2 30 "$finish";
    %end;
    .thread T_3;
# The file index is used to find the file name in the following table.
:file_names 5;
    "N/A";
    "<interactive>";
    "Decoder_3X8_Tb.v";
    "./Decoder_3X8.v";
    "./Decoder_2X4.v";
