#! /c/iverilog/bin/vvp
:ivl_version "0.9.7 " "(v0_9_7)";
:vpi_time_precision + 0;
:vpi_module "system";
:vpi_module "v2005_math";
:vpi_module "va_math";
S_010E82A8 .scope module, "AND_Tb" "AND_Tb" 2 2;
 .timescale 0 0;
v010E4168_0 .var "A", 0 0;
v010E41C0_0 .var "B", 0 0;
v010E4218_0 .net "F", 0 0, v010E7968_0; 1 drivers
v010E15F0_0 .var/i "i", 31 0;
v010E1648_0 .var/i "j", 31 0;
v010E16A0_0 .var "val", 3 0;
S_010E8660 .scope module, "DUT" "AND_Gate" 2 9, 3 1, S_010E82A8;
 .timescale 0 0;
v01123F58_0 .net "A", 0 0, v010E4168_0; 1 drivers
v010E7910_0 .net "B", 0 0, v010E41C0_0; 1 drivers
v010E7968_0 .var "F", 0 0;
E_010E96C0 .event edge, v01123F58_0, v010E7910_0;
    .scope S_010E8660;
T_0 ;
    %wait E_010E96C0;
    %load/v 8, v01123F58_0, 1;
    %mov 9, 0, 2;
    %cmpi/u 8, 1, 3;
    %mov 8, 4, 1;
    %load/v 9, v010E7910_0, 1;
    %mov 10, 0, 2;
    %cmpi/u 9, 1, 3;
    %mov 9, 4, 1;
    %and 8, 9, 1;
    %jmp/0xz  T_0.0, 8;
    %set/v v010E7968_0, 1, 1;
    %jmp T_0.1;
T_0.0 ;
    %load/v 8, v01123F58_0, 1;
    %mov 9, 0, 1;
    %cmpi/u 8, 0, 2;
    %mov 8, 4, 1;
    %load/v 9, v010E7910_0, 1;
    %mov 10, 0, 1;
    %cmpi/u 9, 0, 2;
    %or 8, 4, 1;
    %jmp/0xz  T_0.2, 8;
    %set/v v010E7968_0, 0, 1;
    %jmp T_0.3;
T_0.2 ;
    %set/v v010E7968_0, 2, 1;
T_0.3 ;
T_0.1 ;
    %jmp T_0;
    .thread T_0, $push;
    .scope S_010E82A8;
T_1 ;
    %ix/load 0, 0, 0;
    %set/x0 v010E16A0_0, 0, 1;
    %ix/load 0, 1, 0;
    %set/x0 v010E16A0_0, 1, 1;
    %ix/load 0, 2, 0;
    %set/x0 v010E16A0_0, 2, 1;
    %ix/load 0, 3, 0;
    %set/x0 v010E16A0_0, 3, 1;
    %vpi_call 2 18 "$display", " AND |  0   1   x   z";
    %vpi_call 2 19 "$display", "--------------------";
    %set/v v010E15F0_0, 0, 32;
T_1.0 ;
    %load/v 8, v010E15F0_0, 32;
   %cmpi/s 8, 4, 32;
    %jmp/0xz T_1.1, 5;
    %ix/getv/s 1, v010E15F0_0;
    %jmp/1 T_1.2, 4;
    %load/x1p 8, v010E16A0_0, 1;
    %jmp T_1.3;
T_1.2 ;
    %mov 8, 2, 1;
T_1.3 ;
; Save base=8 wid=1 in lookaside.
    %set/v v010E4168_0, 8, 1;
    %vpi_call 2 23 "$write", " %b  | ", v010E4168_0;
    %set/v v010E1648_0, 0, 32;
T_1.4 ;
    %load/v 8, v010E1648_0, 32;
   %cmpi/s 8, 4, 32;
    %jmp/0xz T_1.5, 5;
    %ix/getv/s 1, v010E1648_0;
    %jmp/1 T_1.6, 4;
    %load/x1p 8, v010E16A0_0, 1;
    %jmp T_1.7;
T_1.6 ;
    %mov 8, 2, 1;
T_1.7 ;
; Save base=8 wid=1 in lookaside.
    %set/v v010E41C0_0, 8, 1;
    %delay 1, 0;
    %vpi_call 2 26 "$write", " %b  ", v010E4218_0;
    %ix/load 0, 1, 0;
    %load/vp0/s 8, v010E1648_0, 32;
    %set/v v010E1648_0, 8, 32;
    %jmp T_1.4;
T_1.5 ;
    %vpi_call 2 28 "$write", "\012";
    %ix/load 0, 1, 0;
    %load/vp0/s 8, v010E15F0_0, 32;
    %set/v v010E15F0_0, 8, 32;
    %jmp T_1.0;
T_1.1 ;
    %end;
    .thread T_1;
# The file index is used to find the file name in the following table.
:file_names 4;
    "N/A";
    "<interactive>";
    "AND_Tb.v";
    "./AND_Gate.v";
