#! /c/iverilog/bin/vvp
:ivl_version "0.9.7 " "(v0_9_7)";
:vpi_time_precision + 0;
:vpi_module "system";
:vpi_module "v2005_math";
:vpi_module "va_math";
S_01322C38 .scope module, "AND_Gate" "AND_Gate" 2 1;
 .timescale 0 0;
v01322CC0_0 .net "A", 0 0, C4<z>; 0 drivers
v01323C00_0 .net "B", 0 0, C4<z>; 0 drivers
v01323C58_0 .var "F", 0 0;
E_01324480 .event edge, v01322CC0_0, v01323C00_0;
    .scope S_01322C38;
T_0 ;
    %wait E_01324480;
    %load/v 8, v01322CC0_0, 1;
    %mov 9, 0, 2;
    %cmpi/u 8, 1, 3;
    %mov 8, 4, 1;
    %load/v 9, v01323C00_0, 1;
    %mov 10, 0, 2;
    %cmpi/u 9, 1, 3;
    %mov 9, 4, 1;
    %and 8, 9, 1;
    %jmp/0xz  T_0.0, 8;
    %set/v v01323C58_0, 1, 1;
    %jmp T_0.1;
T_0.0 ;
    %set/v v01323C58_0, 0, 1;
T_0.1 ;
    %jmp T_0;
    .thread T_0, $push;
# The file index is used to find the file name in the following table.
:file_names 3;
    "N/A";
    "<interactive>";
    "AND_Gate.v";
