#! /c/iverilog/bin/vvp
:ivl_version "0.9.7 " "(v0_9_7)";
:vpi_time_precision + 0;
:vpi_module "system";
:vpi_module "v2005_math";
:vpi_module "va_math";
S_010F2C98 .scope module, "Demux_1X2_Tb" "Demux_1X2_Tb" 2 3;
 .timescale 0 0;
v01273D70_0 .var "I", 0 0;
v0127ED60_0 .var "S", 0 0;
v0127EDB8_0 .net "Y0", 0 0, L_0127EED8; 1 drivers
v0127EE10_0 .net "Y1", 0 0, L_010F3738; 1 drivers
S_01271600 .scope module, "dut" "Demux_1X2" 2 8, 3 1, S_010F2C98;
 .timescale 0 0;
L_0127EE68 .functor NOT 1, v0127ED60_0, C4<0>, C4<0>, C4<0>;
L_0127EED8 .functor AND 1, v01273D70_0, L_0127EE68, C4<1>, C4<1>;
L_010F3738 .functor AND 1, v01273D70_0, v0127ED60_0, C4<1>, C4<1>;
v01271688_0 .net "I", 0 0, v01273D70_0; 1 drivers
v012716E0_0 .net "S", 0 0, v0127ED60_0; 1 drivers
v01273C68_0 .alias "Y0", 0 0, v0127EDB8_0;
v01273CC0_0 .alias "Y1", 0 0, v0127EE10_0;
v01273D18_0 .net *"_s0", 0 0, L_0127EE68; 1 drivers
    .scope S_010F2C98;
T_0 ;
    %vpi_call 2 11 "$dumpfile", "Demux_1X2.vcd";
    %vpi_call 2 12 "$dumpvars", 1'sb0, S_010F2C98;
    %end;
    .thread T_0;
    .scope S_010F2C98;
T_1 ;
    %vpi_call 2 16 "$display", "\011\011\011\011", " time| I | S | Y1  Y0";
    %vpi_call 2 17 "$display", "\011\011\011\011", "-----------------------";
    %vpi_call 2 19 "$monitor", $time, " | %b | %b | %b   %b", v01273D70_0, v0127ED60_0, v0127EE10_0, v0127EDB8_0;
    %set/v v01273D70_0, 0, 1;
    %set/v v0127ED60_0, 0, 1;
    %delay 10, 0;
    %set/v v01273D70_0, 1, 1;
    %set/v v0127ED60_0, 0, 1;
    %delay 10, 0;
    %set/v v01273D70_0, 0, 1;
    %set/v v0127ED60_0, 1, 1;
    %delay 10, 0;
    %set/v v01273D70_0, 1, 1;
    %set/v v0127ED60_0, 1, 1;
    %delay 10, 0;
    %vpi_call 2 24 "$finish";
    %end;
    .thread T_1;
# The file index is used to find the file name in the following table.
:file_names 4;
    "N/A";
    "<interactive>";
    "Demux_1X2_Tb.v";
    "./Demux_1X2.v";
