#! /c/iverilog/bin/vvp
:ivl_version "0.9.7 " "(v0_9_7)";
:vpi_time_precision + 0;
:vpi_module "system";
:vpi_module "v2005_math";
:vpi_module "va_math";
S_011FE588 .scope module, "Mux_4X1_Tb" "Mux_4X1_Tb" 2 3;
 .timescale 0 0;
v010F0668_0 .var "I0", 0 0;
v010F04B0_0 .var "I1", 0 0;
v010F01F0_0 .var "I2", 0 0;
v010F0560_0 .var "I3", 0 0;
v010F07C8_0 .var "S0", 0 0;
v010F02A0_0 .var "S1", 0 0;
v010F0140_0 .net "Y", 0 0, L_010F0C38; 1 drivers
S_011FE478 .scope module, "dut" "Mux_4X1" 2 8, 3 1, S_011FE588;
 .timescale 0 0;
L_011F4C80 .functor NOT 1, v010F07C8_0, C4<0>, C4<0>, C4<0>;
L_011F4CF0 .functor NOT 1, v010F02A0_0, C4<0>, C4<0>, C4<0>;
L_011F15F8 .functor AND 1, v010F0668_0, L_011F4CF0, L_011F4C80, C4<1>;
L_011F16D8 .functor AND 1, v010F04B0_0, L_011F4CF0, v010F07C8_0, C4<1>;
L_010F0B90 .functor AND 1, v010F01F0_0, v010F02A0_0, L_011F4C80, C4<1>;
L_010F0A08 .functor AND 1, v010F0560_0, v010F02A0_0, v010F07C8_0, C4<1>;
L_010F0C38 .functor OR 1, L_011F15F8, L_011F16D8, L_010F0B90, L_010F0A08;
v011FE7A8_0 .net "I0", 0 0, v010F0668_0; 1 drivers
v011FE800_0 .net "I1", 0 0, v010F04B0_0; 1 drivers
v011F4C28_0 .net "I2", 0 0, v010F01F0_0; 1 drivers
v010F0400_0 .net "I3", 0 0, v010F0560_0; 1 drivers
v010F0350_0 .net "S0", 0 0, v010F07C8_0; 1 drivers
v010F0718_0 .net "S0_n", 0 0, L_011F4C80; 1 drivers
v010F0248_0 .net "S1", 0 0, v010F02A0_0; 1 drivers
v010F02F8_0 .net "S1_n", 0 0, L_011F4CF0; 1 drivers
v010F0508_0 .alias "Y", 0 0, v010F0140_0;
v010F03A8_0 .net "w0", 0 0, L_011F15F8; 1 drivers
v010F0458_0 .net "w1", 0 0, L_011F16D8; 1 drivers
v010F0198_0 .net "w2", 0 0, L_010F0B90; 1 drivers
v010F00E8_0 .net "w3", 0 0, L_010F0A08; 1 drivers
    .scope S_011FE588;
T_0 ;
    %vpi_call 2 11 "$dumpfile", "Mux_4X1.vcd";
    %vpi_call 2 12 "$dumpvars", 1'sb0, S_011FE588;
    %end;
    .thread T_0;
    .scope S_011FE588;
T_1 ;
    %vpi_call 2 17 "$display", "-------------------";
    %vpi_call 2 18 "$display", "   I  | S1 | S0 | Y";
    %vpi_call 2 19 "$display", "-------------------";
    %vpi_call 2 20 "$monitor", " %b%b%b%b | %b  | %b  | %b", v010F0668_0, v010F04B0_0, v010F01F0_0, v010F0560_0, v010F02A0_0, v010F07C8_0, v010F0140_0;
    %set/v v010F0668_0, 0, 1;
    %set/v v010F04B0_0, 1, 1;
    %set/v v010F01F0_0, 0, 1;
    %set/v v010F0560_0, 1, 1;
    %set/v v010F02A0_0, 0, 1;
    %set/v v010F07C8_0, 0, 1;
    %delay 10, 0;
    %set/v v010F02A0_0, 0, 1;
    %set/v v010F07C8_0, 1, 1;
    %delay 10, 0;
    %set/v v010F02A0_0, 1, 1;
    %set/v v010F07C8_0, 0, 1;
    %delay 10, 0;
    %set/v v010F02A0_0, 1, 1;
    %set/v v010F07C8_0, 1, 1;
    %delay 10, 0;
    %vpi_call 2 27 "$display", "-------------------";
    %set/v v010F02A0_0, 1, 1;
    %set/v v010F07C8_0, 1, 1;
    %set/v v010F01F0_0, 2, 1;
    %delay 10, 0;
    %set/v v010F02A0_0, 1, 1;
    %set/v v010F07C8_0, 1, 1;
    %set/v v010F0560_0, 2, 1;
    %delay 10, 0;
    %set/v v010F02A0_0, 2, 1;
    %set/v v010F07C8_0, 1, 1;
    %delay 10, 0;
    %set/v v010F02A0_0, 2, 1;
    %set/v v010F07C8_0, 3, 1;
    %delay 10, 0;
    %set/v v010F02A0_0, 1, 1;
    %set/v v010F07C8_0, 3, 1;
    %delay 10, 0;
    %delay 10, 0;
    %vpi_call 2 34 "$display", "-------------------";
    %vpi_call 2 35 "$finish";
    %end;
    .thread T_1;
# The file index is used to find the file name in the following table.
:file_names 4;
    "N/A";
    "<interactive>";
    "Mux_4X1_Tb.v";
    "./Mux_4X1.v";
