#! /c/iverilog/bin/vvp
:ivl_version "0.9.7 " "(v0_9_7)";
:vpi_time_precision + 0;
:vpi_module "system";
:vpi_module "v2005_math";
:vpi_module "va_math";
S_010B2C70 .scope module, "NOT_Gate" "NOT_Gate" 2 1;
 .timescale 0 0;
v010B35F8_0 .net "A", 0 0, C4<z>; 0 drivers
v010B3C90_0 .var "F", 0 0;
E_010B4180 .event edge, v010B35F8_0;
    .scope S_010B2C70;
T_0 ;
    %wait E_010B4180;
    %load/v 8, v010B35F8_0, 1;
    %jmp/0  T_0.0, 8;
    %mov 9, 0, 1;
    %jmp/1  T_0.2, 8;
T_0.0 ; End of true expr.
    %jmp/0  T_0.1, 8;
 ; End of false expr.
    %blend  9, 1, 1; Condition unknown.
    %jmp  T_0.2;
T_0.1 ;
    %mov 9, 1, 1; Return false value
T_0.2 ;
    %set/v v010B3C90_0, 9, 1;
    %jmp T_0;
    .thread T_0, $push;
# The file index is used to find the file name in the following table.
:file_names 3;
    "N/A";
    "<interactive>";
    "NOT_Gate.v";
