#! /c/iverilog/bin/vvp
:ivl_version "0.9.7 " "(v0_9_7)";
:vpi_time_precision + 0;
:vpi_module "system";
:vpi_module "v2005_math";
:vpi_module "va_math";
S_010F8B50 .scope module, "Bcd_To_7Segment_Tb" "Bcd_To_7Segment_Tb" 2 3;
 .timescale 0 0;
v010FB788_0 .var "A", 0 0;
v010FB7E0_0 .var "B", 0 0;
v010FB838_0 .var "C", 0 0;
v010FB890_0 .var "D", 0 0;
v010FAE18_0 .net "a", 0 0, v010F1740_0; 1 drivers
v010FAE70_0 .net "b", 0 0, v010F1798_0; 1 drivers
v0115BEC0_0 .net "c", 0 0, v01122EF0_0; 1 drivers
v0115BF70_0 .net "d", 0 0, v01122F48_0; 1 drivers
v0115BDB8_0 .net "e", 0 0, v01122FA0_0; 1 drivers
v0115C288_0 .net "f", 0 0, v01122FF8_0; 1 drivers
v0115C230_0 .net "g", 0 0, v010FB730_0; 1 drivers
S_010F8E80 .scope module, "dut" "Bcd_To_7Segment" 2 8, 3 12, S_010F8B50;
 .timescale 0 0;
v01133398_0 .net "A", 0 0, v010FB788_0; 1 drivers
v011333F0_0 .net "B", 0 0, v010FB7E0_0; 1 drivers
v01133448_0 .net "C", 0 0, v010FB838_0; 1 drivers
v010F16E8_0 .net "D", 0 0, v010FB890_0; 1 drivers
v010F1740_0 .var "a", 0 0;
v010F1798_0 .var "b", 0 0;
v01122EF0_0 .var "c", 0 0;
v01122F48_0 .var "d", 0 0;
v01122FA0_0 .var "e", 0 0;
v01122FF8_0 .var "f", 0 0;
v010FB730_0 .var "g", 0 0;
E_010FACA0 .event edge, v01133398_0, v011333F0_0, v01133448_0, v010F16E8_0;
    .scope S_010F8E80;
T_0 ;
    %wait E_010FACA0;
    %load/v 8, v010F16E8_0, 1;
    %load/v 9, v01133448_0, 1;
    %load/v 10, v011333F0_0, 1;
    %load/v 11, v01133398_0, 1;
    %cmpi/u 8, 0, 4;
    %jmp/1 T_0.0, 6;
    %cmpi/u 8, 1, 4;
    %jmp/1 T_0.1, 6;
    %cmpi/u 8, 2, 4;
    %jmp/1 T_0.2, 6;
    %cmpi/u 8, 3, 4;
    %jmp/1 T_0.3, 6;
    %cmpi/u 8, 4, 4;
    %jmp/1 T_0.4, 6;
    %cmpi/u 8, 5, 4;
    %jmp/1 T_0.5, 6;
    %cmpi/u 8, 6, 4;
    %jmp/1 T_0.6, 6;
    %cmpi/u 8, 7, 4;
    %jmp/1 T_0.7, 6;
    %cmpi/u 8, 8, 4;
    %jmp/1 T_0.8, 6;
    %cmpi/u 8, 9, 4;
    %jmp/1 T_0.9, 6;
    %set/v v010FB730_0, 2, 1;
    %set/v v01122FF8_0, 2, 1;
    %set/v v01122FA0_0, 2, 1;
    %set/v v01122F48_0, 2, 1;
    %set/v v01122EF0_0, 2, 1;
    %set/v v010F1798_0, 2, 1;
    %set/v v010F1740_0, 2, 1;
    %jmp T_0.11;
T_0.0 ;
    %movi 8, 126, 7;
    %set/v v010FB730_0, 8, 1;
    %set/v v01122FF8_0, 9, 1;
    %set/v v01122FA0_0, 10, 1;
    %set/v v01122F48_0, 11, 1;
    %set/v v01122EF0_0, 12, 1;
    %set/v v010F1798_0, 13, 1;
    %set/v v010F1740_0, 14, 1;
    %jmp T_0.11;
T_0.1 ;
    %movi 8, 48, 7;
    %set/v v010FB730_0, 8, 1;
    %set/v v01122FF8_0, 9, 1;
    %set/v v01122FA0_0, 10, 1;
    %set/v v01122F48_0, 11, 1;
    %set/v v01122EF0_0, 12, 1;
    %set/v v010F1798_0, 13, 1;
    %set/v v010F1740_0, 14, 1;
    %jmp T_0.11;
T_0.2 ;
    %movi 8, 109, 7;
    %set/v v010FB730_0, 8, 1;
    %set/v v01122FF8_0, 9, 1;
    %set/v v01122FA0_0, 10, 1;
    %set/v v01122F48_0, 11, 1;
    %set/v v01122EF0_0, 12, 1;
    %set/v v010F1798_0, 13, 1;
    %set/v v010F1740_0, 14, 1;
    %jmp T_0.11;
T_0.3 ;
    %movi 8, 121, 7;
    %set/v v010FB730_0, 8, 1;
    %set/v v01122FF8_0, 9, 1;
    %set/v v01122FA0_0, 10, 1;
    %set/v v01122F48_0, 11, 1;
    %set/v v01122EF0_0, 12, 1;
    %set/v v010F1798_0, 13, 1;
    %set/v v010F1740_0, 14, 1;
    %jmp T_0.11;
T_0.4 ;
    %movi 8, 51, 7;
    %set/v v010FB730_0, 8, 1;
    %set/v v01122FF8_0, 9, 1;
    %set/v v01122FA0_0, 10, 1;
    %set/v v01122F48_0, 11, 1;
    %set/v v01122EF0_0, 12, 1;
    %set/v v010F1798_0, 13, 1;
    %set/v v010F1740_0, 14, 1;
    %jmp T_0.11;
T_0.5 ;
    %movi 8, 91, 7;
    %set/v v010FB730_0, 8, 1;
    %set/v v01122FF8_0, 9, 1;
    %set/v v01122FA0_0, 10, 1;
    %set/v v01122F48_0, 11, 1;
    %set/v v01122EF0_0, 12, 1;
    %set/v v010F1798_0, 13, 1;
    %set/v v010F1740_0, 14, 1;
    %jmp T_0.11;
T_0.6 ;
    %movi 8, 95, 7;
    %set/v v010FB730_0, 8, 1;
    %set/v v01122FF8_0, 9, 1;
    %set/v v01122FA0_0, 10, 1;
    %set/v v01122F48_0, 11, 1;
    %set/v v01122EF0_0, 12, 1;
    %set/v v010F1798_0, 13, 1;
    %set/v v010F1740_0, 14, 1;
    %jmp T_0.11;
T_0.7 ;
    %movi 8, 112, 7;
    %set/v v010FB730_0, 8, 1;
    %set/v v01122FF8_0, 9, 1;
    %set/v v01122FA0_0, 10, 1;
    %set/v v01122F48_0, 11, 1;
    %set/v v01122EF0_0, 12, 1;
    %set/v v010F1798_0, 13, 1;
    %set/v v010F1740_0, 14, 1;
    %jmp T_0.11;
T_0.8 ;
    %set/v v010FB730_0, 1, 1;
    %set/v v01122FF8_0, 1, 1;
    %set/v v01122FA0_0, 1, 1;
    %set/v v01122F48_0, 1, 1;
    %set/v v01122EF0_0, 1, 1;
    %set/v v010F1798_0, 1, 1;
    %set/v v010F1740_0, 1, 1;
    %jmp T_0.11;
T_0.9 ;
    %movi 8, 123, 7;
    %set/v v010FB730_0, 8, 1;
    %set/v v01122FF8_0, 9, 1;
    %set/v v01122FA0_0, 10, 1;
    %set/v v01122F48_0, 11, 1;
    %set/v v01122EF0_0, 12, 1;
    %set/v v010F1798_0, 13, 1;
    %set/v v010F1740_0, 14, 1;
    %jmp T_0.11;
T_0.11 ;
    %jmp T_0;
    .thread T_0, $push;
    .scope S_010F8B50;
T_1 ;
    %vpi_call 2 11 "$dumpfile", "Bcd_To_7Segment.vcd";
    %vpi_call 2 12 "$dumpvars", 1'sb0, S_010F8B50;
    %end;
    .thread T_1;
    .scope S_010F8B50;
T_2 ;
    %vpi_call 2 17 "$display", "---------------------------------------------";
    %vpi_call 2 18 "$display", " A | B | C | D || a | b | c | d | e | f | g ";
    %vpi_call 2 19 "$display", "---------------------------------------------";
    %vpi_call 2 21 "$monitor", " %b | %b | %b | %b || %b | %b | %b | %b | %b |  %b | %b  ", v010FB788_0, v010FB7E0_0, v010FB838_0, v010FB890_0, v010FAE18_0, v010FAE70_0, v0115BEC0_0, v0115BF70_0, v0115BDB8_0, v0115C288_0, v0115C230_0;
    %set/v v010FB890_0, 0, 1;
    %set/v v010FB838_0, 0, 1;
    %set/v v010FB7E0_0, 0, 1;
    %set/v v010FB788_0, 0, 1;
    %delay 10, 0;
    %movi 8, 1, 4;
    %set/v v010FB890_0, 8, 1;
    %set/v v010FB838_0, 9, 1;
    %set/v v010FB7E0_0, 10, 1;
    %set/v v010FB788_0, 11, 1;
    %delay 10, 0;
    %movi 8, 2, 4;
    %set/v v010FB890_0, 8, 1;
    %set/v v010FB838_0, 9, 1;
    %set/v v010FB7E0_0, 10, 1;
    %set/v v010FB788_0, 11, 1;
    %delay 10, 0;
    %movi 8, 3, 4;
    %set/v v010FB890_0, 8, 1;
    %set/v v010FB838_0, 9, 1;
    %set/v v010FB7E0_0, 10, 1;
    %set/v v010FB788_0, 11, 1;
    %delay 10, 0;
    %movi 8, 4, 4;
    %set/v v010FB890_0, 8, 1;
    %set/v v010FB838_0, 9, 1;
    %set/v v010FB7E0_0, 10, 1;
    %set/v v010FB788_0, 11, 1;
    %delay 10, 0;
    %movi 8, 5, 4;
    %set/v v010FB890_0, 8, 1;
    %set/v v010FB838_0, 9, 1;
    %set/v v010FB7E0_0, 10, 1;
    %set/v v010FB788_0, 11, 1;
    %delay 10, 0;
    %movi 8, 6, 4;
    %set/v v010FB890_0, 8, 1;
    %set/v v010FB838_0, 9, 1;
    %set/v v010FB7E0_0, 10, 1;
    %set/v v010FB788_0, 11, 1;
    %delay 10, 0;
    %movi 8, 7, 4;
    %set/v v010FB890_0, 8, 1;
    %set/v v010FB838_0, 9, 1;
    %set/v v010FB7E0_0, 10, 1;
    %set/v v010FB788_0, 11, 1;
    %delay 10, 0;
    %movi 8, 8, 4;
    %set/v v010FB890_0, 8, 1;
    %set/v v010FB838_0, 9, 1;
    %set/v v010FB7E0_0, 10, 1;
    %set/v v010FB788_0, 11, 1;
    %delay 10, 0;
    %movi 8, 9, 4;
    %set/v v010FB890_0, 8, 1;
    %set/v v010FB838_0, 9, 1;
    %set/v v010FB7E0_0, 10, 1;
    %set/v v010FB788_0, 11, 1;
    %delay 10, 0;
    %vpi_call 2 33 "$finish";
    %vpi_call 2 34 "$display", "---------------------------------------------";
    %end;
    .thread T_2;
# The file index is used to find the file name in the following table.
:file_names 4;
    "N/A";
    "<interactive>";
    "Bcd_To_7Segment_Tb.v";
    "./Bcd_To_7Segment.v";
