#! /c/iverilog/bin/vvp
:ivl_version "0.9.7 " "(v0_9_7)";
:vpi_time_precision + 0;
:vpi_module "system";
:vpi_module "v2005_math";
:vpi_module "va_math";
S_01241670 .scope module, "NOR_Gate" "NOR_Gate" 2 1;
 .timescale 0 0;
v012416F8_0 .net "A", 0 0, C4<z>; 0 drivers
v01244F90_0 .net "B", 0 0, C4<z>; 0 drivers
v01244FE8_0 .var "F", 0 0;
E_010E1450 .event edge, v012416F8_0, v01244F90_0;
    .scope S_01241670;
T_0 ;
    %wait E_010E1450;
    %load/v 8, v012416F8_0, 1;
    %mov 9, 0, 1;
    %cmpi/u 8, 0, 2;
    %mov 8, 4, 1;
    %load/v 9, v01244F90_0, 1;
    %mov 10, 0, 1;
    %cmpi/u 9, 0, 2;
    %mov 9, 4, 1;
    %and 8, 9, 1;
    %jmp/0xz  T_0.0, 8;
    %set/v v01244FE8_0, 1, 1;
    %jmp T_0.1;
T_0.0 ;
    %load/v 8, v012416F8_0, 1;
    %mov 9, 0, 2;
    %cmpi/u 8, 1, 3;
    %mov 8, 4, 1;
    %load/v 9, v01244F90_0, 1;
    %mov 10, 0, 2;
    %cmpi/u 9, 1, 3;
    %or 8, 4, 1;
    %jmp/0xz  T_0.2, 8;
    %set/v v01244FE8_0, 0, 1;
    %jmp T_0.3;
T_0.2 ;
    %set/v v01244FE8_0, 2, 1;
T_0.3 ;
T_0.1 ;
    %jmp T_0;
    .thread T_0, $push;
# The file index is used to find the file name in the following table.
:file_names 3;
    "N/A";
    "<interactive>";
    "NOR_Gate.v";
