#! /c/iverilog/bin/vvp
:ivl_version "0.9.7 " "(v0_9_7)";
:vpi_time_precision + 0;
:vpi_module "system";
:vpi_module "v2005_math";
:vpi_module "va_math";
S_013689D8 .scope module, "NOR_Tb" "NOR_Tb" 2 2;
 .timescale 0 0;
v01364168_0 .var "A", 0 0;
v013641C0_0 .var "B", 0 0;
v01364218_0 .net "F", 0 0, v01367968_0; 1 drivers
v013615F0_0 .var/i "i", 31 0;
v01361648_0 .var/i "j", 31 0;
v013616A0_0 .var "val", 3 0;
S_01368730 .scope module, "DUT" "NOR_Gate" 2 9, 3 1, S_013689D8;
 .timescale 0 0;
v01367B40_0 .net "A", 0 0, v01364168_0; 1 drivers
v01367910_0 .net "B", 0 0, v013641C0_0; 1 drivers
v01367968_0 .var "F", 0 0;
E_01369480 .event edge, v01367B40_0, v01367910_0;
    .scope S_01368730;
T_0 ;
    %wait E_01369480;
    %load/v 8, v01367B40_0, 1;
    %mov 9, 0, 1;
    %cmpi/u 8, 0, 2;
    %mov 8, 4, 1;
    %load/v 9, v01367910_0, 1;
    %mov 10, 0, 1;
    %cmpi/u 9, 0, 2;
    %mov 9, 4, 1;
    %and 8, 9, 1;
    %jmp/0xz  T_0.0, 8;
    %set/v v01367968_0, 1, 1;
    %jmp T_0.1;
T_0.0 ;
    %load/v 8, v01367B40_0, 1;
    %mov 9, 0, 2;
    %cmpi/u 8, 1, 3;
    %mov 8, 4, 1;
    %load/v 9, v01367910_0, 1;
    %mov 10, 0, 2;
    %cmpi/u 9, 1, 3;
    %or 8, 4, 1;
    %jmp/0xz  T_0.2, 8;
    %set/v v01367968_0, 0, 1;
    %jmp T_0.3;
T_0.2 ;
    %set/v v01367968_0, 2, 1;
T_0.3 ;
T_0.1 ;
    %jmp T_0;
    .thread T_0, $push;
    .scope S_013689D8;
T_1 ;
    %ix/load 0, 0, 0;
    %set/x0 v013616A0_0, 0, 1;
    %ix/load 0, 1, 0;
    %set/x0 v013616A0_0, 1, 1;
    %ix/load 0, 2, 0;
    %set/x0 v013616A0_0, 2, 1;
    %ix/load 0, 3, 0;
    %set/x0 v013616A0_0, 3, 1;
    %vpi_call 2 18 "$display", " NOR|  0   1   x   z";
    %vpi_call 2 19 "$display", "--------------------";
    %set/v v013615F0_0, 0, 32;
T_1.0 ;
    %load/v 8, v013615F0_0, 32;
   %cmpi/s 8, 4, 32;
    %jmp/0xz T_1.1, 5;
    %ix/getv/s 1, v013615F0_0;
    %jmp/1 T_1.2, 4;
    %load/x1p 8, v013616A0_0, 1;
    %jmp T_1.3;
T_1.2 ;
    %mov 8, 2, 1;
T_1.3 ;
; Save base=8 wid=1 in lookaside.
    %set/v v01364168_0, 8, 1;
    %vpi_call 2 23 "$write", " %b  | ", v01364168_0;
    %set/v v01361648_0, 0, 32;
T_1.4 ;
    %load/v 8, v01361648_0, 32;
   %cmpi/s 8, 4, 32;
    %jmp/0xz T_1.5, 5;
    %ix/getv/s 1, v01361648_0;
    %jmp/1 T_1.6, 4;
    %load/x1p 8, v013616A0_0, 1;
    %jmp T_1.7;
T_1.6 ;
    %mov 8, 2, 1;
T_1.7 ;
; Save base=8 wid=1 in lookaside.
    %set/v v013641C0_0, 8, 1;
    %delay 1, 0;
    %vpi_call 2 26 "$write", " %b  ", v01364218_0;
    %ix/load 0, 1, 0;
    %load/vp0/s 8, v01361648_0, 32;
    %set/v v01361648_0, 8, 32;
    %jmp T_1.4;
T_1.5 ;
    %vpi_call 2 28 "$write", "\012";
    %ix/load 0, 1, 0;
    %load/vp0/s 8, v013615F0_0, 32;
    %set/v v013615F0_0, 8, 32;
    %jmp T_1.0;
T_1.1 ;
    %end;
    .thread T_1;
# The file index is used to find the file name in the following table.
:file_names 4;
    "N/A";
    "<interactive>";
    "NOR_Tb.v";
    "./NOR_Gate.v";
