#! /c/iverilog/bin/vvp
:ivl_version "0.9.7 " "(v0_9_7)";
:vpi_time_precision - 12;
:vpi_module "system";
:vpi_module "v2005_math";
:vpi_module "va_math";
S_011BDD80 .scope module, "Full_Subtractor_Tb" "Full_Subtractor_Tb" 2 5;
 .timescale -9 -12;
v011B3E28_0 .var "A", 0 0;
v011B15F8_0 .var "B", 0 0;
v011B1650_0 .net "Borrow", 0 0, v011BEA58_0; 1 drivers
v011B16A8_0 .net "Diff", 0 0, v011B3DD0_0; 1 drivers
v011B1700_0 .var "Z", 0 0;
v011B91D0_0 .var/i "i", 31 0;
v011B9228_0 .var/i "j", 31 0;
v011B9280_0 .var/i "k", 31 0;
v011B92D8_0 .var "val", 3 0;
S_011BD698 .scope module, "SUB" "Full_Subtractor" 2 13, 3 1, S_011BDD80;
 .timescale -9 -12;
v011BE9A8_0 .net "A", 0 0, v011B3E28_0; 1 drivers
v011BEA00_0 .net "B", 0 0, v011B15F8_0; 1 drivers
v011BEA58_0 .var "Borrow", 0 0;
v011B3D78_0 .net "C", 0 0, v011B1700_0; 1 drivers
v011B3DD0_0 .var "Diff", 0 0;
E_011BE700 .event edge, v011BE9A8_0, v011BEA00_0, v011B3D78_0;
    .scope S_011BD698;
T_0 ;
    %wait E_011BE700;
    %load/v 8, v011BE9A8_0, 1;
    %load/v 9, v011BEA00_0, 1;
    %xor 8, 9, 1;
    %load/v 9, v011B3D78_0, 1;
    %xor 8, 9, 1;
    %set/v v011B3DD0_0, 8, 1;
    %load/v 8, v011BE9A8_0, 1;
    %inv 8, 1;
    %load/v 9, v011BEA00_0, 1;
    %and 8, 9, 1;
    %load/v 9, v011BE9A8_0, 1;
    %load/v 10, v011BEA00_0, 1;
    %xor 9, 10, 1;
    %inv 9, 1;
    %load/v 10, v011B3D78_0, 1;
    %and 9, 10, 1;
    %or 8, 9, 1;
    %set/v v011BEA58_0, 8, 1;
    %jmp T_0;
    .thread T_0, $push;
    .scope S_011BDD80;
T_1 ;
    %vpi_call 2 16 "$dumpfile", "Full_Subtractor.vcd";
    %vpi_call 2 17 "$dumpvars", 1'sb0, S_011BDD80;
    %end;
    .thread T_1;
    .scope S_011BDD80;
T_2 ;
    %ix/load 0, 0, 0;
    %set/x0 v011B92D8_0, 0, 1;
    %ix/load 0, 1, 0;
    %set/x0 v011B92D8_0, 1, 1;
    %ix/load 0, 2, 0;
    %set/x0 v011B92D8_0, 2, 1;
    %ix/load 0, 3, 0;
    %set/x0 v011B92D8_0, 3, 1;
    %vpi_call 2 26 "$display", "\011\011\011\011 ", "----------------------------------";
    %vpi_call 2 27 "$display", "\011\011\011\011  ", "time| A | B | Z |Diff | Borrow";
    %vpi_call 2 28 "$display", "\011\011\011\011 ", "----------------------------------";
    %set/v v011B91D0_0, 0, 32;
T_2.0 ;
    %load/v 8, v011B91D0_0, 32;
   %cmpi/s 8, 2, 32;
    %jmp/0xz T_2.1, 5;
    %ix/getv/s 1, v011B91D0_0;
    %jmp/1 T_2.2, 4;
    %load/x1p 8, v011B92D8_0, 1;
    %jmp T_2.3;
T_2.2 ;
    %mov 8, 2, 1;
T_2.3 ;
; Save base=8 wid=1 in lookaside.
    %set/v v011B3E28_0, 8, 1;
    %set/v v011B9228_0, 0, 32;
T_2.4 ;
    %load/v 8, v011B9228_0, 32;
   %cmpi/s 8, 2, 32;
    %jmp/0xz T_2.5, 5;
    %ix/getv/s 1, v011B9228_0;
    %jmp/1 T_2.6, 4;
    %load/x1p 8, v011B92D8_0, 1;
    %jmp T_2.7;
T_2.6 ;
    %mov 8, 2, 1;
T_2.7 ;
; Save base=8 wid=1 in lookaside.
    %set/v v011B15F8_0, 8, 1;
    %set/v v011B9280_0, 0, 32;
T_2.8 ;
    %load/v 8, v011B9280_0, 32;
   %cmpi/s 8, 2, 32;
    %jmp/0xz T_2.9, 5;
    %ix/getv/s 1, v011B9280_0;
    %jmp/1 T_2.10, 4;
    %load/x1p 8, v011B92D8_0, 1;
    %jmp T_2.11;
T_2.10 ;
    %mov 8, 2, 1;
T_2.11 ;
; Save base=8 wid=1 in lookaside.
    %set/v v011B1700_0, 8, 1;
    %delay 5000, 0;
    %vpi_call 2 36 "$write", $time, "  | %b | %b | %b |  %b  |  %b\012", v011B3E28_0, v011B15F8_0, v011B1700_0, v011B16A8_0, v011B1650_0;
    %ix/load 0, 1, 0;
    %load/vp0/s 8, v011B9280_0, 32;
    %set/v v011B9280_0, 8, 32;
    %jmp T_2.8;
T_2.9 ;
    %ix/load 0, 1, 0;
    %load/vp0/s 8, v011B9228_0, 32;
    %set/v v011B9228_0, 8, 32;
    %jmp T_2.4;
T_2.5 ;
    %ix/load 0, 1, 0;
    %load/vp0/s 8, v011B91D0_0, 32;
    %set/v v011B91D0_0, 8, 32;
    %jmp T_2.0;
T_2.1 ;
    %vpi_call 2 42 "$display", "\011\011\011\011 ", "------------------------------";
    %set/v v011B91D0_0, 0, 32;
T_2.12 ;
    %load/v 8, v011B91D0_0, 32;
   %cmpi/s 8, 2, 32;
    %jmp/0xz T_2.13, 5;
    %ix/getv/s 1, v011B91D0_0;
    %jmp/1 T_2.14, 4;
    %load/x1p 8, v011B92D8_0, 1;
    %jmp T_2.15;
T_2.14 ;
    %mov 8, 2, 1;
T_2.15 ;
; Save base=8 wid=1 in lookaside.
    %set/v v011B3E28_0, 8, 1;
    %movi 8, 2, 32;
    %set/v v011B9228_0, 8, 32;
T_2.16 ;
    %load/v 8, v011B9228_0, 32;
   %cmpi/s 8, 4, 32;
    %jmp/0xz T_2.17, 5;
    %ix/getv/s 1, v011B9228_0;
    %jmp/1 T_2.18, 4;
    %load/x1p 8, v011B92D8_0, 1;
    %jmp T_2.19;
T_2.18 ;
    %mov 8, 2, 1;
T_2.19 ;
; Save base=8 wid=1 in lookaside.
    %set/v v011B15F8_0, 8, 1;
    %set/v v011B9280_0, 0, 32;
T_2.20 ;
    %load/v 8, v011B9280_0, 32;
   %cmpi/s 8, 2, 32;
    %jmp/0xz T_2.21, 5;
    %ix/getv/s 1, v011B9280_0;
    %jmp/1 T_2.22, 4;
    %load/x1p 8, v011B92D8_0, 1;
    %jmp T_2.23;
T_2.22 ;
    %mov 8, 2, 1;
T_2.23 ;
; Save base=8 wid=1 in lookaside.
    %set/v v011B1700_0, 8, 1;
    %delay 5000, 0;
    %vpi_call 2 50 "$write", $time, "  | %b | %b | %b |  %b  |  %b\012", v011B3E28_0, v011B15F8_0, v011B1700_0, v011B16A8_0, v011B1650_0;
    %ix/load 0, 1, 0;
    %load/vp0/s 8, v011B9280_0, 32;
    %set/v v011B9280_0, 8, 32;
    %jmp T_2.20;
T_2.21 ;
    %ix/load 0, 1, 0;
    %load/vp0/s 8, v011B9228_0, 32;
    %set/v v011B9228_0, 8, 32;
    %jmp T_2.16;
T_2.17 ;
    %ix/load 0, 1, 0;
    %load/vp0/s 8, v011B91D0_0, 32;
    %set/v v011B91D0_0, 8, 32;
    %jmp T_2.12;
T_2.13 ;
    %delay 5000, 0;
    %vpi_call 2 55 "$finish";
    %end;
    .thread T_2;
# The file index is used to find the file name in the following table.
:file_names 4;
    "N/A";
    "<interactive>";
    "Full_Subtractor_Tb.v";
    "./Full_Subtractor.v";
