#! /c/iverilog/bin/vvp
:ivl_version "0.9.7 " "(v0_9_7)";
:vpi_time_precision + 0;
:vpi_module "system";
:vpi_module "v2005_math";
:vpi_module "va_math";
S_012416A0 .scope module, "Demux_1X2_Tb" "Demux_1X2_Tb" 2 3;
 .timescale 0 0;
v011132F0_0 .var "I", 0 0;
v01113348_0 .var "S", 0 0;
v011133A0_0 .net "Y0", 0 0, L_0124ED68; 1 drivers
v011133F8_0 .net "Y1", 0 0, L_0124EE48; 1 drivers
S_01243D38 .scope module, "dut" "Demux_1X2" 2 8, 3 1, S_012416A0;
 .timescale 0 0;
L_01243E70 .functor NOT 1, v01113348_0, C4<0>, C4<0>, C4<0>;
L_0124ED68 .functor AND 1, v011132F0_0, L_01243E70, C4<1>, C4<1>;
L_0124EE48 .functor AND 1, v011132F0_0, v01113348_0, C4<1>, C4<1>;
v01241728_0 .net "I", 0 0, v011132F0_0; 1 drivers
v01243DC0_0 .net "S", 0 0, v01113348_0; 1 drivers
v01243E18_0 .net "S_n", 0 0, L_01243E70; 1 drivers
v01113240_0 .alias "Y0", 0 0, v011133A0_0;
v01113298_0 .alias "Y1", 0 0, v011133F8_0;
    .scope S_012416A0;
T_0 ;
    %vpi_call 2 11 "$dumpfile", "Demux_1X2.vcd";
    %vpi_call 2 12 "$dumpvars", 1'sb0, S_012416A0;
    %end;
    .thread T_0;
    .scope S_012416A0;
T_1 ;
    %vpi_call 2 16 "$display", "\011\011\011\011", " time| I | S | Y1  Y0";
    %vpi_call 2 17 "$display", "\011\011\011\011", "-----------------------";
    %vpi_call 2 19 "$monitor", $time, " | %b | %b | %b   %b", v011132F0_0, v01113348_0, v011133F8_0, v011133A0_0;
    %set/v v011132F0_0, 0, 1;
    %set/v v01113348_0, 0, 1;
    %delay 10, 0;
    %set/v v011132F0_0, 1, 1;
    %set/v v01113348_0, 0, 1;
    %delay 10, 0;
    %set/v v011132F0_0, 0, 1;
    %set/v v01113348_0, 1, 1;
    %delay 10, 0;
    %set/v v011132F0_0, 1, 1;
    %set/v v01113348_0, 1, 1;
    %delay 10, 0;
    %vpi_call 2 24 "$finish";
    %end;
    .thread T_1;
# The file index is used to find the file name in the following table.
:file_names 4;
    "N/A";
    "<interactive>";
    "Demux_1X2_Tb.v";
    "./Demux_1X2.v";
