#! /c/iverilog/bin/vvp
:ivl_version "0.9.7 " "(v0_9_7)";
:vpi_time_precision + 0;
:vpi_module "system";
:vpi_module "v2005_math";
:vpi_module "va_math";
S_011C8708 .scope module, "NAND_Tb" "NAND_Tb" 2 2;
 .timescale 0 0;
v011C3770_0 .var "A", 0 0;
v011C37C8_0 .var "B", 0 0;
v011C1608_0 .net "F", 0 0, L_01202DC8; 1 drivers
v011C1660_0 .var/i "i", 31 0;
v011C16B8_0 .var/i "j", 31 0;
v01203478_0 .var "val", 3 0;
S_011C8818 .scope module, "DUT" "NAND_Gate" 2 9, 3 1, S_011C8708;
 .timescale 0 0;
L_01202DC8 .functor NAND 1, v011C3770_0, v011C37C8_0, C4<1>, C4<1>;
v01202D18_0 .net "A", 0 0, v011C3770_0; 1 drivers
v01202D70_0 .net "B", 0 0, v011C37C8_0; 1 drivers
v011C3718_0 .alias "F", 0 0, v011C1608_0;
    .scope S_011C8708;
T_0 ;
    %ix/load 0, 0, 0;
    %set/x0 v01203478_0, 0, 1;
    %ix/load 0, 1, 0;
    %set/x0 v01203478_0, 1, 1;
    %ix/load 0, 2, 0;
    %set/x0 v01203478_0, 2, 1;
    %ix/load 0, 3, 0;
    %set/x0 v01203478_0, 3, 1;
    %vpi_call 2 18 "$display", " NAND|  0   1   x   z";
    %vpi_call 2 19 "$display", "--------------------";
    %set/v v011C1660_0, 0, 32;
T_0.0 ;
    %load/v 8, v011C1660_0, 32;
   %cmpi/s 8, 4, 32;
    %jmp/0xz T_0.1, 5;
    %ix/getv/s 1, v011C1660_0;
    %jmp/1 T_0.2, 4;
    %load/x1p 8, v01203478_0, 1;
    %jmp T_0.3;
T_0.2 ;
    %mov 8, 2, 1;
T_0.3 ;
; Save base=8 wid=1 in lookaside.
    %set/v v011C3770_0, 8, 1;
    %vpi_call 2 23 "$write", " %b  | ", v011C3770_0;
    %set/v v011C16B8_0, 0, 32;
T_0.4 ;
    %load/v 8, v011C16B8_0, 32;
   %cmpi/s 8, 4, 32;
    %jmp/0xz T_0.5, 5;
    %ix/getv/s 1, v011C16B8_0;
    %jmp/1 T_0.6, 4;
    %load/x1p 8, v01203478_0, 1;
    %jmp T_0.7;
T_0.6 ;
    %mov 8, 2, 1;
T_0.7 ;
; Save base=8 wid=1 in lookaside.
    %set/v v011C37C8_0, 8, 1;
    %delay 1, 0;
    %vpi_call 2 26 "$write", " %b  ", v011C1608_0;
    %ix/load 0, 1, 0;
    %load/vp0/s 8, v011C16B8_0, 32;
    %set/v v011C16B8_0, 8, 32;
    %jmp T_0.4;
T_0.5 ;
    %vpi_call 2 28 "$write", "\012";
    %ix/load 0, 1, 0;
    %load/vp0/s 8, v011C1660_0, 32;
    %set/v v011C1660_0, 8, 32;
    %jmp T_0.0;
T_0.1 ;
    %end;
    .thread T_0;
# The file index is used to find the file name in the following table.
:file_names 4;
    "N/A";
    "<interactive>";
    "NAND_Tb.v";
    "./NAND_Gate.v";
