#! /c/iverilog/bin/vvp
:ivl_version "0.9.7 " "(v0_9_7)";
:vpi_time_precision + 0;
:vpi_module "system";
:vpi_module "v2005_math";
:vpi_module "va_math";
S_010F32A8 .scope module, "Bcd_To_7Segment_Tb" "Bcd_To_7Segment_Tb" 2 3;
 .timescale 0 0;
v01131650_0 .var "A", 0 0;
v01131AC8_0 .var "B", 0 0;
v01131B20_0 .var "C", 0 0;
v01131B78_0 .var "D", 0 0;
v01131758_0 .net "a", 0 0, L_01131F38; 1 drivers
v011318B8_0 .net "b", 0 0, L_011322B8; 1 drivers
v011319C0_0 .net "c", 0 0, L_01131E90; 1 drivers
v01131A18_0 .net "d", 0 0, L_011326D0; 1 drivers
v01131A70_0 .net "e", 0 0, L_01132A88; 1 drivers
v01131BD0_0 .net "f", 0 0, L_01133338; 1 drivers
v011317B0_0 .net "g", 0 0, L_01132FF0; 1 drivers
S_010F3550 .scope module, "dut" "Bcd_To_7Segment" 2 8, 3 12, S_010F32A8;
 .timescale 0 0;
L_011FD480 .functor OR 1, v01131650_0, v01131B20_0, C4<0>, C4<0>;
L_011FD3A0 .functor NOT 1, v01131AC8_0, C4<0>, C4<0>, C4<0>;
L_011FD410 .functor NOT 1, v01131B78_0, C4<0>, C4<0>, C4<0>;
L_011FD560 .functor AND 1, L_011FD3A0, L_011FD410, C4<1>, C4<1>;
L_01131D08 .functor OR 1, L_011FD480, L_011FD560, C4<0>, C4<0>;
L_01131F00 .functor AND 1, v01131AC8_0, v01131B78_0, C4<1>, C4<1>;
L_01131F38 .functor OR 1, L_01131D08, L_01131F00, C4<0>, C4<0>;
L_011321A0 .functor NOT 1, v01131AC8_0, C4<0>, C4<0>, C4<0>;
L_01131F70 .functor NOT 1, v01131B20_0, C4<0>, C4<0>, C4<0>;
L_01131C60 .functor NOT 1, v01131B78_0, C4<0>, C4<0>, C4<0>;
L_01132088 .functor AND 1, L_01131F70, L_01131C60, C4<1>, C4<1>;
L_01131EC8 .functor OR 1, L_011321A0, L_01132088, C4<0>, C4<0>;
L_01132248 .functor AND 1, v01131B20_0, v01131B78_0, C4<1>, C4<1>;
L_011322B8 .functor OR 1, L_01131EC8, L_01132248, C4<0>, C4<0>;
L_01131D78 .functor NOT 1, v01131B20_0, C4<0>, C4<0>, C4<0>;
L_01131E58 .functor OR 1, v01131AC8_0, L_01131D78, C4<0>, C4<0>;
L_01131E90 .functor OR 1, L_01131E58, v01131B78_0, C4<0>, C4<0>;
L_01132280 .functor NOT 1, v01131AC8_0, C4<0>, C4<0>, C4<0>;
L_01132130 .functor AND 1, L_01132280, v01131B20_0, C4<1>, C4<1>;
L_01132210 .functor OR 1, v01131650_0, L_01132130, C4<0>, C4<0>;
L_011323D0 .functor NOT 1, v01131AC8_0, C4<0>, C4<0>, C4<0>;
L_01132398 .functor NOT 1, v01131B78_0, C4<0>, C4<0>, C4<0>;
L_011FD4B8 .functor AND 1, L_011323D0, L_01132398, C4<1>, C4<1>;
L_01132708 .functor OR 1, L_01132210, L_011FD4B8, C4<0>, C4<0>;
L_01132510 .functor NOT 1, v01131B78_0, C4<0>, C4<0>, C4<0>;
L_011324A0 .functor AND 1, v01131B20_0, L_01132510, C4<1>, C4<1>;
L_01132890 .functor OR 1, L_01132708, L_011324A0, C4<0>, C4<0>;
L_01132548 .functor NOT 1, v01131B20_0, C4<0>, C4<0>, C4<0>;
L_01132A50 .functor AND 1, v01131AC8_0, L_01132548, C4<1>, C4<1>;
L_01132970 .functor AND 1, L_01132A50, v01131B78_0, C4<1>, C4<1>;
L_011326D0 .functor OR 1, L_01132890, L_01132970, C4<0>, C4<0>;
L_011329A8 .functor NOT 1, v01131AC8_0, C4<0>, C4<0>, C4<0>;
L_011329E0 .functor NOT 1, v01131B78_0, C4<0>, C4<0>, C4<0>;
L_011327B0 .functor AND 1, L_011329A8, L_011329E0, C4<1>, C4<1>;
L_011327E8 .functor NOT 1, v01131B78_0, C4<0>, C4<0>, C4<0>;
L_01132A18 .functor AND 1, v01131B20_0, L_011327E8, C4<1>, C4<1>;
L_01132A88 .functor OR 1, L_011327B0, L_01132A18, C4<0>, C4<0>;
L_01132858 .functor NOT 1, v01131B20_0, C4<0>, C4<0>, C4<0>;
L_01132938 .functor AND 1, v01131AC8_0, L_01132858, C4<1>, C4<1>;
L_01132BD8 .functor OR 1, v01131650_0, L_01132938, C4<0>, C4<0>;
L_011FD5D0 .functor NOT 1, v01131B78_0, C4<0>, C4<0>, C4<0>;
L_01132E68 .functor AND 1, v01131AC8_0, L_011FD5D0, C4<1>, C4<1>;
L_01133258 .functor OR 1, L_01132BD8, L_01132E68, C4<0>, C4<0>;
L_011331B0 .functor NOT 1, v01131B20_0, C4<0>, C4<0>, C4<0>;
L_01133220 .functor NOT 1, v01131B78_0, C4<0>, C4<0>, C4<0>;
L_01132D88 .functor AND 1, L_011331B0, L_01133220, C4<1>, C4<1>;
L_01133338 .functor OR 1, L_01133258, L_01132D88, C4<0>, C4<0>;
L_01133290 .functor NOT 1, v01131B20_0, C4<0>, C4<0>, C4<0>;
L_01132DC0 .functor AND 1, v01131AC8_0, L_01133290, C4<1>, C4<1>;
L_01132DF8 .functor OR 1, v01131650_0, L_01132DC0, C4<0>, C4<0>;
L_01132FB8 .functor NOT 1, v01131AC8_0, C4<0>, C4<0>, C4<0>;
L_01132EA0 .functor AND 1, L_01132FB8, v01131B20_0, C4<1>, C4<1>;
L_01132D50 .functor OR 1, L_01132DF8, L_01132EA0, C4<0>, C4<0>;
L_01132ED8 .functor NOT 1, v01131B78_0, C4<0>, C4<0>, C4<0>;
L_01132F10 .functor AND 1, v01131AC8_0, L_01132ED8, C4<1>, C4<1>;
L_01132FF0 .functor OR 1, L_01132D50, L_01132F10, C4<0>, C4<0>;
v010F4D48_0 .net "A", 0 0, v01131650_0; 1 drivers
v010F4DA0_0 .net "B", 0 0, v01131AC8_0; 1 drivers
v010F4E50_0 .net "C", 0 0, v01131B20_0; 1 drivers
v010F4B38_0 .net "D", 0 0, v01131B78_0; 1 drivers
v010F4820_0 .net *"_s0", 0 0, L_011FD480; 1 drivers
v010F4878_0 .net *"_s10", 0 0, L_01131F00; 1 drivers
v010F4F58_0 .net *"_s100", 0 0, L_01132FB8; 1 drivers
v010F48D0_0 .net *"_s102", 0 0, L_01132EA0; 1 drivers
v010F4928_0 .net *"_s104", 0 0, L_01132D50; 1 drivers
v010F4980_0 .net *"_s106", 0 0, L_01132ED8; 1 drivers
v010F4C40_0 .net *"_s108", 0 0, L_01132F10; 1 drivers
v010F49D8_0 .net *"_s14", 0 0, L_011321A0; 1 drivers
v010F4A30_0 .net *"_s16", 0 0, L_01131F70; 1 drivers
v010F4A88_0 .net *"_s18", 0 0, L_01131C60; 1 drivers
v010F4C98_0 .net *"_s2", 0 0, L_011FD3A0; 1 drivers
v010F51C0_0 .net *"_s20", 0 0, L_01132088; 1 drivers
v010F5168_0 .net *"_s22", 0 0, L_01131EC8; 1 drivers
v010F5428_0 .net *"_s24", 0 0, L_01132248; 1 drivers
v010F53D0_0 .net *"_s28", 0 0, L_01131D78; 1 drivers
v010F5110_0 .net *"_s30", 0 0, L_01131E58; 1 drivers
v010F5218_0 .net *"_s34", 0 0, L_01132280; 1 drivers
v010F5378_0 .net *"_s36", 0 0, L_01132130; 1 drivers
v010F5320_0 .net *"_s38", 0 0, L_01132210; 1 drivers
v010F4FB0_0 .net *"_s4", 0 0, L_011FD410; 1 drivers
v010F5008_0 .net *"_s40", 0 0, L_011323D0; 1 drivers
v010F5270_0 .net *"_s42", 0 0, L_01132398; 1 drivers
v010F52C8_0 .net *"_s44", 0 0, L_011FD4B8; 1 drivers
v010F5060_0 .net *"_s46", 0 0, L_01132708; 1 drivers
v010F50B8_0 .net *"_s48", 0 0, L_01132510; 1 drivers
v01130D08_0 .net *"_s50", 0 0, L_011324A0; 1 drivers
v01130F18_0 .net *"_s52", 0 0, L_01132890; 1 drivers
v011316A8_0 .net *"_s54", 0 0, L_01132548; 1 drivers
v01130CB0_0 .net *"_s56", 0 0, L_01132A50; 1 drivers
v01131700_0 .net *"_s58", 0 0, L_01132970; 1 drivers
v01131390_0 .net *"_s6", 0 0, L_011FD560; 1 drivers
v01131128_0 .net *"_s62", 0 0, L_011329A8; 1 drivers
v01130C58_0 .net *"_s64", 0 0, L_011329E0; 1 drivers
v01130E68_0 .net *"_s66", 0 0, L_011327B0; 1 drivers
v01130F70_0 .net *"_s68", 0 0, L_011327E8; 1 drivers
v011314F0_0 .net *"_s70", 0 0, L_01132A18; 1 drivers
v01130D60_0 .net *"_s74", 0 0, L_01132858; 1 drivers
v011312E0_0 .net *"_s76", 0 0, L_01132938; 1 drivers
v01131230_0 .net *"_s78", 0 0, L_01132BD8; 1 drivers
v011310D0_0 .net *"_s8", 0 0, L_01131D08; 1 drivers
v01130E10_0 .net *"_s80", 0 0, L_011FD5D0; 1 drivers
v01131548_0 .net *"_s82", 0 0, L_01132E68; 1 drivers
v01131180_0 .net *"_s84", 0 0, L_01133258; 1 drivers
v01130DB8_0 .net *"_s86", 0 0, L_011331B0; 1 drivers
v01131288_0 .net *"_s88", 0 0, L_01133220; 1 drivers
v01130EC0_0 .net *"_s90", 0 0, L_01132D88; 1 drivers
v011315A0_0 .net *"_s94", 0 0, L_01133290; 1 drivers
v01130FC8_0 .net *"_s96", 0 0, L_01132DC0; 1 drivers
v01131078_0 .net *"_s98", 0 0, L_01132DF8; 1 drivers
v011311D8_0 .alias "a", 0 0, v01131758_0;
v011315F8_0 .alias "b", 0 0, v011318B8_0;
v01131338_0 .alias "c", 0 0, v011319C0_0;
v011313E8_0 .alias "d", 0 0, v01131A18_0;
v01131440_0 .alias "e", 0 0, v01131A70_0;
v01131020_0 .alias "f", 0 0, v01131BD0_0;
v01131498_0 .alias "g", 0 0, v011317B0_0;
    .scope S_010F32A8;
T_0 ;
    %vpi_call 2 11 "$dumpfile", "Bcd_To_7Segment.vcd";
    %vpi_call 2 12 "$dumpvars", 1'sb0, S_010F32A8;
    %end;
    .thread T_0;
    .scope S_010F32A8;
T_1 ;
    %vpi_call 2 18 "$display", "---------------------------------------------";
    %vpi_call 2 19 "$display", " A | B | C | D || a | b | c | d | e | f | g ";
    %vpi_call 2 20 "$display", "---------------------------------------------";
    %vpi_call 2 22 "$monitor", " %b | %b | %b | %b || %b | %b | %b | %b | %b |  %b | %b  ", v01131650_0, v01131AC8_0, v01131B20_0, v01131B78_0, v01131758_0, v011318B8_0, v011319C0_0, v01131A18_0, v01131A70_0, v01131BD0_0, v011317B0_0;
    %set/v v01131B78_0, 0, 1;
    %set/v v01131B20_0, 0, 1;
    %set/v v01131AC8_0, 0, 1;
    %set/v v01131650_0, 0, 1;
    %delay 10, 0;
    %movi 8, 1, 4;
    %set/v v01131B78_0, 8, 1;
    %set/v v01131B20_0, 9, 1;
    %set/v v01131AC8_0, 10, 1;
    %set/v v01131650_0, 11, 1;
    %delay 10, 0;
    %movi 8, 2, 4;
    %set/v v01131B78_0, 8, 1;
    %set/v v01131B20_0, 9, 1;
    %set/v v01131AC8_0, 10, 1;
    %set/v v01131650_0, 11, 1;
    %delay 10, 0;
    %movi 8, 3, 4;
    %set/v v01131B78_0, 8, 1;
    %set/v v01131B20_0, 9, 1;
    %set/v v01131AC8_0, 10, 1;
    %set/v v01131650_0, 11, 1;
    %delay 10, 0;
    %movi 8, 4, 4;
    %set/v v01131B78_0, 8, 1;
    %set/v v01131B20_0, 9, 1;
    %set/v v01131AC8_0, 10, 1;
    %set/v v01131650_0, 11, 1;
    %delay 10, 0;
    %movi 8, 5, 4;
    %set/v v01131B78_0, 8, 1;
    %set/v v01131B20_0, 9, 1;
    %set/v v01131AC8_0, 10, 1;
    %set/v v01131650_0, 11, 1;
    %delay 10, 0;
    %movi 8, 6, 4;
    %set/v v01131B78_0, 8, 1;
    %set/v v01131B20_0, 9, 1;
    %set/v v01131AC8_0, 10, 1;
    %set/v v01131650_0, 11, 1;
    %delay 10, 0;
    %movi 8, 7, 4;
    %set/v v01131B78_0, 8, 1;
    %set/v v01131B20_0, 9, 1;
    %set/v v01131AC8_0, 10, 1;
    %set/v v01131650_0, 11, 1;
    %delay 10, 0;
    %movi 8, 8, 4;
    %set/v v01131B78_0, 8, 1;
    %set/v v01131B20_0, 9, 1;
    %set/v v01131AC8_0, 10, 1;
    %set/v v01131650_0, 11, 1;
    %delay 10, 0;
    %movi 8, 9, 4;
    %set/v v01131B78_0, 8, 1;
    %set/v v01131B20_0, 9, 1;
    %set/v v01131AC8_0, 10, 1;
    %set/v v01131650_0, 11, 1;
    %delay 10, 0;
    %vpi_call 2 34 "$display", "---------------------------------------------";
    %vpi_call 2 35 "$finish";
    %end;
    .thread T_1;
# The file index is used to find the file name in the following table.
:file_names 4;
    "N/A";
    "<interactive>";
    "Bcd_To_7Segment_Tb.v";
    "./Bcd_To_7Segment.v";
